D/AlarmManager(  753): setImpl() action = android.content.jobscheduler.JOB_DEADLINE_EXPIRED, component = null, type = 3, standalone=false, operation = PendingIntent{582e564: PendingIntentRecord{9f853cd android broadcastIntent}} tElapsed=15103385, maxElapsed=21072559, interval=0, when = 1519221006278, triggerTime = 2018-02-21 19:20:06
D/AlarmManager(  753): setImpl() action = android.content.jobscheduler.JOB_DEADLINE_EXPIRED, component = null, type = 3, standalone=false, operation = PendingIntent{582e564: PendingIntentRecord{9f853cd android broadcastIntent}} tElapsed=7378949, maxElapsed=7554763, interval=0, when = 1519213281842, triggerTime = 2018-02-21 17:11:21
D/AlarmManager(  753): setImpl() action = com.android.server.task.controllers.BatteryController.ACTION_CHARGING_STABLE, component = null, type = 2, standalone=false, operation = PendingIntent{3c5482dd: PendingIntentRecord{3c93e52 android broadcastIntent}} tElapsed=7264574, maxElapsed=7354574, interval=0, when = 1519213167467, triggerTime = 2018-02-21 17:09:27
D/AlarmManager(  753): setImpl() action = android.content.jobscheduler.JOB_DELAY_EXPIRED, component = null, type = 3, standalone=false, operation = PendingIntent{1dd93ef6: PendingIntentRecord{ef2f2f7 android broadcastIntent}} tElapsed=7195820, maxElapsed=7234222, interval=0, when = 1519213098713, triggerTime = 2018-02-21 17:08:18
D/BroadcastQueue(  753): Finished with ordered broadcast BroadcastRecord{26bd0f9 u0 android.content.jobscheduler.JOB_DELAY_EXPIRED}, [background], remain = 16
I/ActivityManager(  753): Start proc 14804:com.indusos.batterysaver/u0a125 for service com.indusos.batterysaver/com.evernote.android.job.v21.PlatformJobService
D/AlarmManager(  753): setImpl() action = android.content.jobscheduler.JOB_DELAY_EXPIRED, component = null, type = 3, standalone=false, operation = PendingIntent{1dd93ef6: PendingIntentRecord{ef2f2f7 android broadcastIntent}} tElapsed=7195820, maxElapsed=7234154, interval=0, when = 1519213098713, triggerTime = 2018-02-21 17:08:18
D/AlarmManager(  753): waitForAlarm result:4
D/AlarmManager(  753): triggerList.size = 0, hasWakeup = false
W/AlarmManager(  753): triggerList.size = 0, just continue!!!
D/BroadcastQueue(  753): Finished with ordered broadcast BroadcastRecord{119746d u0 android.content.jobscheduler.JOB_DELAY_EXPIRED}, [background], remain = 15
D/PowerManagerService(  753): acquireWakeLockInternal: lock=141314538, flags=0x1, tag="*job*/com.jiubang.fastestflashlight/com.jiubang.commerce.daemon.JobSchedulerService", ws=WorkSource{10122}, uid=1000, pid=753
D/PowerManagerService(  753): acquireWakeLockInternal: lock=698152155, flags=0x1, tag="*job*/com.jiubang.fastestflashlight/com.jiubang.commerce.daemon.JobSchedulerService", ws=WorkSource{10122}, uid=1000, pid=753
D/AlarmManager(  753): setImpl() action = android.content.jobscheduler.JOB_DELAY_EXPIRED, component = null, type = 3, standalone=false, operation = PendingIntent{1dd93ef6: PendingIntentRecord{ef2f2f7 android broadcastIntent}} tElapsed=7195820, maxElapsed=7234108, interval=0, when = 1519213098713, triggerTime = 2018-02-21 17:08:18
D/BroadcastQueue(  753): Finished with ordered broadcast BroadcastRecord{106fcee u0 android.content.jobscheduler.JOB_DELAY_EXPIRED}, [background], remain = 14
D/BroadcastQueue(  753): Finished with ordered broadcast BroadcastRecord{1e7d001c u0 com.google.android.gms.gcm.ACTION_SCHEDULE}, [background], remain = 13
W/ActivityManager(  753): getTasks: caller 10122 does not hold REAL_GET_TASKS; limiting output
D/BroadcastQueue(  753): Finished with ordered broadcast BroadcastRecord{5060523 u0 null}, [background], remain = 12
D/AlarmManager(  753): setImpl() action = android.content.jobscheduler.JOB_DELAY_EXPIRED, component = null, type = 3, standalone=false, operation = PendingIntent{1dd93ef6: PendingIntentRecord{ef2f2f7 android broadcastIntent}} tElapsed=7195820, maxElapsed=7234043, interval=0, when = 1519213098712, triggerTime = 2018-02-21 17:08:18
D/PowerManagerService(  753): acquireWakeLockInternal: lock=404725710, flags=0x1, tag="*net_scheduler*", ws=WorkSource{10043 com.google.android.gms}, uid=10043, pid=1323
D/BroadcastQueue(  753): Finished with ordered broadcast BroadcastRecord{8913fd9 u0 android.content.jobscheduler.JOB_DELAY_EXPIRED}, [background], remain = 11
D/PowerManagerService(  753): releaseWakeLockInternal: lock=141314538 [*job*/com.jiubang.fastestflashlight/com.jiubang.commerce.daemon.JobSchedulerService], flags=0x0
W/ResourcesManager(14804): Asset path '/system/framework/com.android.media.remotedisplay.jar' does not exist or contains no resources.
W/ResourcesManager(14804): Asset path '/system/framework/com.android.location.provider.jar' does not exist or contains no resources.
D/AlarmManager(  753): setImpl() action = android.content.jobscheduler.JOB_DELAY_EXPIRED, component = null, type = 3, standalone=false, operation = PendingIntent{1dd93ef6: PendingIntentRecord{ef2f2f7 android broadcastIntent}} tElapsed=7195820, maxElapsed=7233997, interval=0, when = 1519213098713, triggerTime = 2018-02-21 17:08:18
D/AlarmManager(  753): setImpl() action = android.content.jobscheduler.JOB_DEADLINE_EXPIRED, component = null, type = 3, standalone=false, operation = PendingIntent{582e564: PendingIntentRecord{9f853cd android broadcastIntent}} tElapsed=15103385, maxElapsed=21072126, interval=0, when = 1519221006278, triggerTime = 2018-02-21 19:20:06
W/ActivityManager(  753): getRunningAppProcesses: caller 10125 does not hold REAL_GET_TASKS; limiting output
D/AlarmManager(  753): setImpl() action = com.google.android.gms.gcm.ACTION_CHECK_QUEUE, component = ComponentInfo{com.google.android.gms/com.google.android.gms.gcm.nts.SchedulerInternalReceiver}, type = 2, standalone=false, operation = PendingIntent{2e41b2af: PendingIntentRecord{35036d69 com.google.android.gms broadcastIntent}} tElapsed=7157247, maxElapsed=7166387, interval=0, when = 1519213060140, triggerTime = 2018-02-21 17:07:40
D/AlarmManager(  753): setImpl() action = android.content.jobscheduler.JOB_DEADLINE_EXPIRED, component = null, type = 3, standalone=false, operation = PendingIntent{582e564: PendingIntentRecord{9f853cd android broadcastIntent}} tElapsed=7380138, maxElapsed=7556397, interval=0, when = 1519213283031, triggerTime = 2018-02-21 17:11:23
D/PowerManagerService(  753): releaseWakeLockInternal: lock=404725710 [*net_scheduler*], flags=0x0
D/AlarmManager(  753): setImpl() action = com.android.server.task.controllers.BatteryController.ACTION_CHARGING_STABLE, component = null, type = 2, standalone=false, operation = PendingIntent{3c5482dd: PendingIntentRecord{3c93e52 android broadcastIntent}} tElapsed=7265187, maxElapsed=7355187, interval=0, when = 1519213168080, triggerTime = 2018-02-21 17:09:28
D/PowerManagerService(  753): releaseWakeLockInternal: lock=698152155 [*job*/com.jiubang.fastestflashlight/com.jiubang.commerce.daemon.JobSchedulerService], flags=0x0
D/AlarmManager(  753): setImpl() action = android.content.jobscheduler.JOB_DELAY_EXPIRED, component = null, type = 3, standalone=false, operation = PendingIntent{1dd93ef6: PendingIntentRecord{ef2f2f7 android broadcastIntent}} tElapsed=7195820, maxElapsed=7233752, interval=0, when = 1519213098713, triggerTime = 2018-02-21 17:08:18
D/AlarmManager(  753): setImpl() action = android.content.jobscheduler.JOB_DEADLINE_EXPIRED, component = null, type = 3, standalone=false, operation = PendingIntent{582e564: PendingIntentRecord{9f853cd android broadcastIntent}} tElapsed=15103385, maxElapsed=21071947, interval=0, when = 1519221006278, triggerTime = 2018-02-21 19:20:06
D/AlarmManager(  753): setImpl() action = android.content.jobscheduler.JOB_DEADLINE_EXPIRED, component = null, type = 3, standalone=false, operation = PendingIntent{582e564: PendingIntentRecord{9f853cd android broadcastIntent}} tElapsed=7380146, maxElapsed=7556235, interval=0, when = 1519213283039, triggerTime = 2018-02-21 17:11:23
D/AlarmManager(  753): setImpl() action = com.android.server.task.controllers.BatteryController.ACTION_CHARGING_STABLE, component = null, type = 2, standalone=false, operation = PendingIntent{3c5482dd: PendingIntentRecord{3c93e52 android broadcastIntent}} tElapsed=7265422, maxElapsed=7355422, interval=0, when = 1519213168315, triggerTime = 2018-02-21 17:09:28
D/WifiService(  753): New client listening to asynchronous messages
D/AlarmManager(  753): setImpl() action = android.content.jobscheduler.JOB_DELAY_EXPIRED, component = null, type = 3, standalone=false, operation = PendingIntent{1dd93ef6: PendingIntentRecord{ef2f2f7 android broadcastIntent}} tElapsed=7195820, maxElapsed=7233576, interval=0, when = 1519213098712, triggerTime = 2018-02-21 17:08:18
D/BroadcastQueue(  753): Finished with ordered broadcast BroadcastRecord{1a72f6c8 u0 android.content.jobscheduler.JOB_DELAY_EXPIRED}, [background], remain = 10
D/PowerManagerService(  753): acquireWakeLockInternal: lock=5195943, flags=0x1, tag="*job*/com.jb.zcamera/com.jiubang.commerce.daemon.JobSchedulerService", ws=WorkSource{10100}, uid=1000, pid=753
D/PowerManagerService(  753): releaseWakeLockInternal: lock=5195943 [*job*/com.jb.zcamera/com.jiubang.commerce.daemon.JobSchedulerService], flags=0x0
D/AlarmManager(  753): setImpl() action = android.content.jobscheduler.JOB_DELAY_EXPIRED, component = null, type = 3, standalone=false, operation = PendingIntent{1dd93ef6: PendingIntentRecord{ef2f2f7 android broadcastIntent}} tElapsed=7195820, maxElapsed=7233395, interval=0, when = 1519213098713, triggerTime = 2018-02-21 17:08:18
W/ContextImpl( 3239): Calling a method in the system process without a qualified user: android.app.ContextImpl.startActivity:1244 android.content.ContextWrapper.startActivity:323 android.content.ContextWrapper.startActivity:323 com.sprd.settings.SprdUsbReceiver.recoverFunction:96 com.sprd.settings.SprdUsbReceiver.onReceive:55 
W/ContextImpl( 3239): Calling a method in the system process without a qualified user: android.app.ContextImpl.startActivity:1256 android.app.ContextImpl.startActivity:1245 android.content.ContextWrapper.startActivity:323 android.content.ContextWrapper.startActivity:323 com.sprd.settings.SprdUsbReceiver.recoverFunction:96 
I/ActivityManager(  753): START u0 {act=com.sprd.settings.APPLICATION_SPRD_USB_SETTINGS flg=0x10200000 cmp=com.android.settings/com.sprd.settings.SprdUsbSettings} from uid 1000 from pid 3239 on display 0
D/BarController.StatusBar(  753): setBarShowingLw state. show = true
D/AlarmManager(  753): setImpl() action = android.content.jobscheduler.JOB_DEADLINE_EXPIRED, component = null, type = 3, standalone=false, operation = PendingIntent{582e564: PendingIntentRecord{9f853cd android broadcastIntent}} tElapsed=15103385, maxElapsed=21071590, interval=0, when = 1519221006278, triggerTime = 2018-02-21 19:20:06
W/ActivityManager(  753): start activity with result = START_TASK_TO_FRONT, doResume = true
D/BroadcastQueue(  753): Finished with ordered broadcast BroadcastRecord{28caa59f u-1 android.hardware.usb.action.USB_STATE}, [background], remain = 9
D/AlarmManager(  753): setImpl() action = android.content.jobscheduler.JOB_DEADLINE_EXPIRED, component = null, type = 3, standalone=false, operation = PendingIntent{582e564: PendingIntentRecord{9f853cd android broadcastIntent}} tElapsed=7380908, maxElapsed=7557215, interval=0, when = 1519213283800, triggerTime = 2018-02-21 17:11:23
D/AlarmManager(  753): setImpl() action = com.android.server.task.controllers.BatteryController.ACTION_CHARGING_STABLE, component = null, type = 2, standalone=false, operation = PendingIntent{3c5482dd: PendingIntentRecord{3c93e52 android broadcastIntent}} tElapsed=7265877, maxElapsed=7355877, interval=0, when = 1519213168770, triggerTime = 2018-02-21 17:09:28
D/PowerManagerService(  753): acquireWakeLockInternal: lock=579323352, flags=0x1, tag="*job*/com.jiubang.fastestflashlight/com.jiubang.commerce.daemon.JobSchedulerService", ws=WorkSource{10122}, uid=1000, pid=753
D/PowerManagerService(  753): acquireWakeLockInternal: lock=791100721, flags=0x1, tag="*job*/com.jiubang.fastestflashlight/com.jiubang.commerce.daemon.JobSchedulerService", ws=WorkSource{10122}, uid=1000, pid=753
V/Activity( 3239): calling onResume for activity: com.android.settings
D/PowerManagerService(  753): releaseWakeLockInternal: lock=579323352 [*job*/com.jiubang.fastestflashlight/com.jiubang.commerce.daemon.JobSchedulerService], flags=0x0
D/AlarmManager(  753): setImpl() action = android.content.jobscheduler.JOB_DELAY_EXPIRED, component = null, type = 3, standalone=false, operation = PendingIntent{1dd93ef6: PendingIntentRecord{ef2f2f7 android broadcastIntent}} tElapsed=7195820, maxElapsed=7233212, interval=0, when = 1519213098713, triggerTime = 2018-02-21 17:08:18
D/AlarmManager(  753): setImpl() action = android.content.jobscheduler.JOB_DEADLINE_EXPIRED, component = null, type = 3, standalone=false, operation = PendingIntent{582e564: PendingIntentRecord{9f853cd android broadcastIntent}} tElapsed=15103385, maxElapsed=21071414, interval=0, when = 1519221006278, triggerTime = 2018-02-21 19:20:06
D/AlarmManager(  753): waitForAlarm result:12
D/AlarmManager(  753): setImpl() action = android.content.jobscheduler.JOB_DEADLINE_EXPIRED, component = null, type = 3, standalone=false, operation = PendingIntent{582e564: PendingIntentRecord{9f853cd android broadcastIntent}} tElapsed=7381805, maxElapsed=7558607, interval=0, when = 1519213284698, triggerTime = 2018-02-21 17:11:24
D/AlarmManager(  753): setImpl() action = com.android.server.task.controllers.BatteryController.ACTION_CHARGING_STABLE, component = null, type = 2, standalone=false, operation = PendingIntent{3c5482dd: PendingIntentRecord{3c93e52 android broadcastIntent}} tElapsed=7266108, maxElapsed=7356108, interval=0, when = 1519213169001, triggerTime = 2018-02-21 17:09:29
D/PowerManagerService(  753): acquireWakeLockInternal: lock=877712545, flags=0x1, tag="wake:com.indusos.batterysaver/com.evernote.android.job.JobRescheduleService", ws=null, uid=10125, pid=14804
D/AlarmManager(  753): triggerList.size = 2, hasWakeup = true
D/AlarmManager(  753): sending alarm.type = 0, action = null, cn = ComponentInfo{com.mofirst.launcher/com.redbricklane.zaprSdkBase.services.zaprProcess.Ariel}, operation = PendingIntent{7c14c01: PendingIntentRecord{2a012372 com.mofirst.launcher startService}}
D/PowerManagerService(  753): releaseWakeLockInternal: lock=791100721 [*job*/com.jiubang.fastestflashlight/com.jiubang.commerce.daemon.JobSchedulerService], flags=0x0
D/AlarmManager(  753): sending alarm.type = 1, action = null, cn = ComponentInfo{com.indusos.batterysaver/com.avast.android.batterysaver.scanner.traffic.NetworkTrafficScannerService}, operation = PendingIntent{1931cf4a: PendingIntentRecord{7b750cb com.indusos.batterysaver startService}}
D/AlarmManager(  753): waitForAlarm result:4
D/AlarmManager(  753): setImpl() action = android.content.jobscheduler.JOB_DELAY_EXPIRED, component = null, type = 3, standalone=false, operation = PendingIntent{1dd93ef6: PendingIntentRecord{ef2f2f7 android broadcastIntent}} tElapsed=7195820, maxElapsed=7233061, interval=0, when = 1519213098713, triggerTime = 2018-02-21 17:08:18
D/AlarmManager(  753): triggerList.size = 0, hasWakeup = false
W/AlarmManager(  753): triggerList.size = 0, just continue!!!
D/AlarmManager(  753): setImpl() action = android.content.jobscheduler.JOB_DEADLINE_EXPIRED, component = null, type = 3, standalone=false, operation = PendingIntent{582e564: PendingIntentRecord{9f853cd android broadcastIntent}} tElapsed=15103385, maxElapsed=21071256, interval=0, when = 1519221006277, triggerTime = 2018-02-21 19:20:06
D/AlarmManager(  753): setImpl() action = android.content.jobscheduler.JOB_DEADLINE_EXPIRED, component = null, type = 3, standalone=false, operation = PendingIntent{582e564: PendingIntentRecord{9f853cd android broadcastIntent}} tElapsed=7381722, maxElapsed=7558302, interval=0, when = 1519213284615, triggerTime = 2018-02-21 17:11:24
D/AlarmManager(  753): setImpl() action = com.android.server.task.controllers.BatteryController.ACTION_CHARGING_STABLE, component = null, type = 2, standalone=false, operation = PendingIntent{3c5482dd: PendingIntentRecord{3c93e52 android broadcastIntent}} tElapsed=7266336, maxElapsed=7356336, interval=0, when = 1519213169229, triggerTime = 2018-02-21 17:09:29
D/AlarmManager(  753): setImpl() action = null, component = ComponentInfo{com.mofirst.ime/co.tmobi.com.evernote.android.job.v14.PlatformAlarmReceiver}, type = 1, standalone=false, operation = PendingIntent{12edb9b4: PendingIntentRecord{130519dd com.mofirst.ime broadcastIntent}} tElapsed=7155505, maxElapsed=7156505, interval=0, when = 1519213058398, triggerTime = 2018-02-21 17:07:38
D/AlarmManager(  753): setImpl() action = android.content.jobscheduler.JOB_DELAY_EXPIRED, component = null, type = 3, standalone=false, operation = PendingIntent{1dd93ef6: PendingIntentRecord{ef2f2f7 android broadcastIntent}} tElapsed=7202948, maxElapsed=7245261, interval=0, when = 1519213105841, triggerTime = 2018-02-21 17:08:25
D/AlarmManager(  753): setImpl() action = android.content.jobscheduler.JOB_DEADLINE_EXPIRED, component = null, type = 3, standalone=false, operation = PendingIntent{582e564: PendingIntentRecord{9f853cd android broadcastIntent}} tElapsed=15103385, maxElapsed=21070973, interval=0, when = 1519221006278, triggerTime = 2018-02-21 19:20:06
D/BroadcastQueue(  753): Add broadcastBroadcastRecord{32be76d9 u0 com.google.android.gms.gcm.ACTION_SCHEDULE} into (background/order), now header = BroadcastRecord{22ea8c72 u-1 android.net.wifi.SCAN_RESULTS}, size = 10
D/AlarmManager(  753): setImpl() action = android.content.jobscheduler.JOB_DEADLINE_EXPIRED, component = null, type = 3, standalone=false, operation = PendingIntent{582e564: PendingIntentRecord{9f853cd android broadcastIntent}} tElapsed=7746793, maxElapsed=8196792, interval=0, when = 1519213649685, triggerTime = 2018-02-21 17:17:29
D/BroadcastQueue(  753): Add broadcastBroadcastRecord{1ecb5f7f u0 com.avast.android.shepherd.UPDATE_ATTEMPT_FINISHED} into (background/order), now header = BroadcastRecord{22ea8c72 u-1 android.net.wifi.SCAN_RESULTS}, size = 11
D/AlarmManager(  753): setImpl() action = com.android.server.task.controllers.BatteryController.ACTION_CHARGING_STABLE, component = null, type = 2, standalone=false, operation = PendingIntent{3c5482dd: PendingIntentRecord{3c93e52 android broadcastIntent}} tElapsed=7266860, maxElapsed=7356860, interval=0, when = 1519213169753, triggerTime = 2018-02-21 17:09:29
D/AlarmManager(  753): setImpl() action = null, component = ComponentInfo{com.indusos.batterysaver/com.avast.android.batterysaver.scanner.drainers.DrainingAppsCheckReceiver}, type = 0, standalone=true, operation = PendingIntent{2ecedc13: PendingIntentRecord{27c59a88 com.indusos.batterysaver broadcastIntent}} tElapsed=93402471, maxElapsed=93402471, interval=0, when = 1519299305364, triggerTime = 2018-02-22 17:05:05
D/BroadcastQueue(  753): Add broadcastBroadcastRecord{364ef768 u0 com.google.android.gms.gcm.ACTION_SCHEDULE} into (background/order), now header = BroadcastRecord{22ea8c72 u-1 android.net.wifi.SCAN_RESULTS}, size = 12
D/AlarmManager(  753): setImpl() action = null, component = ComponentInfo{com.indusos.batterysaver/com.evernote.android.job.v14.PlatformAlarmReceiver}, type = 0, standalone=true, operation = PendingIntent{31713781: PendingIntentRecord{3ae42026 com.indusos.batterysaver broadcastIntent}} tElapsed=10747876, maxElapsed=10747876, interval=0, when = 1519216650769, triggerTime = 2018-02-21 18:07:30
D/AlarmManager(  753): setImpl() action = android.content.jobscheduler.JOB_DELAY_EXPIRED, component = null, type = 3, standalone=false, operation = PendingIntent{1dd93ef6: PendingIntentRecord{ef2f2f7 android broadcastIntent}} tElapsed=7202948, maxElapsed=7244242, interval=0, when = 1519213105841, triggerTime = 2018-02-21 17:08:25
D/AlarmManager(  753): setImpl() action = android.content.jobscheduler.JOB_DEADLINE_EXPIRED, component = null, type = 3, standalone=false, operation = PendingIntent{582e564: PendingIntentRecord{9f853cd android broadcastIntent}} tElapsed=15103385, maxElapsed=21069958, interval=0, when = 1519221006278, triggerTime = 2018-02-21 19:20:06
D/BroadcastQueue(  753): Add broadcastBroadcastRecord{18517467 u0 com.google.android.gms.gcm.ACTION_SCHEDULE} into (background/order), now header = BroadcastRecord{22ea8c72 u-1 android.net.wifi.SCAN_RESULTS}, size = 13
D/AlarmManager(  753): setImpl() action = android.content.jobscheduler.JOB_DELAY_EXPIRED, component = null, type = 3, standalone=false, operation = PendingIntent{1dd93ef6: PendingIntentRecord{ef2f2f7 android broadcastIntent}} tElapsed=7153135, maxElapsed=7153135, interval=0, when = 1519213051027, triggerTime = 2018-02-21 17:07:31
D/AlarmManager(  753): setImpl() action = com.android.server.task.controllers.BatteryController.ACTION_CHARGING_STABLE, component = null, type = 2, standalone=false, operation = PendingIntent{3c5482dd: PendingIntentRecord{3c93e52 android broadcastIntent}} tElapsed=7268206, maxElapsed=7358206, interval=0, when = 1519213171099, triggerTime = 2018-02-21 17:09:31
D/AlarmManager(  753): waitForAlarm result:8
D/AlarmManager(  753): triggerList.size = 1, hasWakeup = false
D/AlarmManager(  753): sending alarm.type = 3, action = android.content.jobscheduler.JOB_DELAY_EXPIRED, cn = null, operation = PendingIntent{1dd93ef6: PendingIntentRecord{ef2f2f7 android broadcastIntent}}
D/BroadcastQueue(  753): Add broadcastBroadcastRecord{478cabd u0 android.content.jobscheduler.JOB_DELAY_EXPIRED} into (background/order), now header = BroadcastRecord{22ea8c72 u-1 android.net.wifi.SCAN_RESULTS}, size = 14
D/AlarmManager(  753): waitForAlarm result:8
D/AlarmManager(  753): triggerList.size = 0, hasWakeup = false
W/AlarmManager(  753): triggerList.size = 0, just continue!!!
D/PowerManagerService(  753): acquireWakeLockInternal: lock=525786413, flags=0x1, tag="*job*/com.indusos.batterysaver/com.evernote.android.job.v21.PlatformJobService", ws=WorkSource{10125}, uid=1000, pid=753
D/PowerManagerService(  753): releaseWakeLockInternal: lock=525786413 [*job*/com.indusos.batterysaver/com.evernote.android.job.v21.PlatformJobService], flags=0x0
D/AlarmManager(  753): setImpl() action = null, component = ComponentInfo{com.indusos.batterysaver/com.avast.android.batterysaver.wififencing.WifiScanReceiver}, type = 2, standalone=true, operation = PendingIntent{d2e1262: PendingIntentRecord{15328b7d com.indusos.batterysaver broadcastIntent}} tElapsed=7748520, maxElapsed=7748520, interval=0, when = 1519213651413, triggerTime = 2018-02-21 17:17:31
I/ActivityManager(  753): Waited long enough for: ServiceRecord{165279b3 u0 com.indusos.batterysaver/com.evernote.android.job.JobRescheduleService}
D/BroadcastQueue(  753): Finished with ordered broadcast BroadcastRecord{22ea8c72 u-1 android.net.wifi.SCAN_RESULTS}, [background], remain = 13
D/BroadcastQueue(  753): Finished with ordered broadcast BroadcastRecord{a50fdbe u0 null}, [background], remain = 12
D/AlarmManager(  753): setImpl() action = android.content.jobscheduler.JOB_DELAY_EXPIRED, component = null, type = 3, standalone=false, operation = PendingIntent{1dd93ef6: PendingIntentRecord{ef2f2f7 android broadcastIntent}} tElapsed=7202948, maxElapsed=7243707, interval=0, when = 1519213105841, triggerTime = 2018-02-21 17:08:25
D/BroadcastQueue(  753): Finished with ordered broadcast BroadcastRecord{3a697c58 u0 android.content.jobscheduler.JOB_DELAY_EXPIRED}, [background], remain = 11
D/AlarmManager(  753): setImpl() action = null, component = ComponentInfo{com.mofirst.ime/co.tmobi.com.evernote.android.job.v14.PlatformAlarmReceiver}, type = 1, standalone=false, operation = PendingIntent{19fa49c8: PendingIntentRecord{2abc8a61 com.mofirst.ime broadcastIntent}} tElapsed=7157784, maxElapsed=7158784, interval=0, when = 1519213060677, triggerTime = 2018-02-21 17:07:40
D/AlarmManager(  753): setImpl() action = null, component = ComponentInfo{com.indusos.batterysaver/com.avast.android.batterysaver.scanner.traffic.NetworkTrafficScannerService}, type = 1, standalone=false, operation = PendingIntent{c76a986: PendingIntentRecord{7b750cb com.indusos.batterysaver startService}} tElapsed=7208785, maxElapsed=7253785, interval=0, when = 1519213111677, triggerTime = 2018-02-21 17:08:31
W/ActivityManager(  753): getRunningAppProcesses: caller 10125 does not hold REAL_GET_TASKS; limiting output
D/BroadcastQueue(  753): Finished with ordered broadcast BroadcastRecord{f7bfeef u-1 android.net.wifi.SCAN_RESULTS}, [background], remain = 10
D/WindowManager(  753): Input focus has changed to Window{1049b45b u0 Application Error: com.indusos.batterysaver}
D/BroadcastQueue(  753): Add broadcastBroadcastRecord{3db7b4f8 u0 android.intent.action.DROPBOX_ENTRY_ADDED} into (background/order), now header = BroadcastRecord{32fca094 u0 com.uc.action.push.gcm.dispatch}, size = 11
D/BarController.StatusBar(  753): setBarShowingLw state. show = true
D/BarController.StatusBar(  753): setBarShowingLw state. show = true
D/BroadcastQueue(  753): Add broadcastBroadcastRecord{302bcdd1 u-1 android.net.wifi.SCAN_RESULTS} into (background/order), now header = BroadcastRecord{32fca094 u0 com.uc.action.push.gcm.dispatch}, size = 12
D/BarController.StatusBar(  753): setBarShowingLw state. show = true
W/BroadcastQueue(  753): Skipping deliver [background] BroadcastRecord{202f28a4 u-1 android.net.wifi.SCAN_RESULTS} to ReceiverList{e664bdc 14804 com.indusos.batterysaver/10125/u0 remote:2c72884f}: process crashing
D/BarController.StatusBar(  753): setBarShowingLw state. show = true
D/BroadcastQueue(  753): Finished with ordered broadcast BroadcastRecord{32fca094 u0 com.uc.action.push.gcm.dispatch}, [background], remain = 11
D/BroadcastQueue(  753): Finished with ordered broadcast BroadcastRecord{2932be8a u0 android.intent.action.DROPBOX_ENTRY_ADDED}, [background], remain = 10
D/BroadcastQueue(  753): Finished with ordered broadcast BroadcastRecord{29655cfb u0 com.google.android.gms.gcm.ACTION_SCHEDULE}, [background], remain = 9
D/BroadcastQueue(  753): Finished with ordered broadcast BroadcastRecord{279f4118 u0 com.uc.action.push.gcm.dispatch}, [background], remain = 8
D/BroadcastQueue(  753): Finished with ordered broadcast BroadcastRecord{15343771 u0 com.google.android.gms.gcm.ACTION_SCHEDULE}, [background], remain = 7
D/BroadcastQueue(  753): Finished with ordered broadcast BroadcastRecord{32be76d9 u0 com.google.android.gms.gcm.ACTION_SCHEDULE}, [background], remain = 6
D/PowerManagerService(  753): acquireWakeLockInternal: lock=404725710, flags=0x1, tag="*net_scheduler*", ws=WorkSource{10043 com.google.android.gms}, uid=10043, pid=1323
D/BarController.StatusBar(  753): setBarShowingLw state. show = true
D/AlarmManager(  753): setImpl() action = com.google.android.gms.gcm.ACTION_CHECK_QUEUE, component = ComponentInfo{com.google.android.gms/com.google.android.gms.gcm.nts.SchedulerInternalReceiver}, type = 2, standalone=false, operation = PendingIntent{256e69c2: PendingIntentRecord{35036d69 com.google.android.gms broadcastIntent}} tElapsed=7157247, maxElapsed=7157247, interval=0, when = 1519213060140, triggerTime = 2018-02-21 17:07:40
D/PowerManagerService(  753): releaseWakeLockInternal: lock=404725710 [*net_scheduler*], flags=0x0
D/PowerManagerService(  753): acquireWakeLockInternal: lock=404725710, flags=0x1, tag="*net_scheduler*", ws=WorkSource{10043 com.google.android.gms}, uid=10043, pid=1323
D/AlarmManager(  753): setImpl() action = com.google.android.gms.gcm.ACTION_CHECK_QUEUE, component = ComponentInfo{com.google.android.gms/com.google.android.gms.gcm.nts.SchedulerInternalReceiver}, type = 2, standalone=false, operation = PendingIntent{224853d3: PendingIntentRecord{35036d69 com.google.android.gms broadcastIntent}} tElapsed=7157247, maxElapsed=7157247, interval=0, when = 1519213060140, triggerTime = 2018-02-21 17:07:40
D/PowerManagerService(  753): releaseWakeLockInternal: lock=404725710 [*net_scheduler*], flags=0x0
W/ActivityManager(  753): getTasks: caller 10122 does not hold REAL_GET_TASKS; limiting output
W/ActivityManager(  753): getRunningAppProcesses: caller 10051 does not hold REAL_GET_TASKS; limiting output
I/ActivityManager(  753): Waited long enough for: ServiceRecord{115dd734 u0 com.indusos.batterysaver/com.avast.android.batterysaver.connectivity.AutoWifiService}
I/ActivityManager(  753): Waited long enough for: ServiceRecord{c0c72ff u0 com.indusos.batterysaver/com.avast.android.batterysaver.service.KeepAliveService}
I/ActivityManager(  753): Waited long enough for: ServiceRecord{1c90d8cc u0 com.indusos.batterysaver/com.avast.android.batterysaver.service.LastRunUpdaterService}
I/ActivityManager(  753): Waited long enough for: ServiceRecord{582a715 u0 com.indusos.batterysaver/com.avast.android.batterysaver.running.RunningAppsMeasurementIntentService}
W/ActivityManager(  753): getTasks: caller 10122 does not hold REAL_GET_TASKS; limiting output
D/AlarmManager(  753): waitForAlarm result:8
D/AlarmManager(  753): triggerList.size = 1, hasWakeup = false
D/AlarmManager(  753): sending alarm.type = 1, action = null, cn = ComponentInfo{com.mofirst.ime/co.tmobi.com.evernote.android.job.v14.PlatformAlarmReceiver}, operation = PendingIntent{12edb9b4: PendingIntentRecord{130519dd com.mofirst.ime broadcastIntent}}
D/BroadcastQueue(  753): Add broadcastBroadcastRecord{a882b10 u0 null} into (background/order), now header = BroadcastRecord{1ecb5f7f u0 com.avast.android.shepherd.UPDATE_ATTEMPT_FINISHED}, size = 7
D/AlarmManager(  753): setImpl() action = null, component = ComponentInfo{com.indusos.messaging/com.mofirst.android.lib.receivers.PollingServiceAlarmReceiver}, type = 0, standalone=true, operation = PendingIntent{2fbd600e: PendingIntentRecord{d2325f9 com.indusos.messaging broadcastIntent}} tElapsed=7396027, maxElapsed=7396027, interval=0, when = 1519213298920, triggerTime = 2018-02-21 17:11:38
D/AlarmManager(  753): waitForAlarm result:4
D/AlarmManager(  753): triggerList.size = 1, hasWakeup = true
D/AlarmManager(  753): sending alarm.type = 2, action = com.google.android.gms.gcm.ACTION_CHECK_QUEUE, cn = ComponentInfo{com.google.android.gms/com.google.android.gms.gcm.nts.SchedulerInternalReceiver}, operation = PendingIntent{224853d3: PendingIntentRecord{35036d69 com.google.android.gms broadcastIntent}}
D/BroadcastQueue(  753): Add broadcastBroadcastRecord{1fba5a2f u0 com.google.android.gms.gcm.ACTION_CHECK_QUEUE} into (background/order), now header = BroadcastRecord{1ecb5f7f u0 com.avast.android.shepherd.UPDATE_ATTEMPT_FINISHED}, size = 8
D/AlarmManager(  753): waitForAlarm result:8
D/AlarmManager(  753): triggerList.size = 1, hasWakeup = false
D/AlarmManager(  753): sending alarm.type = 1, action = null, cn = ComponentInfo{com.mofirst.ime/co.tmobi.com.evernote.android.job.v14.PlatformAlarmReceiver}, operation = PendingIntent{19fa49c8: PendingIntentRecord{2abc8a61 com.mofirst.ime broadcastIntent}}
D/BroadcastQueue(  753): Add broadcastBroadcastRecord{392ce83c u0 null} into (background/order), now header = BroadcastRecord{1ecb5f7f u0 com.avast.android.shepherd.UPDATE_ATTEMPT_FINISHED}, size = 9
D/PowerManagerService(  753): releaseWakeLockInternal: lock=877712545 [wake:com.indusos.batterysaver/com.evernote.android.job.JobRescheduleService], flags=0x0
D/BatteryService(  753): Sending ACTION_BATTERY_CHANGED.  level:33, scale:100, status:2, health:2, present:true, voltage: 3835, temperature: 354, technology: Li-ion, AC powered:false, USB powered:true, Wireless powered:false, icon:17303154, invalid charger:0
D/PowerUI (  847): battery is normal,need dismiss temperature warning
W/BroadcastQueue(  753): Skipping deliver [background] BroadcastRecord{214959c5 u-1 android.intent.action.BATTERY_CHANGED} to ReceiverList{23c1266f 14804 com.indusos.batterysaver/10125/u0 remote:1e2ab54e}: process crashing
W/BroadcastQueue(  753): Skipping deliver [background] BroadcastRecord{214959c5 u-1 android.intent.action.BATTERY_CHANGED} to ReceiverList{31739475 14804 com.indusos.batterysaver/10125/u0 remote:26e59fac}: process crashing
W/ActivityManager(  753): getTasks: caller 10122 does not hold REAL_GET_TASKS; limiting output
D/AlarmManager(  753): waitForAlarm result:8
D/AlarmManager(  753): triggerList.size = 1, hasWakeup = false
D/AlarmManager(  753): sending alarm.type = 3, action = com.google.android.gms.auth.api.credentials.sync.SCHEDULED_SYNC, cn = ComponentInfo{com.google.android.gms/com.google.android.gms.auth.api.credentials.sync.CredentialSyncReceiverService}, operation = PendingIntent{74a936: PendingIntentRecord{12feb037 com.google.android.gms startService}}
D/AlarmManager(  753): waitForAlarm result:4
D/AlarmManager(  753): triggerList.size = 1, hasWakeup = true
D/AlarmManager(  753): sending alarm.type = 2, action = com.google.android.location.ALARM_WAKEUP_LOCATOR, cn = null, operation = PendingIntent{3998f834: PendingIntentRecord{33c68898 com.google.android.gms broadcastIntent}}
D/BroadcastQueue(  753): Add broadcastBroadcastRecord{339c6a4b u0 com.google.android.location.ALARM_WAKEUP_LOCATOR} into (background/order), now header = BroadcastRecord{1ecb5f7f u0 com.avast.android.shepherd.UPDATE_ATTEMPT_FINISHED}, size = 10
W/ActivityManager(  753): getTasks: caller 10122 does not hold REAL_GET_TASKS; limiting output
--------- beginning of main
D/GPSenseEngine( 1667): EPH sow 301084:--AS:
D/GPSenseEngine( 1667): CheckState[status:2][bOff:0][Used:0]
D/LIBGPS  (  753): in RMC, fixStatus=V
D/LIBGPS  (  753): set SVINFO_GOT_SV_INFO_FLAG 
D/LIBGPS  (  753): SVinfo flag =2, svstatus size =660, numsvs =0
W/ActivityManager(  753): getRunningAppProcesses: caller 10051 does not hold REAL_GET_TASKS; limiting output
D/BatteryMeterView(  847): TimerTask :run --level = 99
D/BatteryMeterView(  847): handleMessage
D/BatteryMeterView(  847): TimerTask :run --level = 99
D/BatteryMeterView(  847): TimerTask :run --level = 99
D/BatteryMeterView(  847): handleMessage
D/BatteryMeterView(  847): handleMessage
D/GPSenseEngine( 1667): EPH sow 301085:--AS:
D/GPSenseEngine( 1667): CheckState[status:2][bOff:0][Used:0]
D/LIBGPS  (  753): in RMC, fixStatus=V
D/LIBGPS  (  753): set SVINFO_GOT_SV_INFO_FLAG 
D/LIBGPS  (  753): SVinfo flag =2, svstatus size =660, numsvs =0
D/GPSenseEngine( 1667): ZZW--SearchSatellitesCond:Di.Zhang sleep Ms 2000.
E/GPSenseEngine( 1667): ncfixInfoIndex = 6 / 1953
E/GPSenseEngine( 1667): ====>>>>cgdriver request:CGX_IOCTL_RESET ret = 0
E/GPSenseEngine( 1667): ====>>>>cgdriver request:CGX_IOCTL_READ_SYS_REG ret = -3
D/GPSenseEngine( 1667): FmRequestSnap[type:0][ChosenSnap:11]
E/GPSenseEngine( 1667): ====>>>>cgdriver request:CGX_IOCTL_PREPARE_RECEIVE ret = 0
D/wpa_supplicant(  846): wlan0: Control interface command 'SIGNAL_POLL'
D/WCND    (  200): is_cp2_alive_ok: open polling interface: /dev/spipe_wcn0, fd = 15
D/WCND    (  200): is_cp2_alive_ok: loop: /dev/spipe_wcn0 is OK
E/GPSenseEngine( 1667): NcFix
D/BatteryMeterView(  847): TimerTask :run --level = 39
D/BatteryMeterView(  847): handleMessage
D/BatteryMeterView(  847): TimerTask :run --level = 39
D/BatteryMeterView(  847): handleMessage
D/BatteryMeterView(  847): TimerTask :run --level = 39
D/BatteryMeterView(  847): handleMessage
D/gralloc.sc8830(  183): fb_post fps = 1.517646
D/GPSenseEngine( 1667): EPH sow 301086:--AS:
D/GPSenseEngine( 1667): CheckState[status:2][bOff:0][Used:0]
D/LIBGPS  (  753): in RMC, fixStatus=V
D/LIBGPS  (  753): set SVINFO_GOT_SV_INFO_FLAG 
D/LIBGPS  (  753): SVinfo flag =2, svstatus size =660, numsvs =0
E/GPSenseEngine( 1667): NcFix
E/GPSenseEngine( 1667): NcFix
D/BatteryMeterView(  847): TimerTask :run --level = 59
D/BatteryMeterView(  847): handleMessage
D/BatteryMeterView(  847): TimerTask :run --level = 59
D/BatteryMeterView(  847): TimerTask :run --level = 59
D/BatteryMeterView(  847): handleMessage
D/BatteryMeterView(  847): handleMessage
D/gralloc.sc8830(  183): fb_post fps = 1.955715
D/GPSenseEngine( 1667): EPH sow 301087:--AS:
D/GPSenseEngine( 1667): CheckState[status:2][bOff:0][Used:0]
D/LIBGPS  (  753): in RMC, fixStatus=V
D/LIBGPS  (  753): set SVINFO_GOT_SV_INFO_FLAG 
D/LIBGPS  (  753): SVinfo flag =2, svstatus size =660, numsvs =0
I/Ads     ( 1586): Ad is not visible. Not refreshing ad.
I/Ads     ( 1586): Scheduling ad refresh 60000 milliseconds from now.
D/GPSenseEngine( 1667): ZZW--SearchSatellitesCond:Di.Zhang sleep Ms 2000.
E/GPSenseEngine( 1667): NcFix
D/BatteryMeterView(  847): TimerTask :run --level = 79
D/BatteryMeterView(  847): handleMessage
D/BatteryMeterView(  847): TimerTask :run --level = 79
D/BatteryMeterView(  847): handleMessage
D/BatteryMeterView(  847): TimerTask :run --level = 79
D/BatteryMeterView(  847): handleMessage
D/phoneserver(  205): Receive thread's TID [236] CHNMNG:readline pread= 0xb6f5b6d4,count=15
D/phoneserver(  205): Receive thread's TID [236] CHMNG:  receive data thread :mux=/dev/stty_w0:input:+CSQ: 17,99
D/phoneserver(  205): Receive thread's TID [236] MUX :/dev/stty_w0 Waiting for resp  
D/SignalStrengthUtilsSprd(  753): processLteLevel: empty method
D/GPSenseEngine( 1667): EPH sow 301088:--AS:
D/GPSenseEngine( 1667): CheckState[status:2][bOff:0][Used:0]
D/LIBGPS  (  753): in RMC, fixStatus=V
D/LIBGPS  (  753): set SVINFO_GOT_SV_INFO_FLAG 
D/LIBGPS  (  753): SVinfo flag =2, svstatus size =660, numsvs =0
D/wpa_supplicant(  846): wlan0: Control interface command 'SIGNAL_POLL'
E/GPSenseEngine( 1667): NcFix
W/ActivityManager(  753): getTasks: caller 10122 does not hold REAL_GET_TASKS; limiting output
D/BatteryMeterView(  847): TimerTask :run --level = 99
D/BatteryMeterView(  847): handleMessage
D/BatteryMeterView(  847): TimerTask :run --level = 99
D/BatteryMeterView(  847): handleMessage
D/BatteryMeterView(  847): TimerTask :run --level = 99
D/BatteryMeterView(  847): handleMessage
D/gralloc.sc8830(  183): fb_post fps = 1.002754
D/GPSenseEngine( 1667): EPH sow 301089:--AS:
D/GPSenseEngine( 1667): CheckState[status:2][bOff:0][Used:0]
D/LIBGPS  (  753): in RMC, fixStatus=V
D/LIBGPS  (  753): set SVINFO_GOT_SV_INFO_FLAG 
D/LIBGPS  (  753): SVinfo flag =2, svstatus size =660, numsvs =0
D/GPSenseEngine( 1667): ZZW--SearchSatellitesCond:Di.Zhang sleep Ms 2000.
E/GPSenseEngine( 1667): ncfixInfoIndex = 7 / 1954
E/GPSenseEngine( 1667): ====>>>>cgdriver request:CGX_IOCTL_RESET ret = 0
E/GPSenseEngine( 1667): ====>>>>cgdriver request:CGX_IOCTL_READ_SYS_REG ret = -3
D/GPSenseEngine( 1667): FmRequestSnap[type:0][ChosenSnap:11]
E/GPSenseEngine( 1667): ====>>>>cgdriver request:CGX_IOCTL_PREPARE_RECEIVE ret = 0
D/BatteryMeterView(  847): TimerTask :run --level = 39
D/BatteryMeterView(  847): handleMessage
D/BatteryMeterView(  847): TimerTask :run --level = 39
D/BatteryMeterView(  847): TimerTask :run --level = 39
D/BatteryMeterView(  847): handleMessage
D/BatteryMeterView(  847): handleMessage
D/gralloc.sc8830(  183): fb_post fps = 0.993572
D/GPSenseEngine( 1667): EPH sow 301090:--AS:
D/GPSenseEngine( 1667): CheckState[status:2][bOff:0][Used:0]
D/LIBGPS  (  753): in RMC, fixStatus=V
D/LIBGPS  (  753): set SVINFO_GOT_SV_INFO_FLAG 
D/LIBGPS  (  753): SVinfo flag =2, svstatus size =660, numsvs =0
W/AlarmManagerService(  753): set alarm : 7177.107000000
W/AlarmManagerService(  753): set alarm : 7177.107000000
W/AlarmManagerService(  753): set alarm : 7177.107000000
W/AlarmManagerService(  753): set alarm : 7202.948000000
W/AlarmManagerService(  753): set alarm : 7177.107000000
W/AlarmManagerService(  753): set alarm : 7202.948000000
W/AlarmManagerService(  753): set alarm : 7177.107000000
W/AlarmManagerService(  753): set alarm : 7202.948000000
W/AlarmManagerService(  753): set alarm : 7177.107000000
W/AlarmManagerService(  753): set alarm : 7202.948000000
W/AlarmManagerService(  753): set alarm : 7177.107000000
W/AlarmManagerService(  753): set alarm : 7202.948000000
W/AlarmManagerService(  753): set alarm : 7177.107000000
W/AlarmManagerService(  753): set alarm : 7202.948000000
W/AlarmManagerService(  753): set alarm : 7177.107000000
W/AlarmManagerService(  753): set alarm : 7202.948000000
W/AlarmManagerService(  753): set alarm : 7177.107000000
W/AlarmManagerService(  753): set alarm : 7202.948000000
W/AlarmManagerService(  753): set alarm : 7177.107000000
W/AlarmManagerService(  753): set alarm : 7202.948000000
W/AlarmManagerService(  753): set alarm : 7177.107000000
W/AlarmManagerService(  753): set alarm : 7202.948000000
W/AlarmManagerService(  753): set alarm : 7177.107000000
W/AlarmManagerService(  753): set alarm : 7202.948000000
W/AlarmManagerService(  753): set alarm : 7177.107000000
W/AlarmManagerService(  753): set alarm : 7202.948000000
W/AlarmManagerService(  753): set alarm : 7177.107000000
W/AlarmManagerService(  753): set alarm : 7202.948000000
W/AlarmManagerService(  753): set alarm : 7177.107000000
W/AlarmManagerService(  753): set alarm : 7202.948000000
W/AlarmManagerService(  753): set alarm : 7177.107000000
W/AlarmManagerService(  753): set alarm : 7202.948000000
W/AlarmManagerService(  753): set alarm : 7177.107000000
W/AlarmManagerService(  753): set alarm : 7202.948000000
W/AlarmManagerService(  753): set alarm : 7177.107000000
W/AlarmManagerService(  753): set alarm : 7202.948000000
W/AlarmManagerService(  753): set alarm : 7177.107000000
W/AlarmManagerService(  753): set alarm : 7202.948000000
W/AlarmManagerService(  753): set alarm : 7177.107000000
W/AlarmManagerService(  753): set alarm : 7202.948000000
W/AlarmManagerService(  753): set alarm : 7177.107000000
W/AlarmManagerService(  753): set alarm : 7202.948000000
W/AlarmManagerService(  753): set alarm : 7177.107000000
W/AlarmManagerService(  753): set alarm : 7202.948000000
W/AlarmManagerService(  753): set alarm : 7177.107000000
W/AlarmManagerService(  753): set alarm : 7202.948000000
W/AlarmManagerService(  753): set alarm : 7177.107000000
W/AlarmManagerService(  753): set alarm : 7202.948000000
W/AlarmManagerService(  753): set alarm : 7177.107000000
W/AlarmManagerService(  753): set alarm : 7202.948000000
W/AlarmManagerService(  753): set alarm : 7177.107000000
W/AlarmManagerService(  753): set alarm : 7202.948000000
W/AlarmManagerService(  753): set alarm : 7177.107000000
W/AlarmManagerService(  753): set alarm : 7202.948000000
W/AlarmManagerService(  753): set alarm : 7177.107000000
W/AlarmManagerService(  753): set alarm : 7202.948000000
W/AlarmManagerService(  753): set alarm : 7177.107000000
W/AlarmManagerService(  753): set alarm : 7202.948000000
W/AlarmManagerService(  753): set alarm : 7177.107000000
W/AlarmManagerService(  753): set alarm : 7202.948000000
W/AlarmManagerService(  753): set alarm : 7177.107000000
W/AlarmManagerService(  753): set alarm : 7202.948000000
W/AlarmManagerService(  753): set alarm : 7177.107000000
W/AlarmManagerService(  753): set alarm : 7202.948000000
W/AlarmManagerService(  753): set alarm : 7177.107000000
W/AlarmManagerService(  753): set alarm : 7202.948000000
W/AlarmManagerService(  753): set alarm : 7177.107000000
W/AlarmManagerService(  753): set alarm : 7202.948000000
W/AlarmManagerService(  753): set alarm : 7177.107000000
W/AlarmManagerService(  753): set alarm : 7202.948000000
W/AlarmManagerService(  753): set alarm : 7177.107000000
W/AlarmManagerService(  753): set alarm : 7202.948000000
W/AlarmManagerService(  753): set alarm : 7177.107000000
W/AlarmManagerService(  753): set alarm : 7202.948000000
W/AlarmManagerService(  753): set alarm : 7177.107000000
W/AlarmManagerService(  753): set alarm : 7202.948000000
W/AlarmManagerService(  753): set alarm : 7177.107000000
W/AlarmManagerService(  753): set alarm : 7202.948000000
W/AlarmManagerService(  753): set alarm : 7177.107000000
W/AlarmManagerService(  753): set alarm : 7202.948000000
W/AlarmManagerService(  753): set alarm : 7177.107000000
W/AlarmManagerService(  753): set alarm : 7202.948000000
W/AlarmManagerService(  753): set alarm : 7177.107000000
W/AlarmManagerService(  753): set alarm : 7202.948000000
W/AlarmManagerService(  753): set alarm : 7177.107000000
W/AlarmManagerService(  753): set alarm : 7202.948000000
W/AlarmManagerService(  753): set alarm : 7177.107000000
W/AlarmManagerService(  753): set alarm : 7202.948000000
W/AlarmManagerService(  753): set alarm : 7177.107000000
W/AlarmManagerService(  753): set alarm : 7202.948000000
W/AlarmManagerService(  753): set alarm : 7177.107000000
W/AlarmManagerService(  753): set alarm : 7202.948000000
W/AlarmManagerService(  753): set alarm : 7177.107000000
W/AlarmManagerService(  753): set alarm : 7202.948000000
W/AlarmManagerService(  753): set alarm : 7177.107000000
W/AlarmManagerService(  753): set alarm : 7202.948000000
W/AlarmManagerService(  753): set alarm : 7177.107000000
W/AlarmManagerService(  753): set alarm : 7202.948000000
W/AlarmManagerService(  753): set alarm : 7177.107000000
W/AlarmManagerService(  753): set alarm : 7202.948000000
W/AlarmManagerService(  753): set alarm : 7177.107000000
D/AlarmManager(  753): setImpl() action = null, component = ComponentInfo{com.indusos.messaging/com.mofirst.android.lib.receivers.PollingServiceAlarmReceiver}, type = 0, standalone=true, operation = PendingIntent{306acd41: PendingIntentRecord{d2325f9 com.indusos.messaging broadcastIntent}} tElapsed=7411142, maxElapsed=7411142, interval=0, when = 1519213314035, triggerTime = 2018-02-21 17:11:54
W/AlarmManagerService(  753): set alarm : 7202.948000000
W/AlarmManagerService(  753): set alarm : 7177.107000000
W/AlarmManagerService(  753): set alarm : 7202.948000000
W/AlarmManagerService(  753): set alarm : 7177.107000000
W/AlarmManagerService(  753): set alarm : 7202.948000000
W/AlarmManagerService(  753): set alarm : 7177.107000000
W/AlarmManagerService(  753): set alarm : 7202.948000000
W/AlarmManagerService(  753): set alarm : 7177.107000000
W/AlarmManagerService(  753): set alarm : 7202.948000000
W/AlarmManagerService(  753): set alarm : 7177.107000000
W/AlarmManagerService(  753): set alarm : 7202.948000000
W/AlarmManagerService(  753): set alarm : 7177.107000000
W/AlarmManagerService(  753): set alarm : 7202.948000000
W/AlarmManagerService(  753): set alarm : 7177.107000000
W/AlarmManagerService(  753): set alarm : 7202.948000000
W/AlarmManagerService(  753): set alarm : 7177.107000000
W/AlarmManagerService(  753): set alarm : 7202.948000000
W/AlarmManagerService(  753): set alarm : 7177.107000000
W/AlarmManagerService(  753): set alarm : 7202.948000000
W/AlarmManagerService(  753): set alarm : 7177.107000000
W/AlarmManagerService(  753): set alarm : 7202.948000000
W/AlarmManagerService(  753): set alarm : 7177.107000000
W/AlarmManagerService(  753): set alarm : 7202.948000000
W/AlarmManagerService(  753): set alarm : 7177.107000000
W/AlarmManagerService(  753): set alarm : 7202.948000000
W/AlarmManagerService(  753): set alarm : 7177.107000000
W/AlarmManagerService(  753): set alarm : 7202.948000000
W/AlarmManagerService(  753): set alarm : 7177.107000000
W/AlarmManagerService(  753): set alarm : 7202.948000000
W/AlarmManagerService(  753): set alarm : 7177.107000000
W/AlarmManagerService(  753): set alarm : 7202.948000000
W/AlarmManagerService(  753): set alarm : 7177.107000000
W/AlarmManagerService(  753): set alarm : 7202.948000000
W/AlarmManagerService(  753): set alarm : 7177.107000000
W/AlarmManagerService(  753): set alarm : 7202.948000000
W/AlarmManagerService(  753): set alarm : 7177.107000000
W/AlarmManagerService(  753): set alarm : 7202.948000000
W/AlarmManagerService(  753): set alarm : 7177.107000000
W/AlarmManagerService(  753): set alarm : 7202.948000000
W/AlarmManagerService(  753): set alarm : 7177.107000000
W/AlarmManagerService(  753): set alarm : 7202.948000000
W/AlarmManagerService(  753): set alarm : 7177.107000000
W/AlarmManagerService(  753): set alarm : 7202.948000000
W/AlarmManagerService(  753): set alarm : 7177.107000000
W/AlarmManagerService(  753): set alarm : 7202.948000000
W/AlarmManagerService(  753): set alarm : 7177.107000000
W/AlarmManagerService(  753): set alarm : 7202.948000000
W/AlarmManagerService(  753): set alarm : 7177.107000000
W/AlarmManagerService(  753): set alarm : 7202.948000000
W/AlarmManagerService(  753): set alarm : 7177.107000000
W/AlarmManagerService(  753): set alarm : 7202.948000000
W/AlarmManagerService(  753): set alarm : 7177.107000000
W/AlarmManagerService(  753): set alarm : 7202.948000000
W/AlarmManagerService(  753): set alarm : 7177.107000000
W/AlarmManagerService(  753): set alarm : 7202.948000000
W/AlarmManagerService(  753): set alarm : 7177.107000000
W/AlarmManagerService(  753): set alarm : 7202.948000000
W/AlarmManagerService(  753): set alarm : 7177.107000000
W/AlarmManagerService(  753): set alarm : 7202.948000000
W/AlarmManagerService(  753): set alarm : 7177.107000000
W/AlarmManagerService(  753): set alarm : 7202.948000000
W/AlarmManagerService(  753): set alarm : 7177.107000000
W/AlarmManagerService(  753): set alarm : 7202.948000000
W/AlarmManagerService(  753): set alarm : 7177.107000000
W/AlarmManagerService(  753): set alarm : 7202.948000000
W/AlarmManagerService(  753): set alarm : 7177.107000000
W/AlarmManagerService(  753): set alarm : 7202.948000000
W/AlarmManagerService(  753): set alarm : 7177.107000000
W/AlarmManagerService(  753): set alarm : 7202.948000000
W/AlarmManagerService(  753): set alarm : 7177.107000000
W/AlarmManagerService(  753): set alarm : 7202.948000000
W/AlarmManagerService(  753): set alarm : 7177.107000000
W/AlarmManagerService(  753): set alarm : 7202.948000000
W/AlarmManagerService(  753): set alarm : 7177.107000000
W/AlarmManagerService(  753): set alarm : 7202.948000000
W/AlarmManagerService(  753): set alarm : 7177.107000000
