W/AlarmManagerService(  753): set alarm : 7257.394000000
W/AlarmManagerService(  753): set alarm : 7237.107000000
W/AlarmManagerService(  753): set alarm : 7257.394000000
W/AlarmManagerService(  753): set alarm : 7237.107000000
W/AlarmManagerService(  753): set alarm : 7257.394000000
W/AlarmManagerService(  753): set alarm : 7237.107000000
W/AlarmManagerService(  753): set alarm : 7257.394000000
W/AlarmManagerService(  753): set alarm : 7237.107000000
W/AlarmManagerService(  753): set alarm : 7257.394000000
W/AlarmManagerService(  753): set alarm : 7237.107000000
W/AlarmManagerService(  753): set alarm : 7257.394000000
W/AlarmManagerService(  753): set alarm : 7237.107000000
W/AlarmManagerService(  753): set alarm : 7257.394000000
W/AlarmManagerService(  753): set alarm : 7237.107000000
W/AlarmManagerService(  753): set alarm : 7257.394000000
W/AlarmManagerService(  753): set alarm : 7237.107000000
W/AlarmManagerService(  753): set alarm : 7257.394000000
W/AlarmManagerService(  753): set alarm : 7237.107000000
W/AlarmManagerService(  753): set alarm : 7257.394000000
W/AlarmManagerService(  753): set alarm : 7237.107000000
W/AlarmManagerService(  753): set alarm : 7257.394000000
W/AlarmManagerService(  753): set alarm : 7237.107000000
W/AlarmManagerService(  753): set alarm : 7257.394000000
W/AlarmManagerService(  753): set alarm : 7237.107000000
W/AlarmManagerService(  753): set alarm : 7257.394000000
W/AlarmManagerService(  753): set alarm : 7237.107000000
W/AlarmManagerService(  753): set alarm : 7257.394000000
W/AlarmManagerService(  753): set alarm : 7237.107000000
W/AlarmManagerService(  753): set alarm : 7257.394000000
W/AlarmManagerService(  753): set alarm : 7237.107000000
W/AlarmManagerService(  753): set alarm : 7257.394000000
W/AlarmManagerService(  753): set alarm : 7237.107000000
W/AlarmManagerService(  753): set alarm : 7257.394000000
W/AlarmManagerService(  753): set alarm : 7237.107000000
W/AlarmManagerService(  753): set alarm : 7257.394000000
W/AlarmManagerService(  753): set alarm : 7237.107000000
W/AlarmManagerService(  753): set alarm : 7257.394000000
W/AlarmManagerService(  753): set alarm : 7237.107000000
W/AlarmManagerService(  753): set alarm : 7257.394000000
W/AlarmManagerService(  753): set alarm : 7237.107000000
W/AlarmManagerService(  753): set alarm : 7257.394000000
W/AlarmManagerService(  753): set alarm : 7237.107000000
W/AlarmManagerService(  753): set alarm : 7257.394000000
W/AlarmManagerService(  753): set alarm : 7237.107000000
W/AlarmManagerService(  753): set alarm : 7257.394000000
W/AlarmManagerService(  753): set alarm : 7237.107000000
W/AlarmManagerService(  753): set alarm : 7257.394000000
W/AlarmManagerService(  753): set alarm : 7237.107000000
W/AlarmManagerService(  753): set alarm : 7257.394000000
W/AlarmManagerService(  753): set alarm : 7237.107000000
W/AlarmManagerService(  753): set alarm : 7257.394000000
W/AlarmManagerService(  753): set alarm : 7237.107000000
W/AlarmManagerService(  753): set alarm : 7257.394000000
W/AlarmManagerService(  753): set alarm : 7237.107000000
W/AlarmManagerService(  753): set alarm : 7257.394000000
W/AlarmManagerService(  753): set alarm : 7237.107000000
W/AlarmManagerService(  753): set alarm : 7257.394000000
W/AlarmManagerService(  753): set alarm : 7237.107000000
W/AlarmManagerService(  753): set alarm : 7257.394000000
W/AlarmManagerService(  753): set alarm : 7237.107000000
D/wpa_supplicant(  846): wlan0: Control interface command 'SIGNAL_POLL'
D/WCND    (  200): is_cp2_alive_ok: open polling interface: /dev/spipe_wcn0, fd = 15
D/WCND    (  200): is_cp2_alive_ok: loop: /dev/spipe_wcn0 is OK
D/GPSenseEngine( 1667): ZZW--SearchSatellitesCond:Di.Zhang sleep Ms 2000.
E/GPSenseEngine( 1667): ncfixInfoIndex = 6 / 1964
E/GPSenseEngine( 1667): ====>>>>cgdriver request:CGX_IOCTL_RESET ret = 0
E/GPSenseEngine( 1667): ====>>>>cgdriver request:CGX_IOCTL_READ_SYS_REG ret = -3
D/GPSenseEngine( 1667): FmRequestSnap[type:0][ChosenSnap:11]
E/GPSenseEngine( 1667): ====>>>>cgdriver request:CGX_IOCTL_PREPARE_RECEIVE ret = 0
D/BatteryMeterView(  847): TimerTask :run --level = 59
D/BatteryMeterView(  847): handleMessage
D/BatteryMeterView(  847): TimerTask :run --level = 59
D/BatteryMeterView(  847): TimerTask :run --level = 59
D/BatteryMeterView(  847): handleMessage
D/BatteryMeterView(  847): handleMessage
E/GPSenseEngine( 1667): NcFix
D/gralloc.sc8830(  183): fb_post fps = 0.994235
D/GPSenseEngine( 1667): EPH sow 301131:--AS:
D/GPSenseEngine( 1667): CheckState[status:2][bOff:0][Used:0]
D/LIBGPS  (  753): in RMC, fixStatus=V
D/LIBGPS  (  753): set SVINFO_GOT_SV_INFO_FLAG 
D/LIBGPS  (  753): SVinfo flag =2, svstatus size =660, numsvs =0
E/GPSenseEngine( 1667): NcFix
D/BatteryMeterView(  847): TimerTask :run --level = 79
D/BatteryMeterView(  847): handleMessage
D/BatteryMeterView(  847): TimerTask :run --level = 79
D/BatteryMeterView(  847): handleMessage
D/BatteryMeterView(  847): TimerTask :run --level = 79
D/BatteryMeterView(  847): handleMessage
D/gralloc.sc8830(  183): fb_post fps = 1.992521
D/GPSenseEngine( 1667): EPH sow 301132:--AS:
D/GPSenseEngine( 1667): CheckState[status:2][bOff:0][Used:0]
D/LIBGPS  (  753): in RMC, fixStatus=V
D/LIBGPS  (  753): set SVINFO_GOT_SV_INFO_FLAG 
D/LIBGPS  (  753): SVinfo flag =2, svstatus size =660, numsvs =0
E/GPSenseEngine( 1667): NcFix
D/GPSenseEngine( 1667): ZZW--SearchSatellitesCond:Di.Zhang sleep Ms 2000.
D/BatteryMeterView(  847): TimerTask :run --level = 99
D/BatteryMeterView(  847): handleMessage
D/BatteryMeterView(  847): TimerTask :run --level = 99
D/BatteryMeterView(  847): TimerTask :run --level = 99
D/BatteryMeterView(  847): handleMessage
D/BatteryMeterView(  847): handleMessage
D/gralloc.sc8830(  183): fb_post fps = 1.988229
E/GPSenseEngine( 1667): NcFix
D/GPSenseEngine( 1667): EPH sow 301133:--AS:
D/GPSenseEngine( 1667): CheckState[status:2][bOff:0][Used:0]
D/LIBGPS  (  753): in RMC, fixStatus=V
D/LIBGPS  (  753): set SVINFO_GOT_SV_INFO_FLAG 
D/LIBGPS  (  753): SVinfo flag =2, svstatus size =660, numsvs =0
D/wpa_supplicant(  846): wlan0: Control interface command 'SIGNAL_POLL'
E/GPSenseEngine( 1667): NcFix
W/ActivityManager(  753): getTasks: caller 10122 does not hold REAL_GET_TASKS; limiting output
D/BatteryMeterView(  847): TimerTask :run --level = 39
D/BatteryMeterView(  847): handleMessage
D/BatteryMeterView(  847): TimerTask :run --level = 39
D/BatteryMeterView(  847): TimerTask :run --level = 39
D/BatteryMeterView(  847): handleMessage
D/BatteryMeterView(  847): handleMessage
D/gralloc.sc8830(  183): fb_post fps = 1.988108
D/GPSenseEngine( 1667): EPH sow 301134:--AS:
D/GPSenseEngine( 1667): CheckState[status:2][bOff:0][Used:0]
D/LIBGPS  (  753): in RMC, fixStatus=V
D/LIBGPS  (  753): set SVINFO_GOT_SV_INFO_FLAG 
D/LIBGPS  (  753): SVinfo flag =2, svstatus size =660, numsvs =0
D/BatteryMeterView(  847): TimerTask :run --level = 59
D/BatteryMeterView(  847): handleMessage
D/BatteryMeterView(  847): TimerTask :run --level = 59
D/BatteryMeterView(  847): TimerTask :run --level = 59
D/BatteryMeterView(  847): handleMessage
D/BatteryMeterView(  847): handleMessage
D/GPSenseEngine( 1667): EPH sow 301135:--AS:
D/GPSenseEngine( 1667): CheckState[status:2][bOff:0][Used:0]
D/LIBGPS  (  753): in RMC, fixStatus=V
D/LIBGPS  (  753): set SVINFO_GOT_SV_INFO_FLAG 
D/LIBGPS  (  753): SVinfo flag =2, svstatus size =660, numsvs =0
D/WCND    (  200): is_cp2_alive_ok: open polling interface: /dev/spipe_wcn0, fd = 15
D/WCND    (  200): is_cp2_alive_ok: loop: /dev/spipe_wcn0 is OK
D/GPSenseEngine( 1667): ZZW--SearchSatellitesCond:Di.Zhang sleep Ms 2000.
E/GPSenseEngine( 1667): ncfixInfoIndex = 7 / 1965
E/GPSenseEngine( 1667): ====>>>>cgdriver request:CGX_IOCTL_RESET ret = 0
E/GPSenseEngine( 1667): ====>>>>cgdriver request:CGX_IOCTL_READ_SYS_REG ret = -3
D/GPSenseEngine( 1667): FmRequestSnap[type:0][ChosenSnap:11]
E/GPSenseEngine( 1667): ====>>>>cgdriver request:CGX_IOCTL_PREPARE_RECEIVE ret = 0
D/BatteryMeterView(  847): TimerTask :run --level = 79
D/BatteryMeterView(  847): handleMessage
D/BatteryMeterView(  847): TimerTask :run --level = 79
D/BatteryMeterView(  847): TimerTask :run --level = 79
D/BatteryMeterView(  847): handleMessage
D/BatteryMeterView(  847): handleMessage
D/gralloc.sc8830(  183): fb_post fps = 1.011218
D/GPSenseEngine( 1667): EPH sow 301136:--AS:
D/GPSenseEngine( 1667): CheckState[status:2][bOff:0][Used:0]
D/LIBGPS  (  753): in RMC, fixStatus=V
D/LIBGPS  (  753): set SVINFO_GOT_SV_INFO_FLAG 
D/LIBGPS  (  753): SVinfo flag =2, svstatus size =660, numsvs =0
E/GPSenseEngine( 1667): NcFix
D/wpa_supplicant(  846): wlan0: Control interface command 'SIGNAL_POLL'
E/JobServiceContext(  753): Time-out while trying to bind com.indusos.batterysaver/com.evernote.android.job.v21.PlatformJobService jId=249, u0, dropping.
D/AlarmManager(  753): setImpl() action = android.content.jobscheduler.JOB_DELAY_EXPIRED, component = null, type = 3, standalone=false, operation = PendingIntent{1dd93ef6: PendingIntentRecord{ef2f2f7 android broadcastIntent}} tElapsed=7239264, maxElapsed=7255528, interval=0, when = 1519213142156, triggerTime = 2018-02-21 17:09:02
W/AlarmManagerService(  753): set alarm : 7237.107000000
W/AlarmManagerService(  753): set alarm : 7227.891000000
W/AlarmManagerService(  753): set alarm : 7230.307000000
W/AlarmManagerService(  753): set alarm : 7230.382000000
W/AlarmManagerService(  753): set alarm : 7244.161000000
W/AlarmManagerService(  753): set alarm : 7237.107000000
W/AlarmManagerService(  753): set alarm : 7251.132000000
W/AlarmManagerService(  753): set alarm : 7237.107000000
W/AlarmManagerService(  753): set alarm : 7251.132000000
W/AlarmManagerService(  753): set alarm : 7237.107000000
W/AlarmManagerService(  753): set alarm : 7257.394000000
W/AlarmManagerService(  753): set alarm : 7237.107000000
W/AlarmManagerService(  753): set alarm : 7257.394000000
W/AlarmManagerService(  753): set alarm : 7237.107000000
W/AlarmManagerService(  753): set alarm : 7257.394000000
W/AlarmManagerService(  753): set alarm : 7237.107000000
W/AlarmManagerService(  753): set alarm : 7257.394000000
W/AlarmManagerService(  753): set alarm : 7237.107000000
W/AlarmManagerService(  753): set alarm : 7257.394000000
W/AlarmManagerService(  753): set alarm : 7237.107000000
W/AlarmManagerService(  753): set alarm : 7257.394000000
W/AlarmManagerService(  753): set alarm : 7237.107000000
W/AlarmManagerService(  753): set alarm : 7268.064000000
W/AlarmManagerService(  753): set alarm : 7237.107000000
W/AlarmManagerService(  753): set alarm : 7268.064000000
W/AlarmManagerService(  753): set alarm : 7237.107000000
W/AlarmManagerService(  753): set alarm : 7268.064000000
W/AlarmManagerService(  753): set alarm : 7237.107000000
W/AlarmManagerService(  753): set alarm : 7268.064000000
W/AlarmManagerService(  753): set alarm : 7237.107000000
W/AlarmManagerService(  753): set alarm : 7268.064000000
W/AlarmManagerService(  753): set alarm : 7237.107000000
W/AlarmManagerService(  753): set alarm : 7268.064000000
W/AlarmManagerService(  753): set alarm : 7237.107000000
W/AlarmManagerService(  753): set alarm : 7268.064000000
W/AlarmManagerService(  753): set alarm : 7237.107000000
W/AlarmManagerService(  753): set alarm : 7268.064000000
W/AlarmManagerService(  753): set alarm : 7237.107000000
W/AlarmManagerService(  753): set alarm : 7268.064000000
W/AlarmManagerService(  753): set alarm : 7237.107000000
W/AlarmManagerService(  753): set alarm : 7268.064000000
W/AlarmManagerService(  753): set alarm : 7237.107000000
W/AlarmManagerService(  753): set alarm : 7268.064000000
W/AlarmManagerService(  753): set alarm : 7237.107000000
W/AlarmManagerService(  753): set alarm : 7268.064000000
W/AlarmManagerService(  753): set alarm : 7237.107000000
W/AlarmManagerService(  753): set alarm : 7268.064000000
W/AlarmManagerService(  753): set alarm : 7237.107000000
W/AlarmManagerService(  753): set alarm : 7268.064000000
W/AlarmManagerService(  753): set alarm : 7237.107000000
W/AlarmManagerService(  753): set alarm : 7268.064000000
W/AlarmManagerService(  753): set alarm : 7237.107000000
W/AlarmManagerService(  753): set alarm : 7268.064000000
W/AlarmManagerService(  753): set alarm : 7237.107000000
W/AlarmManagerService(  753): set alarm : 7268.064000000
W/AlarmManagerService(  753): set alarm : 7237.107000000
W/AlarmManagerService(  753): set alarm : 7268.064000000
W/AlarmManagerService(  753): set alarm : 7237.107000000
W/AlarmManagerService(  753): set alarm : 7268.064000000
W/AlarmManagerService(  753): set alarm : 7237.107000000
W/AlarmManagerService(  753): set alarm : 7268.064000000
W/AlarmManagerService(  753): set alarm : 7237.107000000
W/AlarmManagerService(  753): set alarm : 7268.064000000
W/AlarmManagerService(  753): set alarm : 7237.107000000
W/AlarmManagerService(  753): set alarm : 7268.064000000
W/AlarmManagerService(  753): set alarm : 7237.107000000
W/AlarmManagerService(  753): set alarm : 7268.064000000
W/AlarmManagerService(  753): set alarm : 7237.107000000
W/AlarmManagerService(  753): set alarm : 7268.064000000
W/AlarmManagerService(  753): set alarm : 7237.107000000
W/AlarmManagerService(  753): set alarm : 7268.064000000
W/AlarmManagerService(  753): set alarm : 7237.107000000
W/AlarmManagerService(  753): set alarm : 7268.064000000
W/AlarmManagerService(  753): set alarm : 7237.107000000
W/AlarmManagerService(  753): set alarm : 7268.064000000
W/AlarmManagerService(  753): set alarm : 7237.107000000
W/AlarmManagerService(  753): set alarm : 7268.064000000
W/AlarmManagerService(  753): set alarm : 7237.107000000
W/AlarmManagerService(  753): set alarm : 7268.064000000
W/AlarmManagerService(  753): set alarm : 7237.107000000
W/AlarmManagerService(  753): set alarm : 7268.064000000
W/AlarmManagerService(  753): set alarm : 7237.107000000
W/AlarmManagerService(  753): set alarm : 7268.064000000
W/AlarmManagerService(  753): set alarm : 7237.107000000
W/AlarmManagerService(  753): set alarm : 7268.064000000
W/AlarmManagerService(  753): set alarm : 7237.107000000
W/AlarmManagerService(  753): set alarm : 7268.064000000
W/AlarmManagerService(  753): set alarm : 7237.107000000
W/AlarmManagerService(  753): set alarm : 7268.064000000
W/AlarmManagerService(  753): set alarm : 7237.107000000
W/AlarmManagerService(  753): set alarm : 7268.064000000
W/AlarmManagerService(  753): set alarm : 7237.107000000
W/AlarmManagerService(  753): set alarm : 7268.064000000
W/AlarmManagerService(  753): set alarm : 7237.107000000
W/AlarmManagerService(  753): set alarm : 7268.064000000
W/AlarmManagerService(  753): set alarm : 7237.107000000
W/AlarmManagerService(  753): set alarm : 7268.064000000
W/AlarmManagerService(  753): set alarm : 7237.107000000
W/AlarmManagerService(  753): set alarm : 7268.064000000
W/AlarmManagerService(  753): set alarm : 7237.107000000
W/AlarmManagerService(  753): set alarm : 7268.064000000
W/AlarmManagerService(  753): set alarm : 7237.107000000
W/AlarmManagerService(  753): set alarm : 7268.064000000
W/AlarmManagerService(  753): set alarm : 7237.107000000
W/AlarmManagerService(  753): set alarm : 7268.064000000
W/AlarmManagerService(  753): set alarm : 7237.107000000
W/AlarmManagerService(  753): set alarm : 7268.064000000
W/AlarmManagerService(  753): set alarm : 7237.107000000
W/AlarmManagerService(  753): set alarm : 7268.064000000
W/AlarmManagerService(  753): set alarm : 7237.107000000
W/AlarmManagerService(  753): set alarm : 7268.064000000
W/AlarmManagerService(  753): set alarm : 7237.107000000
W/AlarmManagerService(  753): set alarm : 7268.064000000
W/AlarmManagerService(  753): set alarm : 7237.107000000
W/AlarmManagerService(  753): set alarm : 7268.064000000
W/AlarmManagerService(  753): set alarm : 7237.107000000
W/AlarmManagerService(  753): set alarm : 7268.064000000
W/AlarmManagerService(  753): set alarm : 7237.107000000
W/AlarmManagerService(  753): set alarm : 7268.064000000
W/AlarmManagerService(  753): set alarm : 7237.107000000
W/AlarmManagerService(  753): set alarm : 7268.064000000
W/AlarmManagerService(  753): set alarm : 7237.107000000
W/AlarmManagerService(  753): set alarm : 7268.064000000
W/AlarmManagerService(  753): set alarm : 7237.107000000
W/AlarmManagerService(  753): set alarm : 7268.064000000
W/AlarmManagerService(  753): set alarm : 7237.107000000
W/AlarmManagerService(  753): set alarm : 7268.064000000
W/AlarmManagerService(  753): set alarm : 7237.107000000
W/AlarmManagerService(  753): set alarm : 7268.064000000
W/AlarmManagerService(  753): set alarm : 7237.107000000
W/AlarmManagerService(  753): set alarm : 7268.064000000
W/AlarmManagerService(  753): set alarm : 7237.107000000
W/AlarmManagerService(  753): set alarm : 7268.064000000
W/AlarmManagerService(  753): set alarm : 7237.107000000
W/AlarmManagerService(  753): set alarm : 7268.064000000
W/AlarmManagerService(  753): set alarm : 7237.107000000
W/AlarmManagerService(  753): set alarm : 7268.064000000
W/AlarmManagerService(  753): set alarm : 7237.107000000
W/AlarmManagerService(  753): set alarm : 7268.064000000
W/AlarmManagerService(  753): set alarm : 7237.107000000
W/AlarmManagerService(  753): set alarm : 7268.064000000
W/AlarmManagerService(  753): set alarm : 7237.107000000
W/AlarmManagerService(  753): set alarm : 7268.064000000
W/AlarmManagerService(  753): set alarm : 7237.107000000
W/AlarmManagerService(  753): set alarm : 7268.064000000
W/AlarmManagerService(  753): set alarm : 7237.107000000
W/AlarmManagerService(  753): set alarm : 7268.064000000
W/AlarmManagerService(  753): set alarm : 7237.107000000
W/AlarmManagerService(  753): set alarm : 7268.064000000
W/AlarmManagerService(  753): set alarm : 7237.107000000
W/AlarmManagerService(  753): set alarm : 7268.064000000
W/AlarmManagerService(  753): set alarm : 7237.107000000
W/AlarmManagerService(  753): set alarm : 7268.064000000
W/AlarmManagerService(  753): set alarm : 7237.107000000
W/AlarmManagerService(  753): set alarm : 7268.064000000
W/AlarmManagerService(  753): set alarm : 7237.107000000
W/AlarmManagerService(  753): set alarm : 7268.064000000
W/AlarmManagerService(  753): set alarm : 7237.107000000
W/AlarmManagerService(  753): set alarm : 7268.064000000
W/AlarmManagerService(  753): set alarm : 7237.107000000
W/AlarmManagerService(  753): set alarm : 7268.064000000
W/AlarmManagerService(  753): set alarm : 7237.107000000
W/AlarmManagerService(  753): set alarm : 7268.064000000
W/AlarmManagerService(  753): set alarm : 7237.107000000
W/AlarmManagerService(  753): set alarm : 7268.064000000
W/AlarmManagerService(  753): set alarm : 7237.107000000
W/AlarmManagerService(  753): set alarm : 7268.064000000
W/AlarmManagerService(  753): set alarm : 7237.107000000
W/AlarmManagerService(  753): set alarm : 7268.064000000
W/AlarmManagerService(  753): set alarm : 7237.107000000
W/AlarmManagerService(  753): set alarm : 7268.064000000
W/AlarmManagerService(  753): set alarm : 7237.107000000
W/AlarmManagerService(  753): set alarm : 7268.064000000
W/AlarmManagerService(  753): set alarm : 7237.107000000
W/AlarmManagerService(  753): set alarm : 7268.064000000
W/AlarmManagerService(  753): set alarm : 7237.107000000
W/AlarmManagerService(  753): set alarm : 7268.064000000
W/AlarmManagerService(  753): set alarm : 7237.107000000
W/AlarmManagerService(  753): set alarm : 7268.064000000
W/AlarmManagerService(  753): set alarm : 7237.107000000
W/AlarmManagerService(  753): set alarm : 7268.064000000
W/AlarmManagerService(  753): set alarm : 7237.107000000
W/AlarmManagerService(  753): set alarm : 7268.064000000
W/AlarmManagerService(  753): set alarm : 7237.107000000
W/AlarmManagerService(  753): set alarm : 7268.064000000
W/AlarmManagerService(  753): set alarm : 7237.107000000
W/AlarmManagerService(  753): set alarm : 7268.064000000
W/AlarmManagerService(  753): set alarm : 7237.107000000
W/AlarmManagerService(  753): set alarm : 7268.064000000
W/AlarmManagerService(  753): set alarm : 7237.107000000
W/AlarmManagerService(  753): set alarm : 7268.064000000
W/AlarmManagerService(  753): set alarm : 7237.107000000
W/AlarmManagerService(  753): set alarm : 7268.064000000
W/AlarmManagerService(  753): set alarm : 7237.107000000
W/AlarmManagerService(  753): set alarm : 7268.064000000
W/AlarmManagerService(  753): set alarm : 7237.107000000
W/AlarmManagerService(  753): set alarm : 7268.064000000
W/AlarmManagerService(  753): set alarm : 7237.107000000
W/AlarmManagerService(  753): set alarm : 7268.064000000
W/AlarmManagerService(  753): set alarm : 7237.107000000
W/AlarmManagerService(  753): set alarm : 7268.064000000
W/AlarmManagerService(  753): set alarm : 7237.107000000
W/AlarmManagerService(  753): set alarm : 7268.064000000
W/AlarmManagerService(  753): set alarm : 7237.107000000
W/AlarmManagerService(  753): set alarm : 7268.064000000
W/AlarmManagerService(  753): set alarm : 7237.107000000
W/AlarmManagerService(  753): set alarm : 7268.064000000
W/AlarmManagerService(  753): set alarm : 7237.107000000
W/AlarmManagerService(  753): set alarm : 7268.064000000
W/AlarmManagerService(  753): set alarm : 7237.107000000
W/AlarmManagerService(  753): set alarm : 7268.064000000
W/AlarmManagerService(  753): set alarm : 7237.107000000
W/AlarmManagerService(  753): set alarm : 7268.064000000
W/AlarmManagerService(  753): set alarm : 7237.107000000
W/AlarmManagerService(  753): set alarm : 7268.064000000
W/AlarmManagerService(  753): set alarm : 7237.107000000
W/AlarmManagerService(  753): set alarm : 7268.064000000
W/AlarmManagerService(  753): set alarm : 7237.107000000
W/AlarmManagerService(  753): set alarm : 7268.064000000
W/AlarmManagerService(  753): set alarm : 7237.107000000
W/AlarmManagerService(  753): set alarm : 7268.064000000
W/AlarmManagerService(  753): set alarm : 7237.107000000
W/AlarmManagerService(  753): set alarm : 7268.064000000
W/AlarmManagerService(  753): set alarm : 7237.107000000
W/AlarmManagerService(  753): set alarm : 7268.064000000
W/AlarmManagerService(  753): set alarm : 7237.107000000
W/AlarmManagerService(  753): set alarm : 7268.064000000
W/AlarmManagerService(  753): set alarm : 7237.107000000
W/AlarmManagerService(  753): set alarm : 7268.064000000
W/AlarmManagerService(  753): set alarm : 7237.107000000
W/AlarmManagerService(  753): set alarm : 7268.064000000
W/AlarmManagerService(  753): set alarm : 7237.107000000
W/AlarmManagerService(  753): set alarm : 7268.064000000
W/AlarmManagerService(  753): set alarm : 7237.107000000
W/AlarmManagerService(  753): set alarm : 7268.064000000
W/AlarmManagerService(  753): set alarm : 7237.107000000
W/AlarmManagerService(  753): set alarm : 7268.064000000
W/AlarmManagerService(  753): set alarm : 7237.107000000
W/AlarmManagerService(  753): set alarm : 7268.064000000
W/AlarmManagerService(  753): set alarm : 7237.107000000
W/AlarmManagerService(  753): set alarm : 7268.064000000
W/AlarmManagerService(  753): set alarm : 7237.107000000
W/AlarmManagerService(  753): set alarm : 7268.064000000
W/AlarmManagerService(  753): set alarm : 7237.107000000
W/AlarmManagerService(  753): set alarm : 7268.064000000
W/AlarmManagerService(  753): set alarm : 7237.107000000
W/AlarmManagerService(  753): set alarm : 7268.064000000
W/AlarmManagerService(  753): set alarm : 7237.107000000
W/AlarmManagerService(  753): set alarm : 7268.064000000
W/AlarmManagerService(  753): set alarm : 7237.107000000
W/AlarmManagerService(  753): set alarm : 7268.064000000
W/AlarmManagerService(  753): set alarm : 7237.107000000
W/AlarmManagerService(  753): set alarm : 7268.064000000
W/AlarmManagerService(  753): set alarm : 7237.107000000
W/AlarmManagerService(  753): set alarm : 7268.064000000
W/AlarmManagerService(  753): set alarm : 7237.107000000
W/AlarmManagerService(  753): set alarm : 7268.064000000
W/AlarmManagerService(  753): set alarm : 7237.107000000
W/AlarmManagerService(  753): set alarm : 7268.064000000
W/AlarmManagerService(  753): set alarm : 7237.107000000
W/AlarmManagerService(  753): set alarm : 7268.064000000
W/AlarmManagerService(  753): set alarm : 7237.107000000
W/AlarmManagerService(  753): set alarm : 7268.064000000
W/AlarmManagerService(  753): set alarm : 7237.107000000
W/AlarmManagerService(  753): set alarm : 7268.064000000
W/AlarmManagerService(  753): set alarm : 7237.107000000
W/AlarmManagerService(  753): set alarm : 7268.064000000
W/AlarmManagerService(  753): set alarm : 7237.107000000
W/AlarmManagerService(  753): set alarm : 7268.064000000
W/AlarmManagerService(  753): set alarm : 7237.107000000
W/AlarmManagerService(  753): set alarm : 7268.064000000
W/AlarmManagerService(  753): set alarm : 7237.107000000
W/AlarmManagerService(  753): set alarm : 7268.064000000
W/AlarmManagerService(  753): set alarm : 7237.107000000
W/AlarmManagerService(  753): set alarm : 7268.064000000
W/AlarmManagerService(  753): set alarm : 7237.107000000
W/AlarmManagerService(  753): set alarm : 7268.064000000
W/AlarmManagerService(  753): set alarm : 7237.107000000
W/AlarmManagerService(  753): set alarm : 7268.064000000
W/AlarmManagerService(  753): set alarm : 7237.107000000
W/AlarmManagerService(  753): set alarm : 7268.064000000
W/AlarmManagerService(  753): set alarm : 7237.107000000
W/AlarmManagerService(  753): set alarm : 7268.064000000
W/AlarmManagerService(  753): set alarm : 7237.107000000
W/AlarmManagerService(  753): set alarm : 7268.064000000
W/AlarmManagerService(  753): set alarm : 7237.107000000
W/AlarmManagerService(  753): set alarm : 7268.064000000
W/AlarmManagerService(  753): set alarm : 7237.107000000
W/AlarmManagerService(  753): set alarm : 7268.064000000
W/AlarmManagerService(  753): set alarm : 7237.107000000
W/AlarmManagerService(  753): set alarm : 7268.064000000
W/AlarmManagerService(  753): set alarm : 7237.107000000
W/AlarmManagerService(  753): set alarm : 7268.064000000
W/AlarmManagerService(  753): set alarm : 7237.107000000
W/AlarmManagerService(  753): set alarm : 7268.064000000
W/AlarmManagerService(  753): set alarm : 7237.107000000
W/AlarmManagerService(  753): set alarm : 7268.064000000
W/AlarmManagerService(  753): set alarm : 7237.107000000
W/AlarmManagerService(  753): set alarm : 7268.064000000
W/AlarmManagerService(  753): set alarm : 7237.107000000
W/AlarmManagerService(  753): set alarm : 7268.064000000
W/AlarmManagerService(  753): set alarm : 7237.107000000
W/AlarmManagerService(  753): set alarm : 7268.064000000
W/AlarmManagerService(  753): set alarm : 7237.107000000
W/AlarmManagerService(  753): set alarm : 7268.064000000
W/AlarmManagerService(  753): set alarm : 7237.107000000
W/AlarmManagerService(  753): set alarm : 7268.064000000
W/AlarmManagerService(  753): set alarm : 7237.107000000
W/AlarmManagerService(  753): set alarm : 7268.064000000
W/AlarmManagerService(  753): set alarm : 7237.107000000
W/AlarmManagerService(  753): set alarm : 7268.064000000
W/AlarmManagerService(  753): set alarm : 7237.107000000
W/AlarmManagerService(  753): set alarm : 7268.064000000
W/AlarmManagerService(  753): set alarm : 7237.107000000
W/AlarmManagerService(  753): set alarm : 7268.064000000
W/AlarmManagerService(  753): set alarm : 7237.107000000
W/AlarmManagerService(  753): set alarm : 7268.064000000
W/AlarmManagerService(  753): set alarm : 7237.107000000
W/AlarmManagerService(  753): set alarm : 7268.064000000
W/AlarmManagerService(  753): set alarm : 7237.107000000
W/AlarmManagerService(  753): set alarm : 7268.064000000
W/AlarmManagerService(  753): set alarm : 7237.107000000
W/AlarmManagerService(  753): set alarm : 7268.064000000
W/AlarmManagerService(  753): set alarm : 7237.107000000
W/AlarmManagerService(  753): set alarm : 7268.064000000
W/AlarmManagerService(  753): set alarm : 7237.107000000
W/AlarmManagerService(  753): set alarm : 7268.064000000
W/AlarmManagerService(  753): set alarm : 7237.107000000
W/AlarmManagerService(  753): set alarm : 7268.064000000
W/AlarmManagerService(  753): set alarm : 7237.107000000
W/AlarmManagerService(  753): set alarm : 7268.064000000
W/AlarmManagerService(  753): set alarm : 7237.107000000
W/AlarmManagerService(  753): set alarm : 7268.064000000
W/AlarmManagerService(  753): set alarm : 7237.107000000
W/AlarmManagerService(  753): set alarm : 7268.064000000
W/AlarmManagerService(  753): set alarm : 7237.107000000
W/AlarmManagerService(  753): set alarm : 7268.064000000
W/AlarmManagerService(  753): set alarm : 7237.107000000
W/AlarmManagerService(  753): set alarm : 7268.064000000
W/AlarmManagerService(  753): set alarm : 7237.107000000
W/AlarmManagerService(  753): set alarm : 7268.064000000
W/AlarmManagerService(  753): set alarm : 7237.107000000
W/AlarmManagerService(  753): set alarm : 7268.064000000
W/AlarmManagerService(  753): set alarm : 7237.107000000
W/AlarmManagerService(  753): set alarm : 7268.064000000
W/AlarmManagerService(  753): set alarm : 7237.107000000
W/AlarmManagerService(  753): set alarm : 7268.064000000
W/AlarmManagerService(  753): set alarm : 7237.107000000
W/AlarmManagerService(  753): set alarm : 7268.064000000
W/AlarmManagerService(  753): set alarm : 7237.107000000
W/AlarmManagerService(  753): set alarm : 7268.064000000
W/AlarmManagerService(  753): set alarm : 7237.107000000
W/AlarmManagerService(  753): set alarm : 7268.064000000
W/AlarmManagerService(  753): set alarm : 7237.107000000
W/AlarmManagerService(  753): set alarm : 7268.064000000
W/AlarmManagerService(  753): set alarm : 7237.107000000
W/AlarmManagerService(  753): set alarm : 7268.064000000
W/AlarmManagerService(  753): set alarm : 7237.107000000
W/AlarmManagerService(  753): set alarm : 7268.064000000
W/AlarmManagerService(  753): set alarm : 7237.107000000
W/AlarmManagerService(  753): set alarm : 7268.064000000
W/AlarmManagerService(  753): set alarm : 7237.107000000
W/AlarmManagerService(  753): set alarm : 7268.064000000
W/AlarmManagerService(  753): set alarm : 7237.107000000
W/AlarmManagerService(  753): set alarm : 7268.064000000
W/AlarmManagerService(  753): set alarm : 7237.107000000
W/AlarmManagerService(  753): set alarm : 7268.064000000
W/AlarmManagerService(  753): set alarm : 7237.107000000
W/AlarmManagerService(  753): set alarm : 7268.064000000
W/AlarmManagerService(  753): set alarm : 7237.107000000
W/AlarmManagerService(  753): set alarm : 7268.064000000
W/AlarmManagerService(  753): set alarm : 7237.107000000
W/AlarmManagerService(  753): set alarm : 7268.064000000
W/AlarmManagerService(  753): set alarm : 7237.107000000
W/AlarmManagerService(  753): set alarm : 7268.064000000
W/AlarmManagerService(  753): set alarm : 7237.107000000
W/AlarmManagerService(  753): set alarm : 7268.064000000
W/AlarmManagerService(  753): set alarm : 7237.107000000
W/AlarmManagerService(  753): set alarm : 7268.064000000
W/AlarmManagerService(  753): set alarm : 7237.107000000
W/AlarmManagerService(  753): set alarm : 7268.064000000
W/AlarmManagerService(  753): set alarm : 7237.107000000
W/AlarmManagerService(  753): set alarm : 7268.064000000
W/AlarmManagerService(  753): set alarm : 7237.107000000
W/AlarmManagerService(  753): set alarm : 7268.064000000
W/AlarmManagerService(  753): set alarm : 7237.107000000
W/AlarmManagerService(  753): set alarm : 7268.064000000
W/AlarmManagerService(  753): set alarm : 7237.107000000
W/AlarmManagerService(  753): set alarm : 7268.064000000
W/AlarmManagerService(  753): set alarm : 7237.107000000
W/AlarmManagerService(  753): set alarm : 7268.064000000
W/AlarmManagerService(  753): set alarm : 7237.107000000
W/AlarmManagerService(  753): set alarm : 7268.064000000
W/AlarmManagerService(  753): set alarm : 7237.107000000
W/AlarmManagerService(  753): set alarm : 7268.064000000
W/AlarmManagerService(  753): set alarm : 7237.107000000
W/AlarmManagerService(  753): set alarm : 7268.064000000
W/AlarmManagerService(  753): set alarm : 7237.107000000
W/AlarmManagerService(  753): set alarm : 7268.064000000
W/AlarmManagerService(  753): set alarm : 7237.107000000
W/AlarmManagerService(  753): set alarm : 7268.064000000
W/AlarmManagerService(  753): set alarm : 7237.107000000
W/AlarmManagerService(  753): set alarm : 7268.064000000
W/AlarmManagerService(  753): set alarm : 7237.107000000
W/AlarmManagerService(  753): set alarm : 7268.064000000
W/AlarmManagerService(  753): set alarm : 7237.107000000
W/AlarmManagerService(  753): set alarm : 7268.064000000
W/AlarmManagerService(  753): set alarm : 7237.107000000
W/AlarmManagerService(  753): set alarm : 7268.064000000
W/AlarmManagerService(  753): set alarm : 7237.107000000
W/AlarmManagerService(  753): set alarm : 7268.064000000
W/AlarmManagerService(  753): set alarm : 7237.107000000
W/AlarmManagerService(  753): set alarm : 7268.064000000
W/AlarmManagerService(  753): set alarm : 7237.107000000
W/AlarmManagerService(  753): set alarm : 7268.064000000
W/AlarmManagerService(  753): set alarm : 7237.107000000
W/AlarmManagerService(  753): set alarm : 7268.064000000
W/AlarmManagerService(  753): set alarm : 7237.107000000
W/AlarmManagerService(  753): set alarm : 7268.064000000
W/AlarmManagerService(  753): set alarm : 7237.107000000
W/AlarmManagerService(  753): set alarm : 7268.064000000
W/AlarmManagerService(  753): set alarm : 7237.107000000
W/AlarmManagerService(  753): set alarm : 7268.064000000
W/AlarmManagerService(  753): set alarm : 7237.107000000
W/AlarmManagerService(  753): set alarm : 7268.064000000
W/AlarmManagerService(  753): set alarm : 7237.107000000
W/AlarmManagerService(  753): set alarm : 7268.064000000
W/AlarmManagerService(  753): set alarm : 7237.107000000
W/AlarmManagerService(  753): set alarm : 7268.064000000
W/AlarmManagerService(  753): set alarm : 7237.107000000
W/AlarmManagerService(  753): set alarm : 7268.064000000
W/AlarmManagerService(  753): set alarm : 7237.107000000
W/AlarmManagerService(  753): set alarm : 7268.064000000
W/AlarmManagerService(  753): set alarm : 7237.107000000
W/AlarmManagerService(  753): set alarm : 7268.064000000
W/AlarmManagerService(  753): set alarm : 7237.107000000
W/AlarmManagerService(  753): set alarm : 7268.064000000
W/AlarmManagerService(  753): set alarm : 7237.107000000
W/AlarmManagerService(  753): set alarm : 7268.064000000
W/AlarmManagerService(  753): set alarm : 7237.107000000
W/AlarmManagerService(  753): set alarm : 7268.064000000
W/AlarmManagerService(  753): set alarm : 7237.107000000
W/AlarmManagerService(  753): set alarm : 7268.064000000
W/AlarmManagerService(  753): set alarm : 7237.107000000
W/AlarmManagerService(  753): set alarm : 7268.064000000
W/AlarmManagerService(  753): set alarm : 7237.107000000
W/AlarmManagerService(  753): set alarm : 7268.064000000
W/AlarmManagerService(  753): set alarm : 7237.107000000
W/AlarmManagerService(  753): set alarm : 7268.064000000
W/AlarmManagerService(  753): set alarm : 7237.107000000
W/AlarmManagerService(  753): set alarm : 7268.064000000
W/AlarmManagerService(  753): set alarm : 7237.107000000
W/AlarmManagerService(  753): set alarm : 7268.064000000
W/AlarmManagerService(  753): set alarm : 7237.107000000
W/AlarmManagerService(  753): set alarm : 7268.064000000
W/AlarmManagerService(  753): set alarm : 7237.107000000
W/AlarmManagerService(  753): set alarm : 7268.064000000
W/AlarmManagerService(  753): set alarm : 7237.107000000
W/AlarmManagerService(  753): set alarm : 7268.064000000
W/AlarmManagerService(  753): set alarm : 7237.107000000
W/AlarmManagerService(  753): set alarm : 7268.064000000
W/AlarmManagerService(  753): set alarm : 7237.107000000
W/AlarmManagerService(  753): set alarm : 7268.064000000
W/AlarmManagerService(  753): set alarm : 7237.107000000
W/AlarmManagerService(  753): set alarm : 7268.064000000
W/AlarmManagerService(  753): set alarm : 7237.107000000
W/AlarmManagerService(  753): set alarm : 7268.064000000
W/AlarmManagerService(  753): set alarm : 7237.107000000
W/AlarmManagerService(  753): set alarm : 7268.064000000
W/AlarmManagerService(  753): set alarm : 7237.107000000
W/AlarmManagerService(  753): set alarm : 7268.064000000
W/AlarmManagerService(  753): set alarm : 7237.107000000
W/AlarmManagerService(  753): set alarm : 7268.064000000
W/AlarmManagerService(  753): set alarm : 7237.107000000
W/AlarmManagerService(  753): set alarm : 7268.064000000
W/AlarmManagerService(  753): set alarm : 7237.107000000
W/AlarmManagerService(  753): set alarm : 7268.064000000
W/AlarmManagerService(  753): set alarm : 7237.107000000
W/AlarmManagerService(  753): set alarm : 7268.064000000
W/AlarmManagerService(  753): set alarm : 7237.107000000
W/AlarmManagerService(  753): set alarm : 7268.064000000
W/AlarmManagerService(  753): set alarm : 7237.107000000
W/AlarmManagerService(  753): set alarm : 7268.064000000
W/AlarmManagerService(  753): set alarm : 7237.107000000
W/AlarmManagerService(  753): set alarm : 7268.064000000
W/AlarmManagerService(  753): set alarm : 7237.107000000
W/AlarmManagerService(  753): set alarm : 7268.064000000
W/AlarmManagerService(  753): set alarm : 7237.107000000
W/AlarmManagerService(  753): set alarm : 7268.064000000
W/AlarmManagerService(  753): set alarm : 7237.107000000
W/AlarmManagerService(  753): set alarm : 7268.064000000
W/AlarmManagerService(  753): set alarm : 7237.107000000
W/AlarmManagerService(  753): set alarm : 7268.064000000
W/AlarmManagerService(  753): set alarm : 7237.107000000
W/AlarmManagerService(  753): set alarm : 7268.064000000
W/AlarmManagerService(  753): set alarm : 7237.107000000
W/AlarmManagerService(  753): set alarm : 7268.064000000
W/AlarmManagerService(  753): set alarm : 7237.107000000
W/AlarmManagerService(  753): set alarm : 7268.064000000
W/AlarmManagerService(  753): set alarm : 7237.107000000
W/AlarmManagerService(  753): set alarm : 7268.064000000
W/AlarmManagerService(  753): set alarm : 7237.107000000
W/AlarmManagerService(  753): set alarm : 7268.064000000
W/AlarmManagerService(  753): set alarm : 7237.107000000
W/AlarmManagerService(  753): set alarm : 7268.064000000
W/AlarmManagerService(  753): set alarm : 7237.107000000
W/AlarmManagerService(  753): set alarm : 7268.064000000
W/AlarmManagerService(  753): set alarm : 7237.107000000
W/AlarmManagerService(  753): set alarm : 7268.064000000
W/AlarmManagerService(  753): set alarm : 7237.107000000
W/AlarmManagerService(  753): set alarm : 7268.064000000
W/AlarmManagerService(  753): set alarm : 7237.107000000
W/AlarmManagerService(  753): set alarm : 7268.064000000
W/AlarmManagerService(  753): set alarm : 7237.107000000
W/AlarmManagerService(  753): set alarm : 7268.064000000
W/AlarmManagerService(  753): set alarm : 7237.107000000
W/AlarmManagerService(  753): set alarm : 7268.064000000
W/AlarmManagerService(  753): set alarm : 7237.107000000
W/AlarmManagerService(  753): set alarm : 7268.064000000
W/AlarmManagerService(  753): set alarm : 7237.107000000
W/AlarmManagerService(  753): set alarm : 7268.064000000
W/AlarmManagerService(  753): set alarm : 7237.107000000
D/AlarmManager(  753): setImpl() action = android.content.jobscheduler.JOB_DEADLINE_EXPIRED, component = null, type = 3, standalone=false, operation = PendingIntent{582e564: PendingIntentRecord{9f853cd android broadcastIntent}} tElapsed=15103385, maxElapsed=21017702, interval=0, when = 1519221006278, triggerTime = 2018-02-21 19:20:06
W/AlarmManagerService(  753): set alarm : 7237.107000000
W/AlarmManagerService(  753): set alarm : 7237.107000000
W/AlarmManagerService(  753): set alarm : 7237.107000000
W/AlarmManagerService(  753): set alarm : 7239.264000000
W/AlarmManagerService(  753): set alarm : 7237.107000000
W/AlarmManagerService(  753): set alarm : 7239.264000000
W/AlarmManagerService(  753): set alarm : 7237.107000000
W/AlarmManagerService(  753): set alarm : 7244.161000000
W/AlarmManagerService(  753): set alarm : 7237.107000000
W/AlarmManagerService(  753): set alarm : 7251.132000000
W/AlarmManagerService(  753): set alarm : 7237.107000000
W/AlarmManagerService(  753): set alarm : 7251.132000000
W/AlarmManagerService(  753): set alarm : 7237.107000000
W/AlarmManagerService(  753): set alarm : 7251.132000000
W/AlarmManagerService(  753): set alarm : 7237.107000000
W/AlarmManagerService(  753): set alarm : 7251.132000000
W/AlarmManagerService(  753): set alarm : 7237.107000000
W/AlarmManagerService(  753): set alarm : 7251.132000000
W/AlarmManagerService(  753): set alarm : 7237.107000000
W/AlarmManagerService(  753): set alarm : 7251.132000000
W/AlarmManagerService(  753): set alarm : 7237.107000000
W/AlarmManagerService(  753): set alarm : 7251.132000000
W/AlarmManagerService(  753): set alarm : 7237.107000000
W/AlarmManagerService(  753): set alarm : 7251.132000000
W/AlarmManagerService(  753): set alarm : 7237.107000000
W/AlarmManagerService(  753): set alarm : 7251.132000000
W/AlarmManagerService(  753): set alarm : 7237.107000000
W/AlarmManagerService(  753): set alarm : 7251.132000000
W/AlarmManagerService(  753): set alarm : 7237.107000000
W/AlarmManagerService(  753): set alarm : 7251.132000000
W/AlarmManagerService(  753): set alarm : 7237.107000000
W/AlarmManagerService(  753): set alarm : 7251.132000000
W/AlarmManagerService(  753): set alarm : 7237.107000000
W/AlarmManagerService(  753): set alarm : 7251.132000000
W/AlarmManagerService(  753): set alarm : 7237.107000000
W/AlarmManagerService(  753): set alarm : 7251.132000000
W/AlarmManagerService(  753): set alarm : 7237.107000000
W/AlarmManagerService(  753): set alarm : 7251.132000000
W/AlarmManagerService(  753): set alarm : 7237.107000000
W/AlarmManagerService(  753): set alarm : 7251.132000000
W/AlarmManagerService(  753): set alarm : 7237.107000000
W/AlarmManagerService(  753): set alarm : 7251.132000000
W/AlarmManagerService(  753): set alarm : 7237.107000000
W/AlarmManagerService(  753): set alarm : 7251.132000000
W/AlarmManagerService(  753): set alarm : 7237.107000000
W/AlarmManagerService(  753): set alarm : 7251.132000000
W/AlarmManagerService(  753): set alarm : 7237.107000000
W/AlarmManagerService(  753): set alarm : 7251.132000000
W/AlarmManagerService(  753): set alarm : 7237.107000000
W/AlarmManagerService(  753): set alarm : 7251.132000000
W/AlarmManagerService(  753): set alarm : 7237.107000000
W/AlarmManagerService(  753): set alarm : 7251.132000000
W/AlarmManagerService(  753): set alarm : 7237.107000000
W/AlarmManagerService(  753): set alarm : 7251.132000000
W/AlarmManagerService(  753): set alarm : 7237.107000000
W/AlarmManagerService(  753): set alarm : 7251.132000000
W/AlarmManagerService(  753): set alarm : 7237.107000000
W/AlarmManagerService(  753): set alarm : 7251.132000000
W/AlarmManagerService(  753): set alarm : 7237.107000000
W/AlarmManagerService(  753): set alarm : 7251.132000000
W/AlarmManagerService(  753): set alarm : 7237.107000000
W/AlarmManagerService(  753): set alarm : 7251.132000000
W/AlarmManagerService(  753): set alarm : 7237.107000000
W/AlarmManagerService(  753): set alarm : 7251.132000000
W/AlarmManagerService(  753): set alarm : 7237.107000000
W/AlarmManagerService(  753): set alarm : 7251.132000000
W/AlarmManagerService(  753): set alarm : 7237.107000000
W/AlarmManagerService(  753): set alarm : 7251.132000000
W/AlarmManagerService(  753): set alarm : 7237.107000000
W/AlarmManagerService(  753): set alarm : 7251.132000000
W/AlarmManagerService(  753): set alarm : 7237.107000000
W/AlarmManagerService(  753): set alarm : 7251.132000000
W/AlarmManagerService(  753): set alarm : 7237.107000000
W/AlarmManagerService(  753): set alarm : 7251.132000000
W/AlarmManagerService(  753): set alarm : 7237.107000000
W/AlarmManagerService(  753): set alarm : 7251.132000000
W/AlarmManagerService(  753): set alarm : 7237.107000000
W/AlarmManagerService(  753): set alarm : 7251.132000000
W/AlarmManagerService(  753): set alarm : 7237.107000000
W/AlarmManagerService(  753): set alarm : 7251.132000000
W/AlarmManagerService(  753): set alarm : 7237.107000000
W/AlarmManagerService(  753): set alarm : 7251.132000000
W/AlarmManagerService(  753): set alarm : 7237.107000000
W/AlarmManagerService(  753): set alarm : 7251.132000000
W/AlarmManagerService(  753): set alarm : 7237.107000000
W/AlarmManagerService(  753): set alarm : 7251.132000000
W/AlarmManagerService(  753): set alarm : 7237.107000000
W/AlarmManagerService(  753): set alarm : 7251.132000000
W/AlarmManagerService(  753): set alarm : 7237.107000000
W/AlarmManagerService(  753): set alarm : 7251.132000000
W/AlarmManagerService(  753): set alarm : 7237.107000000
W/AlarmManagerService(  753): set alarm : 7251.132000000
W/AlarmManagerService(  753): set alarm : 7237.107000000
W/AlarmManagerService(  753): set alarm : 7251.132000000
W/AlarmManagerService(  753): set alarm : 7237.107000000
W/AlarmManagerService(  753): set alarm : 7251.