W/AlarmManagerService(  753): set alarm : 7257.394000000
W/AlarmManagerService(  753): set alarm : 7237.107000000
W/AlarmManagerService(  753): set alarm : 7257.394000000
W/AlarmManagerService(  753): set alarm : 7237.107000000
W/AlarmManagerService(  753): set alarm : 7257.394000000
W/AlarmManagerService(  753): set alarm : 7237.107000000
W/AlarmManagerService(  753): set alarm : 7257.394000000
W/AlarmManagerService(  753): set alarm : 7237.107000000
W/AlarmManagerService(  753): set alarm : 7257.394000000
W/AlarmManagerService(  753): set alarm : 7237.107000000
W/AlarmManagerService(  753): set alarm : 7257.394000000
W/AlarmManagerService(  753): set alarm : 7237.107000000
W/AlarmManagerService(  753): set alarm : 7257.394000000
W/AlarmManagerService(  753): set alarm : 7237.107000000
W/AlarmManagerService(  753): set alarm : 7257.394000000
W/AlarmManagerService(  753): set alarm : 7237.107000000
W/AlarmManagerService(  753): set alarm : 7257.394000000
W/AlarmManagerService(  753): set alarm : 7237.107000000
W/AlarmManagerService(  753): set alarm : 7257.394000000
W/AlarmManagerService(  753): set alarm : 7237.107000000
W/AlarmManagerService(  753): set alarm : 7257.394000000
W/AlarmManagerService(  753): set alarm : 7237.107000000
W/AlarmManagerService(  753): set alarm : 7257.394000000
W/AlarmManagerService(  753): set alarm : 7237.107000000
W/AlarmManagerService(  753): set alarm : 7257.394000000
W/AlarmManagerService(  753): set alarm : 7237.107000000
W/AlarmManagerService(  753): set alarm : 7257.394000000
W/AlarmManagerService(  753): set alarm : 7237.107000000
W/AlarmManagerService(  753): set alarm : 7257.394000000
W/AlarmManagerService(  753): set alarm : 7237.107000000
W/AlarmManagerService(  753): set alarm : 7257.394000000
W/AlarmManagerService(  753): set alarm : 7237.107000000
W/AlarmManagerService(  753): set alarm : 7257.394000000
W/AlarmManagerService(  753): set alarm : 7237.107000000
W/AlarmManagerService(  753): set alarm : 7257.394000000
W/AlarmManagerService(  753): set alarm : 7237.107000000
W/AlarmManagerService(  753): set alarm : 7257.394000000
W/AlarmManagerService(  753): set alarm : 7237.107000000
W/AlarmManagerService(  753): set alarm : 7257.394000000
W/AlarmManagerService(  753): set alarm : 7237.107000000
W/AlarmManagerService(  753): set alarm : 7257.394000000
W/AlarmManagerService(  753): set alarm : 7237.107000000
W/AlarmManagerService(  753): set alarm : 7257.394000000
W/AlarmManagerService(  753): set alarm : 7237.107000000
W/AlarmManagerService(  753): set alarm : 7257.394000000
W/AlarmManagerService(  753): set alarm : 7237.107000000
W/AlarmManagerService(  753): set alarm : 7257.394000000
W/AlarmManagerService(  753): set alarm : 7237.107000000
W/AlarmManagerService(  753): set alarm : 7257.394000000
W/AlarmManagerService(  753): set alarm : 7237.107000000
W/AlarmManagerService(  753): set alarm : 7257.394000000
W/AlarmManagerService(  753): set alarm : 7237.107000000
W/AlarmManagerService(  753): set alarm : 7257.394000000
W/AlarmManagerService(  753): set alarm : 7237.107000000
W/AlarmManagerService(  753): set alarm : 7257.394000000
W/AlarmManagerService(  753): set alarm : 7237.107000000
W/AlarmManagerService(  753): set alarm : 7257.394000000
W/AlarmManagerService(  753): set alarm : 7237.107000000
W/AlarmManagerService(  753): set alarm : 7257.394000000
W/AlarmManagerService(  753): set alarm : 7237.107000000
W/AlarmManagerService(  753): set alarm : 7257.394000000
W/AlarmManagerService(  753): set alarm : 7237.107000000
W/AlarmManagerService(  753): set alarm : 7257.394000000
W/AlarmManagerService(  753): set alarm : 7237.107000000
W/AlarmManagerService(  753): set alarm : 7257.394000000
W/AlarmManagerService(  753): set alarm : 7237.107000000
W/AlarmManagerService(  753): set alarm : 7257.394000000
W/AlarmManagerService(  753): set alarm : 7237.107000000
W/ActivityManager(  753): getTasks: caller 10122 does not hold REAL_GET_TASKS; limiting output
W/AlarmManagerService(  753): set alarm : 7257.394000000
W/AlarmManagerService(  753): set alarm : 7237.107000000
W/AlarmManagerService(  753): set alarm : 7257.394000000
W/AlarmManagerService(  753): set alarm : 7237.107000000
W/AlarmManagerService(  753): set alarm : 7257.394000000
W/AlarmManagerService(  753): set alarm : 7237.107000000
W/AlarmManagerService(  753): set alarm : 7257.394000000
W/AlarmManagerService(  753): set alarm : 7237.107000000
W/AlarmManagerService(  753): set alarm : 7257.394000000
W/AlarmManagerService(  753): set alarm : 7237.107000000
W/AlarmManagerService(  753): set alarm : 7257.394000000
W/AlarmManagerService(  753): set alarm : 7237.107000000
W/AlarmManagerService(  753): set alarm : 7257.394000000
W/AlarmManagerService(  753): set alarm : 7237.107000000
W/AlarmManagerService(  753): set alarm : 7257.394000000
W/AlarmManagerService(  753): set alarm : 7237.107000000
W/AlarmManagerService(  753): set alarm : 7257.394000000
W/AlarmManagerService(  753): set alarm : 7237.107000000
W/AlarmManagerService(  753): set alarm : 7257.394000000
W/AlarmManagerService(  753): set alarm : 7237.107000000
W/AlarmManagerService(  753): set alarm : 7257.394000000
W/AlarmManagerService(  753): set alarm : 7237.107000000
W/AlarmManagerService(  753): set alarm : 7257.394000000
W/AlarmManagerService(  753): set alarm : 7237.107000000
W/AlarmManagerService(  753): set alarm : 7257.394000000
W/AlarmManagerService(  753): set alarm : 7237.107000000
W/AlarmManagerService(  753): set alarm : 7257.394000000
W/AlarmManagerService(  753): set alarm : 7237.107000000
W/AlarmManagerService(  753): set alarm : 7257.394000000
W/AlarmManagerService(  753): set alarm : 7237.107000000
W/AlarmManagerService(  753): set alarm : 7257.394000000
W/AlarmManagerService(  753): set alarm : 7237.107000000
W/AlarmManagerService(  753): set alarm : 7257.394000000
W/AlarmManagerService(  753): set alarm : 7237.107000000
W/AlarmManagerService(  753): set alarm : 7257.394000000
W/AlarmManagerService(  753): set alarm : 7237.107000000
W/AlarmManagerService(  753): set alarm : 7257.394000000
W/AlarmManagerService(  753): set alarm : 7237.107000000
W/AlarmManagerService(  753): set alarm : 7257.394000000
W/AlarmManagerService(  753): set alarm : 7237.107000000
W/AlarmManagerService(  753): set alarm : 7257.394000000
W/AlarmManagerService(  753): set alarm : 7237.107000000
W/AlarmManagerService(  753): set alarm : 7257.394000000
W/AlarmManagerService(  753): set alarm : 7237.107000000
W/System.err(  753): java.lang.Exception: sprd
W/System.err(  753): 	at android.database.AbstractCursor.<init>(AbstractCursor.java:185)
W/System.err(  753): 	at android.database.AbstractWindowedCursor.<init>(AbstractWindowedCursor.java:36)
W/System.err(  753): 	at android.database.sqlite.SQLiteCursor.<init>(SQLiteCursor.java:93)
W/System.err(  753): 	at android.database.sqlite.SQLiteDirectCursorDriver.query(SQLiteDirectCursorDriver.java:50)
W/System.err(  753): 	at android.database.sqlite.SQLiteDatabase.rawQueryWithFactory(SQLiteDatabase.java:1316)
W/System.err(  753): 	at android.database.sqlite.SQLiteDatabase.queryWithFactory(SQLiteDatabase.java:1163)
W/System.err(  753): 	at android.database.sqlite.SQLiteDatabase.query(SQLiteDatabase.java:1034)
W/System.err(  753): 	at android.database.sqlite.SQLiteDatabase.query(SQLiteDatabase.java:1202)
W/System.err(  753): 	at com.android.server.accounts.AccountManagerService.readPasswordInternal(AccountManagerService.java:537)
W/System.err(  753): 	at com.android.server.accounts.AccountManagerService.getPassword(AccountManagerService.java:524)
W/System.err(  753): 	at android.accounts.IAccountManager$Stub.onTransact(IAccountManager.java:59)
W/System.err(  753): 	at com.android.server.accounts.AccountManagerService.onTransact(AccountManagerService.java:298)
W/System.err(  753): 	at android.os.Binder.execTransact(Binder.java:469)
E/Cursor  (  753): AbstractCursor mPos = -1 
E/Cursor  (  753): moveToNext 0
E/Cursor  (  753): moveToPosition position 0
E/Cursor  (  753): moveToPosition onMove mPos = position 
E/Auth    ( 1323): [GoogleAccountDataServiceImpl] getToken() -> BAD_AUTHENTICATION. Account: <ELLIDED:-2110606154>, App: com.google.android.gms, Service: oauth2:https://www.googleapis.com/auth/playatoms
E/Auth    ( 1323): fcp: Long live credential not available.
E/Auth    ( 1323): 	at fcq.b(:com.google.android.gms@11975234:10)
E/Auth    ( 1323): 	at fcq.a(:com.google.android.gms@11975234:50)
E/Auth    ( 1323): 	at fba.a(:com.google.android.gms@11975234:37)
E/Auth    ( 1323): 	at goy.a(:com.google.android.gms@11975234:7)
E/Auth    ( 1323): 	at goy.a(:com.google.android.gms@11975234:155)
E/Auth    ( 1323): 	at gny.a(:com.google.android.gms@11975234:2)
E/Auth    ( 1323): 	at gnw.a(:com.google.android.gms@11975234:17)
E/Auth    ( 1323): 	at gnw.a(:com.google.android.gms@11975234:6)
E/Auth    ( 1323): 	at cpf.a(:com.google.android.gms@11975234:25)
E/Auth    ( 1323): 	at cpf.a(:com.google.android.gms@11975234:80)
E/Auth    ( 1323): 	at eyd.a(:com.google.android.gms@11975234:6)
E/Auth    ( 1323): 	at eyc.a(:com.google.android.gms@11975234:2)
E/Auth    ( 1323): 	at eyc.e(:com.google.android.gms@11975234:6)
E/Auth    ( 1323): 	at eyb.a(:com.google.android.gms@11975234:1)
E/Auth    ( 1323): 	at ezr.getAuthToken(:com.google.android.gms@11975234:7)
E/Auth    ( 1323): 	at android.accounts.AbstractAccountAuthenticator$Transport.getAuthToken(AbstractAccountAuthenticator.java:196)
E/Auth    ( 1323): 	at android.accounts.IAccountAuthenticator$Stub.onTransact(IAccountAuthenticator.java:113)
E/Auth    ( 1323): 	at android.os.Binder.transact(Binder.java:403)
E/Auth    ( 1323): 	at crm.onTransact(:com.google.android.gms@11975234:3)
E/Auth    ( 1323): 	at android.os.Binder.execTransact(Binder.java:469)
W/Auth    ( 1323): [GetToken] GetToken failed with status code: BadAuthentication
W/AlarmManagerService(  753): set alarm : 7257.394000000
W/AlarmManagerService(  753): set alarm : 7237.107000000
D/AlarmManager(  753): setImpl() action = com.google.android.gms.gcm.ACTION_CHECK_QUEUE, component = ComponentInfo{com.google.android.gms/com.google.android.gms.gcm.nts.SchedulerInternalReceiver}, type = 2, standalone=false, operation = PendingIntent{27df8b93: PendingIntentRecord{35036d69 com.google.android.gms broadcastIntent}} tElapsed=7432932, maxElapsed=7600085, interval=0, when = 1519213335825, triggerTime = 2018-02-21 17:12:15
D/PowerManagerService(  753): releaseWakeLockInternal: lock=404725710 [*net_scheduler*], flags=0x0
W/Auth    ( 1323): [GoogleAuthUtil] GoogleAuthUtil
W/GLSActivity( 1323): eyp: BadAuthentication
W/GLSActivity( 1323): 	at eyd.a(:com.google.android.gms@11975234:13)
W/GLSActivity( 1323): 	at eyc.a(:com.google.android.gms@11975234:2)
W/GLSActivity( 1323): 	at eyc.e(:com.google.android.gms@11975234:6)
W/GLSActivity( 1323): 	at eyb.a(:com.google.android.gms@11975234:1)
W/GLSActivity( 1323): 	at ezr.getAuthToken(:com.google.android.gms@11975234:7)
W/GLSActivity( 1323): 	at android.accounts.AbstractAccountAuthenticator$Transport.getAuthToken(AbstractAccountAuthenticator.java:196)
W/GLSActivity( 1323): 	at android.accounts.IAccountAuthenticator$Stub.onTransact(IAccountAuthenticator.java:113)
W/GLSActivity( 1323): 	at android.os.Binder.transact(Binder.java:403)
W/GLSActivity( 1323): 	at crm.onTransact(:com.google.android.gms@11975234:3)
W/GLSActivity( 1323): 	at android.os.Binder.execTransact(Binder.java:469)
W/InstantApps( 1323): DomainFilterUpdateChimeraService: Retry later
D/PowerManagerService(  753): releaseWakeLockInternal: lock=79246492 [*net_scheduler*], flags=0x0
D/PowerManagerService(  753): acquireWakeLockInternal: lock=404725710, flags=0x1, tag="*net_scheduler*", ws=WorkSource{10043 com.google.android.gms}, uid=10043, pid=1323
D/PowerManagerService(  753): releaseWakeLockInternal: lock=404725710 [*net_scheduler*], flags=0x0
W/ActivityManager(  753): getRunningAppProcesses: caller 10051 does not hold REAL_GET_TASKS; limiting output
D/OkHttp  (10604): <-- 200 OK https://wow.indusos.com/v1/content/news?pageLimit=15&language=en&category=Politics&timestamp=1519207879001 (1145ms)
D/OkHttp  (10604): Content-Type: application/json
D/OkHttp  (10604): Connection: keep-alive
D/OkHttp  (10604): Vary: Origin,Accept-Encoding
D/OkHttp  (10604): Date: Wed, 21 Feb 2018 11:38:33 GMT
D/OkHttp  (10604): Age: 89
D/OkHttp  (10604): Server: v/4.0/3.8.0/v16lhr1-www
D/OkHttp  (10604): Accept-Ranges: bytes
D/OkHttp  (10604): X-Server: v/4.0/v16lhr1-https
D/OkHttp  (10604): {"timestamp":1519213024242,"news":[{"id":"5a8d5842e2723d30f0d393df","language":"en","summary":"A special CBI court today discharged former Gujarat in-charge DGP P P Pandey in the 2004 alleged fake encounter of Ishrat Jahan and three others, in which he was an accused. Special CBI court judge J K Pandya allowed Pandey's discharge application on the ground that there was no evidence against him related to the kidnapping and murder of Ishrat Jahan and three others.","title":"Court discharges ex-Gujarat in-charge DGP Pandey in Ishrat Jahan case","createTime":1519212610000,"publishTime":1519210093000,"category":"Politics","thumbnail":"http://mofirst.bc.cdn.bitgravity.com/plusi_images_prod/thumb/5a8d5842e2723d30f0d393df.webp","topVideoUrl":null,"url":"http://indusos.awesummly.com/redirect/1930257","compressedImgUrl":"http://mofirst.bc.cdn.bitgravity.com/plusi_images_prod/5a8d5842e2723d30f0d393df.webp","publication":"Economic Times","tagList":"","publicationLogoUrl":"http://bitcast-a.v1.bom1.bitgravity.com/mofirst/publisher_logo/Economic-Times.png"},{"id":"5a8d5842e2723d30f0d393e0","language":"en","summary":"The government is unlikely to extend constitutional protection to all members of the Election Commission regarding their removal, senior government functionaries have said, citing an over two-decade-old Supreme Court judgement. The Supreme Court had on Monday asked the government to file its response to a PIL seeking constitutional protection to the two election commissioners on the lines of the chief election commissioner. The other two ECs can be removed by the President on the recommendation of the CEC.","title":"Law min unlikely to extend constitutional protection to ECs","createTime":1519212610000,"publishTime":1519209561000,"category":"Politics","thumbnail":"http://mofirst.bc.cdn.bitgravity.com/plusi_images_prod/thumb/5a8d5842e2723d30f0d393e0.webp","topVideoUrl":null,"url":"http://indusos.awesummly.com/redirect/1930258","compressedImgUrl":"http://mofirst.bc.cdn.bitgravity.com/plusi_images_prod/5a8d5842e2723d30f0d393e0.webp","publication":"Economic Times","tagList":"","publicationLogoUrl":"http://bitcast-a.v1.bom1.bitgravity.com/mofirst/publisher_logo/Economic-Times.png"},{"id":"5a8d5842e2723d30f0d393e1","language":"en","summary":"A giant LED screen erected at the venue, where actor Kamal Haasan is scheduled to launch his political party collapsed due to heavy winds on Wednesday, police said. No one was injured, they said. The incident occurred hours before Haasan is to unveil the name and flag of his political party. Elaborate arrangements have been made at the venue of the launch in Othakadai in the district, where a large number of people are expected to converge.","title":"LED screen falls at Kamal Haasan's party launch venue in Madurai, none injured","createTime":1519212610000,"publishTime":1519208970000,"category":"Politics","thumbnail":"http://mofirst.bc.cdn.bitgravity.com/plusi_images_prod/thumb/5a8d5842e2723d30f0d393e1.webp","topVideoUrl":null,"url":"http://indusos.awesummly.com/redirect/1930254","compressedImgUrl":"http://mofirst.bc.cdn.bitgravity.com/plusi_images_prod/5a8d5842e2723d30f0d393e1.webp","publication":"Firstpost","tagList":"","publicationLogoUrl":"http://bitcast-a.v1.bom1.bitgravity.com/mofirst/publisher_logo/Firstpost.png"},{"id":"5a8d5842e2723d30f0d393e2","language":"en","summary":"A court here today rejected Patidar leader Hardik Patel's discharge application in a sedition case filed against him by the Ahmedabad crime branch in connection with the violence during an agitation by his outfit in August 2015. Sessions court judge Dilip Mahida rejected Patel's discharge application, thereby allowing framing of charges against him in the case. The Patidar Anamat Andolan Samiti (PAAS) leader is currently out on bail granted to him by the high court in June 2016.","title":"Sedition case: Court rejects Hardik Patel's discharge plea","createTime":1519212610000,"publishTime":1519208771000,"category":"Politics",
D/OkHttp  (10604): "thumbnail":"http://mofirst.bc.cdn.bitgravity.com/plusi_images_prod/thumb/5a8d5842e2723d30f0d393e2.webp","topVideoUrl":null,"url":"http://indusos.awesummly.com/redirect/1930261","compressedImgUrl":"http://mofirst.bc.cdn.bitgravity.com/plusi_images_prod/5a8d5842e2723d30f0d393e2.webp","publication":"Economic Times","tagList":"","publicationLogoUrl":"http://bitcast-a.v1.bom1.bitgravity.com/mofirst/publisher_logo/Economic-Times.png"}]}
D/OkHttp  (10604): <-- END HTTP (4435-byte body)
D/BatteryMeterView(  847): TimerTask :run --level = 39
D/BatteryMeterView(  847): TimerTask :run --level = 39
D/BatteryMeterView(  847): handleMessage
D/BatteryMeterView(  847): handleMessage
D/OkHttp  (10604): --> GET https://wow.indusos.com/v1/content/news?pageLimit=15&language=en&category=Science&timestamp=1519211089001 http/1.1
D/OkHttp  (10604): --> END GET
D/BatteryMeterView(  847): TimerTask :run --level = 39
D/OkHttp  (10604): <-- 200 OK https://wow.indusos.com/v1/content/news?pageLimit=15&language=en&category=Entertainment&timestamp=1519210207001 (1130ms)
D/OkHttp  (10604): Content-Type: application/json
D/OkHttp  (10604): Connection: keep-alive
D/OkHttp  (10604): Vary: Origin,Accept-Encoding
D/OkHttp  (10604): Date: Wed, 21 Feb 2018 11:38:33 GMT
D/OkHttp  (10604): Age: 565
D/OkHttp  (10604): Server: v/4.0/3.8.0/v16lhr1-www
D/OkHttp  (10604): Accept-Ranges: bytes
D/OkHttp  (10604): X-Server: v/4.0/v16lhr1-https
D/OkHttp  (10604): {"timestamp":1519212549389,"news":[]}
D/OkHttp  (10604): <-- END HTTP (37-byte body)
D/OkHttp  (10604): --> GET https://wow.indusos.com/v1/content/news?pageLimit=15&language=en&category=Technology&timestamp=1519211406001 http/1.1
D/OkHttp  (10604): --> END GET
D/BatteryMeterView(  847): handleMessage
D/OkHttp  (10604): <-- 200 OK https://wow.indusos.com/v1/content/news?pageLimit=15&language=en&category=Top&timestamp=1519211247001 (1171ms)
D/OkHttp  (10604): Content-Type: application/json
D/OkHttp  (10604): Connection: keep-alive
D/OkHttp  (10604): Vary: Origin,Accept-Encoding
D/OkHttp  (10604): Date: Wed, 21 Feb 2018 11:38:33 GMT
D/OkHttp  (10604): Age: 752
D/OkHttp  (10604): Server: v/4.0/3.8.0/v16lhr1-www
D/OkHttp  (10604): Accept-Ranges: bytes
D/OkHttp  (10604): X-Server: v/4.0/v16lhr1-https
D/OkHttp  (10604): {"timestamp":1519212362472,"news":[]}
D/OkHttp  (10604): <-- END HTTP (37-byte body)
D/OkHttp  (10604): --> GET https://wow.indusos.com/v1/content/news?pageLimit=15&language=en&category=Health&timestamp=1519210035001 http/1.1
D/OkHttp  (10604): --> END GET
D/OkHttp  (10604): <-- 200 OK https://wow.indusos.com/v1/content/news?pageLimit=15&language=en&category=Sports&timestamp=1519211717001 (1089ms)
D/OkHttp  (10604): Content-Type: application/json
D/OkHttp  (10604): Connection: keep-alive
D/OkHttp  (10604): Vary: Origin,Accept-Encoding
D/OkHttp  (10604): Date: Wed, 21 Feb 2018 11:38:33 GMT
D/OkHttp  (10604): Age: 339
D/OkHttp  (10604): Server: v/4.0/3.8.0/v16lhr1-www
D/OkHttp  (10604): Accept-Ranges: bytes
D/OkHttp  (10604): X-Server: v/4.0/v16lhr1-https
D/OkHttp  (10604): {"timestamp":1519212774795,"news":[]}
D/OkHttp  (10604): <-- END HTTP (37-byte body)
D/OkHttp  (10604): <-- 200 OK https://wow.indusos.com/v1/content/news?pageLimit=15&language=en&category=Business&timestamp=1519210664001 (1134ms)
D/OkHttp  (10604): Content-Type: application/json
D/OkHttp  (10604): Connection: keep-alive
D/OkHttp  (10604): Vary: Origin,Accept-Encoding
D/OkHttp  (10604): Date: Wed, 21 Feb 2018 11:38:33 GMT
D/OkHttp  (10604): Age: 393
D/OkHttp  (10604): Server: v/4.0/3.8.0/v16lhr1-www
D/OkHttp  (10604): Accept-Ranges: bytes
D/OkHttp  (10604): X-Server: v/4.0/v16lhr1-https
D/OkHttp  (10604): {"timestamp":1519212720169,"news":[]}
D/OkHttp  (10604): <-- END HTTP (37-byte body)
D/gralloc.sc8830(  183): fb_post fps = 1.001528
E/SQLiteLog(10604): (284) automatic index on news(language)
D/GPSenseEngine( 1667): EPH sow 301130:--AS:
D/GPSenseEngine( 1667): CheckState[status:2][bOff:0][Used:0]
D/LIBGPS  (  753): in RMC, fixStatus=V
D/LIBGPS  (  753): set SVINFO_GOT_SV_INFO_FLAG 
D/LIBGPS  (  753): SVinfo flag =2, svstatus size =660, numsvs =0
D/OkHttp  (10604): <-- 200 OK https://wow.indusos.com/v1/content/news?pageLimit=15&language=en&category=Science&timestamp=1519211089001 (139ms)
D/OkHttp  (10604): Content-Type: application/json
D/OkHttp  (10604): Connection: keep-alive
D/OkHttp  (10604): Vary: Origin,Accept-Encoding
D/OkHttp  (10604): Date: Wed, 21 Feb 2018 11:38:33 GMT
D/OkHttp  (10604): Age: 191
D/OkHttp  (10604): Server: v/4.0/3.8.0/v16lhr1-www
D/OkHttp  (10604): Accept-Ranges: bytes
D/OkHttp  (10604): X-Server: v/4.0/v16lhr1-https
D/OkHttp  (10604): {"timestamp":1519212923033,"news":[]}
D/OkHttp  (10604): <-- END HTTP (37-byte body)
D/OkHttp  (10604): <-- 200 OK https://wow.indusos.com/v1/content/news?pageLimit=15&language=en&category=Technology&timestamp=1519211406001 (131ms)
D/OkHttp  (10604): Content-Type: application/json
D/OkHttp  (10604): Connection: keep-alive
D/OkHttp  (10604): Vary: Origin,Accept-Encoding
D/OkHttp  (10604): Date: Wed, 21 Feb 2018 11:38:33 GMT
D/OkHttp  (10604): Age: 318
D/OkHttp  (10604): Server: v/4.0/3.8.0/v16lhr1-www
D/OkHttp  (10604): Accept-Ranges: bytes
D/OkHttp  (10604): X-Server: v/4.0/v16lhr1-https
D/OkHttp  (10604): {"timestamp":1519212796510,"news":[]}
D/OkHttp  (10604): <-- END HTTP (37-byte body)
D/OkHttp  (10604): <-- 200 OK https://wow.indusos.com/v1/content/news?pageLimit=15&language=en&category=Health&timestamp=1519210035001 (130ms)
D/OkHttp  (10604): Content-Type: application/json
D/OkHttp  (10604): Connection: keep-alive
D/OkHttp  (10604): Vary: Origin,Accept-Encoding
D/OkHttp  (10604): Date: Wed, 21 Feb 2018 11:38:33 GMT
D/OkHttp  (10604): Age: 476
D/OkHttp  (10604): Server: v/4.0/3.8.0/v16lhr1-www
D/OkHttp  (10604): Accept-Ranges: bytes
D/OkHttp  (10604): X-Server: v/4.0/v16lhr1-https
D/OkHttp  (10604): {"timestamp":1519212638073,"news":[]}
D/OkHttp  (10604): <-- END HTTP (37-byte body)
W/AlarmManagerService(  753): set alarm : 7237.107000000
W/AlarmManagerService(  753): set alarm : 7227.891000000
W/AlarmManagerService(  753): set alarm : 7230.307000000
W/AlarmManagerService(  753): set alarm : 7230.382000000
W/AlarmManagerService(  753): set alarm : 7239.264000000
W/AlarmManagerService(  753): set alarm : 7237.107000000
W/AlarmManagerService(  753): set alarm : 7244.161000000
W/AlarmManagerService(  753): set alarm : 7237.107000000
W/AlarmManagerService(  753): set alarm : 7251.132000000
W/AlarmManagerService(  753): set alarm : 7237.107000000
W/AlarmManagerService(  753): set alarm : 7251.132000000
W/AlarmManagerService(  753): set alarm : 7237.107000000
W/AlarmManagerService(  753): set alarm : 7257.394000000
W/AlarmManagerService(  753): set alarm : 7237.107000000
W/AlarmManagerService(  753): set alarm : 7257.394000000
W/AlarmManagerService(  753): set alarm : 7237.107000000
W/AlarmManagerService(  753): set alarm : 7257.394000000
W/AlarmManagerService(  753): set alarm : 7237.107000000
W/AlarmManagerService(  753): set alarm : 7257.394000000
W/AlarmManagerService(  753): set alarm : 7237.107000000
W/AlarmManagerService(  753): set alarm : 7257.394000000
W/AlarmManagerService(  753): set alarm : 7237.107000000
W/AlarmManagerService(  753): set alarm : 7257.394000000
W/AlarmManagerService(  753): set alarm : 7237.107000000
W/AlarmManagerService(  753): set alarm : 7257.394000000
W/AlarmManagerService(  753): set alarm : 7237.107000000
W/AlarmManagerService(  753): set alarm : 7257.394000000
W/AlarmManagerService(  753): set alarm : 7237.107000000
W/AlarmManagerService(  753): set alarm : 7257.394000000
W/AlarmManagerService(  753): set alarm : 7237.107000000
W/AlarmManagerService(  753): set alarm : 7257.394000000
W/AlarmManagerService(  753): set alarm : 7237.107000000
W/AlarmManagerService(  753): set alarm : 7257.394000000
W/AlarmManagerService(  753): set alarm : 7237.107000000
W/AlarmManagerService(  753): set alarm : 7257.394000000
W/AlarmManagerService(  753): set alarm : 7237.107000000
W/AlarmManagerService(  753): set alarm : 7257.394000000
W/AlarmManagerService(  753): set alarm : 7237.107000000
W/AlarmManagerService(  753): set alarm : 7257.394000000
W/AlarmManagerService(  753): set alarm : 7237.107000000
W/AlarmManagerService(  753): set alarm : 7257.394000000
W/AlarmManagerService(  753): set alarm : 7237.107000000
W/AlarmManagerService(  753): set alarm : 7257.394000000
W/AlarmManagerService(  753): set alarm : 7237.107000000
W/AlarmManagerService(  753): set alarm : 7257.394000000
W/AlarmManagerService(  753): set alarm : 7237.107000000
W/AlarmManagerService(  753): set alarm : 7257.394000000
W/AlarmManagerService(  753): set alarm : 7237.107000000
W/AlarmManagerService(  753): set alarm : 7257.394000000
W/AlarmManagerService(  753): set alarm : 7237.107000000
W/AlarmManagerService(  753): set alarm : 7257.394000000
W/AlarmManagerService(  753): set alarm : 7237.107000000
W/AlarmManagerService(  753): set alarm : 7257.394000000
W/AlarmManagerService(  753): set alarm : 7237.107000000
W/AlarmManagerService(  753): set alarm : 7257.394000000
W/AlarmManagerService(  753): set alarm : 7237.107000000
W/AlarmManagerService(  753): set alarm : 7257.394000000
W/AlarmManagerService(  753): set alarm : 7237.107000000
W/AlarmManagerService(  753): set alarm : 7257.394000000
W/AlarmManagerService(  753): set alarm : 7237.107000000
W/AlarmManagerService(  753): set alarm : 7257.394000000
W/AlarmManagerService(  753): set alarm : 7237.107000000
W/AlarmManagerService(  753): set alarm : 7257.394000000
W/AlarmManagerService(  753): set alarm : 7237.107000000
W/AlarmManagerService(  753): set alarm : 7257.394000000
W/AlarmManagerService(  753): set alarm : 7237.107000000
W/AlarmManagerService(  753): set alarm : 7257.394000000
W/AlarmManagerService(  753): set alarm : 7237.107000000
W/AlarmManagerService(  753): set alarm : 7257.394000000
W/AlarmManagerService(  753): set alarm : 7237.107000000
W/AlarmManagerService(  753): set alarm : 7257.394000000
W/AlarmManagerService(  753): set alarm : 7237.107000000
W/AlarmManagerService(  753): set alarm : 7257.394000000
W/AlarmManagerService(  753): set alarm : 7237.107000000
W/AlarmManagerService(  753): set alarm : 7257.394000000
W/AlarmManagerService(  753): set alarm : 7237.107000000
W/AlarmManagerService(  753): set alarm : 7257.394000000
W/AlarmManagerService(  753): set alarm : 7237.107000000
W/AlarmManagerService(  753): set alarm : 7257.394000000
W/AlarmManagerService(  753): set alarm : 7237.107000000
W/AlarmManagerService(  753): set alarm : 7257.394000000
W/AlarmManagerService(  753): set alarm : 7237.107000000
W/AlarmManagerService(  753): set alarm : 7257.394000000
W/AlarmManagerService(  753): set alarm : 7237.107000000
W/AlarmManagerService(  753): set alarm : 7257.394000000
W/AlarmManagerService(  753): set alarm : 7237.107000000
W/AlarmManagerService(  753): set alarm : 7257.394000000
W/AlarmManagerService(  753): set alarm : 7237.107000000
W/AlarmManagerService(  753): set alarm : 7257.394000000
W/AlarmManagerService(  753): set alarm : 7237.107000000
W/AlarmManagerService(  753): set alarm : 7257.394000000
W/AlarmManagerService(  753): set alarm : 7237.107000000
W/AlarmManagerService(  753): set alarm : 7257.394000000
W/AlarmManagerService(  753): set alarm : 7237.107000000
W/AlarmManagerService(  753): set alarm : 7257.394000000
W/AlarmManagerService(  753): set alarm : 7237.107000000
W/AlarmManagerService(  753): set alarm : 7257.394000000
W/AlarmManagerService(  753): set alarm : 7237.107000000
W/AlarmManagerService(  753): set alarm : 7257.394000000
W/AlarmManagerService(  753): set alarm : 7237.107000000
W/AlarmManagerService(  753): set alarm : 7257.394000000
W/AlarmManagerService(  753): set alarm : 7237.107000000
W/AlarmManagerService(  753): set alarm : 7257.394000000
W/AlarmManagerService(  753): set alarm : 7237.107000000
W/AlarmManagerService(  753): set alarm : 7257.394000000
W/AlarmManagerService(  753): set alarm : 7237.107000000
W/AlarmManagerService(  753): set alarm : 7257.394000000
W/AlarmManagerService(  753): set alarm : 7237.107000000
W/AlarmManagerService(  753): set alarm : 7257.394000000
W/AlarmManagerService(  753): set alarm : 7237.107000000
W/AlarmManagerService(  753): set alarm : 7257.394000000
W/AlarmManagerService(  753): set alarm : 7237.107000000
W/AlarmManagerService(  753): set alarm : 7257.394000000
W/AlarmManagerService(  753): set alarm : 7237.107000000
W/AlarmManagerService(  753): set alarm : 7257.394000000
W/AlarmManagerService(  753): set alarm : 7237.107000000
W/AlarmManagerService(  753): set alarm : 7257.394000000
W/AlarmManagerService(  753): set alarm : 7237.107000000
W/AlarmManagerService(  753): set alarm : 7257.394000000
W/AlarmManagerService(  753): set alarm : 7237.107000000
W/AlarmManagerService(  753): set alarm : 7257.394000000
W/AlarmManagerService(  753): set alarm : 7237.107000000
W/AlarmManagerService(  753): set alarm : 7257.394000000
W/AlarmManagerService(  753): set alarm : 7237.107000000
W/AlarmManagerService(  753): set alarm : 7257.394000000
W/AlarmManagerService(  753): set alarm : 7237.107000000
W/AlarmManagerService(  753): set alarm : 7257.394000000
W/AlarmManagerService(  753): set alarm : 7237.107000000
W/AlarmManagerService(  753): set alarm : 7257.394000000
W/AlarmManagerService(  753): set alarm : 7237.107000000
W/AlarmManagerService(  753): set alarm : 7257.394000000
W/AlarmManagerService(  753): set alarm : 7237.107000000
W/AlarmManagerService(  753): set alarm : 7257.394000000
W/AlarmManagerService(  753): set alarm : 7237.107000000
W/AlarmManagerService(  753): set alarm : 7257.394000000
W/AlarmManagerService(  753): set alarm : 7237.107000000
W/AlarmManagerService(  753): set alarm : 7257.394000000
W/AlarmManagerService(  753): set alarm : 7237.107000000
W/AlarmManagerService(  753): set alarm : 7257.394000000
W/AlarmManagerService(  753): set alarm : 7237.107000000
W/AlarmManagerService(  753): set alarm : 7257.394000000
W/AlarmManagerService(  753): set alarm : 7237.107000000
D/PowerManagerService(  753): releaseWakeLockInternal: lock=697342991 [*job*/com.indusos.plusi/o.fB], flags=0x0
D/AlarmManager(  753): setImpl() action = com.android.server.task.controllers.BatteryController.ACTION_CHARGING_STABLE, component = null, type = 2, standalone=false, operation = PendingIntent{3c5482dd: PendingIntentRecord{3c93e52 android broadcastIntent}} tElapsed=7330942, maxElapsed=7420942, interval=0, when = 1519213233835, triggerTime = 2018-02-21 17:10:33
W/AlarmManagerService(  753): set alarm : 7257.394000000
W/AlarmManagerService(  753): set alarm : 7237.107000000
W/AlarmManagerService(  753): set alarm : 7257.394000000
W/AlarmManagerService(  753): set alarm : 7237.107000000
W/AlarmManagerService(  753): set alarm : 7257.394000000
W/AlarmManagerService(  753): set alarm : 7237.107000000
W/AlarmManagerService(  753): set alarm : 7257.394000000
W/AlarmManagerService(  753): set alarm : 7237.107000000
W/AlarmManagerService(  753): set alarm : 7257.394000000
W/AlarmManagerService(  753): set alarm : 7237.107000000
W/AlarmManagerService(  753): set alarm : 7257.394000000
W/AlarmManagerService(  753): set alarm : 7237.107000000
W/AlarmManagerService(  753): set alarm : 7257.394000000
W/AlarmManagerService(  753): set alarm : 7237.107000000
W/AlarmManagerService(  753): set alarm : 7257.394000000
W/AlarmManagerService(  753): set alarm : 7237.107000000
W/AlarmManagerService(  753): set alarm : 7257.394000000
W/AlarmManagerService(  753): set alarm : 7237.107000000
W/AlarmManagerService(  753): set alarm : 7257.394000000
W/AlarmManagerService(  753): set alarm : 7237.107000000
W/AlarmManagerService(  753): set alarm : 7257.394000000
W/AlarmManagerService(  753): set alarm : 7237.107000000
W/AlarmManagerService(  753): set alarm : 7257.394000000
W/AlarmManagerService(  753): set alarm : 7237.107000000
W/AlarmManagerService(  753): set alarm : 7257.394000000
W/AlarmManagerService(  753): set alarm : 7237.107000000
W/AlarmManagerService(  753): set alarm : 7257.394000000
W/AlarmManagerService(  753): set alarm : 7237.107000000
W/AlarmManagerService(  753): set alarm : 7257.394000000
W/AlarmManagerService(  753): set alarm : 7237.107000000
W/AlarmManagerService(  753): set alarm : 7257.394000000
W/AlarmManagerService(  753): set alarm : 7237.107000000
W/AlarmManagerService(  753): set alarm : 7257.394000000
W/AlarmManagerService(  753): set alarm : 7237.107000000
W/AlarmManagerService(  753): set alarm : 7257.394000000
W/AlarmManagerService(  753): set alarm : 7237.107000000
W/AlarmManagerService(  753): set alarm : 7257.394000000
W/AlarmManagerService(  753): set alarm : 7237.107000000
W/AlarmManagerService(  753): set alarm : 7257.394000000
W/AlarmManagerService(  753): set alarm : 7237.107000000
W/AlarmManagerService(  753): set alarm : 7257.394000000
W/AlarmManagerService(  753): set alarm : 7237.107000000
W/AlarmManagerService(  753): set alarm : 7257.394000000
W/AlarmManagerService(  753): set alarm : 7237.107000000
W/AlarmManagerService(  753): set alarm : 7257.394000000
W/AlarmManagerService(  753): set alarm : 7237.107000000
W/AlarmManagerService(  753): set alarm : 7257.394000000
W/AlarmManagerService(  753): set alarm : 7237.107000000
W/AlarmManagerService(  753): set alarm : 7257.394000000
W/AlarmManagerService(  753): set alarm : 7237.107000000
W/AlarmManagerService(  753): set alarm : 7257.394000000
W/AlarmManagerService(  753): set alarm : 7237.107000000
W/AlarmManagerService(  753): set alarm : 7257.394000000
W/AlarmManagerService(  753): set alarm : 7237.107000000
W/AlarmManagerService(  753): set alarm : 7257.394000000
W/AlarmManagerService(  753): set alarm : 7237.107000000
W/AlarmManagerService(  753): set alarm : 7257.394000000
W/AlarmManagerService(  753): set alarm : 7237.107000000
W/AlarmManagerService(  753): set alarm : 7257.394000000
W/AlarmManagerService(  753): set alarm : 7237.107000000
W/AlarmManagerService(  753): set alarm : 7257.394000000
W/AlarmManagerService(  753): set alarm : 7237.107000000
W/AlarmManagerService(  753): set alarm : 7257.394000000
W/AlarmManagerService(  753): set alarm : 7237.107000000
W/AlarmManagerService(  753): set alarm : 7257.394000000
W/AlarmManagerService(  753): set alarm : 7237.107000000
W/AlarmManagerService(  753): set alarm : 7257.394000000
W/AlarmManagerService(  753): set alarm : 7237.107000000
W/AlarmManagerService(  753): set alarm : 7257.394000000
W/AlarmManagerService(  753): set alarm : 7237.107000000
W/AlarmManagerService(  753): set alarm : 7257.394000000
W/AlarmManagerService(  753): set alarm : 7237.107000000
W/AlarmManagerService(  753): set alarm : 7257.394000000
W/AlarmManagerService(  753): set alarm : 7237.107000000
W/AlarmManagerService(  753): set alarm : 7257.394000000
W/AlarmManagerService(  753): set alarm : 7237.107000000
W/AlarmManagerService(  753): set alarm : 7257.394000000
W/AlarmManagerService(  753): set alarm : 7237.107000000
W/AlarmManagerService(  753): set alarm : 7257.394000000
W/AlarmManagerService(  753): set alarm : 7237.107000000
W/AlarmManagerService(  753): set alarm : 7257.394000000
W/AlarmManagerService(  753): set alarm : 7237.107000000
W/AlarmManagerService(  753): set alarm : 7257.394000000
W/AlarmManagerService(  753): set alarm : 7237.107000000
W/AlarmManagerService(  753): set alarm : 7257.394000000
W/AlarmManagerService(  753): set alarm : 7237.107000000
W/AlarmManagerService(  753): set alarm : 7257.394000000
W/AlarmManagerService(  753): set alarm : 7237.107000000
W/AlarmManagerService(  753): set alarm : 7257.394000000
W/AlarmManagerService(  753): set alarm : 7237.107000000
W/AlarmManagerService(  753): set alarm : 7257.394000000
W/AlarmManagerService(  753): set alarm : 7237.107000000
W/AlarmManagerService(  753): set alarm : 7257.394000000
W/AlarmManagerService(  753): set alarm : 7237.107000000
W/AlarmManagerService(  753): set alarm : 7257.394000000
W/AlarmManagerService(  753): set alarm : 7237.107000000
W/AlarmManagerService(  753): set alarm : 7257.394000000
W/AlarmManagerService(  753): set alarm : 7237.107000000
W/AlarmManagerService(  753): set alarm : 7257.394000000
W/AlarmManagerService(  753): set alarm : 7237.107000000
W/AlarmManagerService(  753): set alarm : 7257.394000000
W/AlarmManagerService(  753): set alarm : 7237.107000000
W/AlarmManagerService(  753): set alarm : 7257.394000000
W/AlarmManagerService(  753): set alarm : 7237.107000000
W/AlarmManagerService(  753): set alarm : 7257.394000000
W/AlarmManagerService(  753): set alarm : 7237.107000000
W/AlarmManagerService(  753): set alarm : 7257.394000000
W/AlarmManagerService(  753): set alarm : 7237.107000000
W/AlarmManagerService(  753): set alarm : 7257.394000000
W/AlarmManagerService(  753): set alarm : 7237.107000000
W/AlarmManagerService(  753): set alarm : 7257.394000000
W/AlarmManagerService(  753): set alarm : 7237.107000000
W/AlarmManagerService(  753): set alarm : 7257.394000000
W/AlarmManagerService(  753): set alarm : 7237.107000000
W/AlarmManagerService(  753): set alarm : 7257.394000000
W/AlarmManagerService(  753): set alarm : 7237.107000000
W/AlarmManagerService(  753): set alarm : 7257.394000000
W/AlarmManagerService(  753): set alarm : 7237.107000000
W/AlarmManagerService(  753): set alarm : 7257.394000000
W/AlarmManagerService(  753): set alarm : 7237.107000000
W/AlarmManagerService(  753): set alarm : 7257.394000000
W/AlarmManagerService(  753): set alarm : 7237.107000000
W/AlarmManagerService(  753): set alarm : 7257.394000000
W/AlarmManagerService(  753): set alarm : 7237.107000000
W/AlarmManagerService(  753): set alarm : 7257.394000000
W/AlarmManagerService(  753): set alarm : 7237.107000000
W/AlarmManagerService(  753): set alarm : 7257.394000000
W/AlarmManagerService(  753): set alarm : 7237.107000000
W/AlarmManagerService(  753): set alarm : 7257.394000000
W/AlarmManagerService(  753): set alarm : 7237.107000000
W/AlarmManagerService(  753): set alarm : 7257.394000000
W/AlarmManagerService(  753): set alarm : 7237.107000000
W/AlarmManagerService(  753): set alarm : 7257.394000000
W/AlarmManagerService(  753): set alarm : 7237.107000000
W/AlarmManagerService(  753): set alarm : 7257.394000000
W/AlarmManagerService(  753): set alarm : 7237.107000000
W/AlarmManagerService(  753): set alarm : 7257.394000000
W/AlarmManagerService(  753): set alarm : 7237.107000000
W/AlarmManagerService(  753): set alarm : 7257.394000000
W/AlarmManagerService(  753): set alarm : 7237.107000000
W/AlarmManagerService(  753): set alarm : 7257.394000000
W/AlarmManagerService(  753): set alarm : 7237.107000000
W/AlarmManagerService(  753): set alarm : 7257.394000000
W/AlarmManagerService(  753): set alarm : 7237.107000000
W/AlarmManagerService(  753): set alarm : 7257.394000000
W/AlarmManagerService(  753): set alarm : 7237.107000000
W/AlarmManagerService(  753): set alarm : 7257.394000000
W/AlarmManagerService(  753): set alarm : 7237.107000000
W/AlarmManagerService(  753): set alarm : 7257.394000000
W/AlarmManagerService(  753): set alarm : 7237.107000000
W/AlarmManagerService(  753): set alarm : 7257.394000000
W/AlarmManagerService(  753): set alarm : 7237.107000000
W/AlarmManagerService(  753): set alarm : 7257.394000000
W/AlarmManagerService(  753): set alarm : 7237.107000000
W/AlarmManagerService(  753): set alarm : 7257.394000000
W/AlarmManagerService(  753): set alarm : 7237.107000000
W/AlarmManagerService(  753): set alarm : 7257.394000000
W/AlarmManagerService(  753): set alarm : 7237.107000000
W/AlarmManagerService(  753): set alarm : 7257.394000000
W/AlarmManagerService(  753): set alarm : 7237.107000000
W/AlarmManagerService(  753): set alarm : 7257.394000000
W/AlarmManagerService(  753): set alarm : 7237.107000000
W/AlarmManagerService(  753): set alarm : 7257.394000000
W/AlarmManagerService(  753): set alarm : 7237.107000000
W/AlarmManagerService(  753): set alarm : 7257.394000000
W/AlarmManagerService(  753): set alarm : 7237.107000000
W/AlarmManagerService(  753): set alarm : 7257.394000000
W/AlarmManagerService(  753): set alarm : 7237.107000000
W/AlarmManagerService(  753): set alarm : 7257.394000000
W/AlarmManagerService(  753): set alarm : 7237.107000000
W/AlarmManagerService(  753): set alarm : 7257.394000000
W/AlarmManagerService(  753): set alarm : 7237.107000000
W/AlarmManagerService(  753): set alarm : 7257.394000000
W/AlarmManagerService(  753): set alarm : 7237.107000000
W/AlarmManagerService(  753): set alarm : 7257.394000000
W/AlarmManagerService(  753): set alarm : 7237.107000000
W/AlarmManagerService(  753): set alarm : 7257.394000000
W/AlarmManagerService(  753): set alarm : 7237.107000000
W/AlarmManagerService(  753): set alarm : 7257.394000000
W/AlarmManagerService(  753): set alarm : 7237.107000000
W/AlarmManagerService(  753): set alarm : 7257.394000000
W/AlarmManagerService(  753): set alarm : 7237.107000000
W/AlarmManagerService(  753): set alarm : 7257.394000000
W/AlarmManagerService(  753): set alarm : 7237.107000000
W/AlarmManagerService(  753): set alarm : 7257.394000000
W/AlarmManagerService(  753): set alarm : 7237.107000000
W/AlarmManagerService(  753): set alarm : 7257.394000000
W/AlarmManagerService(  753): set alarm : 7237.107000000
W/AlarmManagerService(  753): set alarm : 7257.394000000
W/AlarmManagerService(  753): set alarm : 7237.107000000
W/AlarmManagerService(  753): set alarm : 7257.394000000
W/AlarmManagerService(  753): set alarm : 7237.107000000
W/AlarmManagerService(  753): set alarm : 7257.394000000
W/AlarmManagerService(  753): set alarm : 7237.107000000
W/AlarmManagerService(  753): set alarm : 7257.394000000
W/AlarmManagerService(  753): set alarm : 7237.107000000
W/AlarmManagerService(  753): set alarm : 7257.394000000
W/AlarmManagerService(  753): set alarm : 7237.107000000
W/AlarmManagerService(  753): set alarm : 7257.394000000
W/AlarmManagerService(  753): set alarm : 7237.107000000
W/AlarmManagerService(  753): set alarm : 7257.394000000
W/AlarmManagerService(  753): set alarm : 7237.107000000
W/AlarmManagerService(  753): set alarm : 7257.394000000
W/AlarmManagerService(  753): set alarm : 7237.107000000
W/AlarmManagerService(  753): set alarm : 7257.394000000
W/AlarmManagerService(  753): set alarm : 7237.107000000
W/AlarmManagerService(  753): set alarm : 7257.394000000
W/AlarmManagerService(  753): set alarm : 7237.107000000
W/AlarmManagerService(  753): set alarm : 7257.394000000
W/AlarmManagerService(  753): set alarm : 7237.107000000
W/AlarmManagerService(  753): set alarm : 7257.394000000
W/AlarmManagerService(  753): set alarm : 7237.107000000
W/AlarmManagerService(  753): set alarm : 7257.394000000
W/AlarmManagerService(  753): set alarm : 7237.107000000
W/AlarmManagerService(  753): set alarm : 7257.394000000
W/AlarmManagerService(  753): set alarm : 7237.107000000
W/AlarmManagerService(  753): set alarm : 7257.394000000
W/AlarmManagerService(  753): set alarm : 7237.107000000
W/AlarmManagerService(  753): set alarm : 7257.394000000
W/AlarmManagerService(  753): set alarm : 7237.107000000
W/AlarmManagerService(  753): set alarm : 7257.394000000
W/AlarmManagerService(  753): set alarm : 7237.107000000
W/AlarmManagerService(  753): set alarm : 7257.394000000
W/AlarmManagerService(  753): set alarm : 7237.107000000
W/AlarmManagerService(  753): set alarm : 7257.394000000
W/AlarmManagerService(  753): set alarm : 7237.107000000
W/AlarmManagerService(  753): set alarm : 7257.394000000
W/AlarmManagerService(  753): set alarm : 7237.107000000
W/AlarmManagerService(  753): set alarm : 7257.394000000
W/AlarmManagerService(  753): set alarm : 7237.107000000
W/AlarmManagerService(  753): set alarm : 7257.394000000
W/AlarmManagerService(  753): set alarm : 7237.107000000
W/AlarmManagerService(  753): set alarm : 7257.394000000
W/AlarmManagerService(  753): set alarm : 7237.107000000
W/AlarmManagerService(  753): set alarm : 7257.394000000
W/AlarmManagerService(  753): set alarm : 7237.107000000
W/AlarmManagerService(  753): set alarm : 7257.394000000
W/AlarmManagerService(  753): set alarm : 7237.107000000
W/AlarmManagerService(  753): set alarm : 7257.394000000
W/AlarmManagerService(  753): set alarm : 7237.107000000
W/AlarmManagerService(  753): set alarm : 7257.394000000
W/AlarmManagerService(  753): set alarm : 7237.107000000
W/AlarmManagerService(  753): set alarm : 7257.394000000
W/AlarmManagerService(  753): set alarm : 7237.107000000
W/AlarmManagerService(  753): set alarm : 7257.394000000
W/AlarmManagerService(  753): set alarm : 7237.107000000
W/AlarmManagerService(  753): set alarm : 7257.394000000
W/AlarmManagerService(  753): set alarm : 7237.107000000
W/AlarmManagerService(  753): set alarm : 7257.394000000
W/AlarmManagerService(  753): set alarm : 7237.107000000
W/AlarmManagerService(  753): set alarm : 7257.394000000
W/AlarmManagerService(  753): set alarm : 7237.107000000
W/AlarmManagerService(  753): set alarm : 7257.394000000
W/AlarmManagerService(  753): set alarm : 7237.107000000
W/AlarmManagerService(  753): set alarm : 7257.394000000
W/AlarmManagerService(  753): set alarm : 7237.107000000
W/AlarmManagerService(  753): set alarm : 7257.394000000
W/AlarmManagerService(  753): set alarm : 7237.107000000
W/AlarmManagerService(  753): set alarm : 7257.394000000
W/AlarmManagerService(  753): set alarm : 7237.107000000
W/AlarmManagerService(  753): set alarm : 7257.394000000
W/AlarmManagerService(  753): set alarm : 7237.107000000
W/AlarmManagerService(  753): set alarm : 7257.394000000
W/AlarmManagerService(  753): set alarm : 7237.107000000
W/AlarmManagerService(  753): set alarm : 7257.394000000
W/AlarmManagerService(  753): set alarm : 7237.107000000
W/AlarmManagerService(  753): set alarm : 7257.394000000
W/AlarmManagerService(  753): set alarm : 7237.107000000
W/AlarmManagerService(  753): set alarm : 7257.394000000
W/AlarmManagerService(  753): set alarm : 7237.107000000
W/AlarmManagerService(  753): set alarm : 7257.394000000
W/AlarmManagerService(  753): set alarm : 7237.107000000
W/AlarmManagerService(  753): set alarm : 7257.394000000
W/AlarmManagerService(  753): set alarm : 7237.107000000
W/AlarmManagerService(  753): set alarm : 7257.394000000
W/AlarmManagerService(  753): set alarm : 7237.107000000
W/AlarmManagerService(  753): set alarm : 7257.394000000
W/AlarmManagerService(  753): set alarm : 7237.107000000
W/AlarmManagerService(  753): set alarm : 7257.394000000
W/AlarmManagerService(  753): set alarm : 7237.107000000
W/AlarmManagerService(  753): set alarm : 7257.394000000
W/AlarmManagerService(  753): set alarm : 7237.107000000
W/AlarmManagerService(  753): set alarm : 7257.394000000
W/AlarmManagerService(  753): set alarm : 7237.107000000
W/AlarmManagerService(  753): set alarm : 7257.394000000
W/AlarmManagerService(  753): set alarm : 7237.107000000
W/AlarmManagerService(  753): set alarm : 7257.394000000
W/AlarmManagerService(  753): set alarm : 7237.107000000
W/AlarmManagerService(  753): set alarm : 7257.394000000
W/AlarmManagerService(  753): set alarm : 7237.107000000
W/AlarmManagerService(  753): set alarm : 7257.394000000
W/AlarmManagerService(  753): set alarm : 7237.107000000
W/AlarmManagerService(  753): set alarm : 7257.394000000
W/AlarmManagerService(  753): set alarm : 7237.107000000
W/AlarmManagerService(  753): set alarm : 7257.394000000
W/AlarmManagerService(  753): set alarm : 7237.107000000
W/AlarmManagerService(  753): set alarm : 7257.394000000
W/AlarmManagerService(  753): set alarm : 7237.107000000
W/AlarmManagerService(  753): set alarm : 7257.394000000
W/AlarmManagerService(  753): set alarm : 7237.107000000
W/AlarmManagerService(  753): set alarm : 7257.394000000
W/AlarmManagerService(  753): set alarm : 7237.107000000
W/AlarmManagerService(  753): set alarm : 7257.394000000
W/AlarmManagerService(  753): set alarm : 7237.107000000
W/AlarmManagerService(  753): set alarm : 7257.394000000
W/AlarmManagerService(  753): set alarm : 7237.107000000
W/AlarmManagerService(  753): set alarm : 7257.394000000
W/AlarmManagerService(  753): set alarm : 7237.107000000
W/AlarmManagerService(  753): set alarm : 7257.394000000
W/AlarmManagerService(  753): set alarm : 7237.107000000
W/AlarmManagerService(  753): set alarm : 7257.394000000
W/AlarmManagerService(  753): set alarm : 7237.107000000
W/AlarmManagerService(  753): set alarm : 7257.394000000
W/AlarmManagerService(  753): set alarm : 7237.107000000
W/AlarmManagerService(  753): set alarm : 7257.394000000
W/AlarmManagerService(  753): set alarm : 7237.107000000
W/AlarmManagerService(  753): set alarm : 7257.394000000
W/AlarmManagerService(  753): set alarm : 7237.107000000
W/AlarmManagerService(  753): set alarm : 7257.394000000
W/AlarmManagerService(  753): set alarm : 7237.107000000
