W/AlarmManagerService(  753): set alarm : 7190.842000000
W/AlarmManagerService(  753): set alarm : 7190.842000000
W/AlarmManagerService(  753): set alarm : 7190.842000000
W/AlarmManagerService(  753): set alarm : 7190.842000000
W/AlarmManagerService(  753): set alarm : 7190.842000000
W/AlarmManagerService(  753): set alarm : 7190.842000000
W/AlarmManagerService(  753): set alarm : 7190.842000000
W/AlarmManagerService(  753): set alarm : 7190.842000000
W/AlarmManagerService(  753): set alarm : 7190.842000000
W/AlarmManagerService(  753): set alarm : 7190.842000000
W/AlarmManagerService(  753): set alarm : 7190.842000000
W/AlarmManagerService(  753): set alarm : 7190.842000000
W/AlarmManagerService(  753): set alarm : 7190.842000000
W/AlarmManagerService(  753): set alarm : 7190.842000000
W/AlarmManagerService(  753): set alarm : 7190.842000000
W/AlarmManagerService(  753): set alarm : 7190.842000000
W/AlarmManagerService(  753): set alarm : 7190.842000000
W/AlarmManagerService(  753): set alarm : 7190.842000000
W/AlarmManagerService(  753): set alarm : 7190.842000000
W/AlarmManagerService(  753): set alarm : 7190.842000000
W/AlarmManagerService(  753): set alarm : 7190.842000000
W/AlarmManagerService(  753): set alarm : 7190.842000000
W/AlarmManagerService(  753): set alarm : 7190.842000000
W/AlarmManagerService(  753): set alarm : 7190.842000000
W/AlarmManagerService(  753): set alarm : 7190.842000000
W/AlarmManagerService(  753): set alarm : 7190.842000000
W/AlarmManagerService(  753): set alarm : 7190.842000000
W/AlarmManagerService(  753): set alarm : 7190.842000000
W/AlarmManagerService(  753): set alarm : 7190.842000000
W/AlarmManagerService(  753): set alarm : 7190.842000000
W/AlarmManagerService(  753): set alarm : 7190.842000000
W/AlarmManagerService(  753): set alarm : 7190.842000000
W/AlarmManagerService(  753): set alarm : 7190.842000000
W/AlarmManagerService(  753): set alarm : 7190.842000000
W/AlarmManagerService(  753): set alarm : 7190.842000000
W/AlarmManagerService(  753): set alarm : 7190.842000000
W/AlarmManagerService(  753): set alarm : 7190.842000000
W/AlarmManagerService(  753): set alarm : 7190.842000000
W/AlarmManagerService(  753): set alarm : 7190.842000000
W/AlarmManagerService(  753): set alarm : 7190.842000000
W/AlarmManagerService(  753): set alarm : 7190.842000000
W/AlarmManagerService(  753): set alarm : 7190.842000000
W/AlarmManagerService(  753): set alarm : 7190.842000000
W/AlarmManagerService(  753): set alarm : 7190.842000000
W/AlarmManagerService(  753): set alarm : 7190.842000000
W/AlarmManagerService(  753): set alarm : 7190.842000000
W/AlarmManagerService(  753): set alarm : 7190.842000000
W/AlarmManagerService(  753): set alarm : 7190.842000000
W/AlarmManagerService(  753): set alarm : 7190.842000000
W/AlarmManagerService(  753): set alarm : 7190.842000000
W/AlarmManagerService(  753): set alarm : 7190.842000000
W/AlarmManagerService(  753): set alarm : 7190.842000000
W/AlarmManagerService(  753): set alarm : 7190.842000000
W/AlarmManagerService(  753): set alarm : 7190.842000000
W/AlarmManagerService(  753): set alarm : 7190.842000000
W/AlarmManagerService(  753): set alarm : 7190.842000000
W/AlarmManagerService(  753): set alarm : 7190.842000000
W/AlarmManagerService(  753): set alarm : 7190.842000000
W/AlarmManagerService(  753): set alarm : 7190.842000000
W/AlarmManagerService(  753): set alarm : 7190.842000000
W/AlarmManagerService(  753): set alarm : 7190.842000000
W/AlarmManagerService(  753): set alarm : 7190.842000000
W/AlarmManagerService(  753): set alarm : 7190.842000000
W/AlarmManagerService(  753): set alarm : 7190.842000000
W/AlarmManagerService(  753): set alarm : 7190.842000000
W/AlarmManagerService(  753): set alarm : 7190.842000000
W/AlarmManagerService(  753): set alarm : 7190.842000000
W/AlarmManagerService(  753): set alarm : 7190.842000000
W/AlarmManagerService(  753): set alarm : 7190.842000000
W/AlarmManagerService(  753): set alarm : 7190.842000000
W/AlarmManagerService(  753): set alarm : 7190.842000000
W/AlarmManagerService(  753): set alarm : 7190.842000000
D/WCND    (  200): is_cp2_alive_ok: open polling interface: /dev/spipe_wcn0, fd = 15
D/WCND    (  200): is_cp2_alive_ok: loop: /dev/spipe_wcn0 is OK
D/BatteryMeterView(  847): TimerTask :run --level = 39
D/BatteryMeterView(  847): handleMessage
D/BatteryMeterView(  847): TimerTask :run --level = 39
D/BatteryMeterView(  847): TimerTask :run --level = 39
D/BatteryMeterView(  847): handleMessage
D/BatteryMeterView(  847): handleMessage
D/gralloc.sc8830(  183): fb_post fps = 0.994024
D/GPSenseEngine( 1667): EPH sow 301106:--AS:
D/GPSenseEngine( 1667): CheckState[status:2][bOff:0][Used:0]
D/LIBGPS  (  753): in RMC, fixStatus=V
D/LIBGPS  (  753): set SVINFO_GOT_SV_INFO_FLAG 
D/LIBGPS  (  753): SVinfo flag =2, svstatus size =660, numsvs =0
D/wpa_supplicant(  846): wlan0: Control interface command 'SIGNAL_POLL'
D/GPSenseEngine( 1667): ZZW--SearchSatellitesCond:Di.Zhang sleep Ms 2000.
E/GPSenseEngine( 1667): NcFix
D/BatteryMeterView(  847): TimerTask :run --level = 59
D/BatteryMeterView(  847): handleMessage
D/BatteryMeterView(  847): TimerTask :run --level = 59
D/BatteryMeterView(  847): handleMessage
D/BatteryMeterView(  847): TimerTask :run --level = 59
D/BatteryMeterView(  847): handleMessage
D/GPSenseEngine( 1667): EPH sow 301107:--AS:
D/GPSenseEngine( 1667): CheckState[status:2][bOff:0][Used:0]
D/LIBGPS  (  753): in RMC, fixStatus=V
D/LIBGPS  (  753): set SVINFO_GOT_SV_INFO_FLAG 
D/LIBGPS  (  753): SVinfo flag =2, svstatus size =660, numsvs =0
D/phoneserver(  205): Receive thread's TID [236] CHNMNG:readline pread= 0xb6f5b6d4,count=15
D/phoneserver(  205): Receive thread's TID [236] CHMNG:  receive data thread :mux=/dev/stty_w0:input:+CSQ: 16,99
D/phoneserver(  205): Receive thread's TID [236] MUX :/dev/stty_w0 Waiting for resp  
D/SignalStrengthUtilsSprd(  753): processLteLevel: empty method
D/BatteryMeterView(  847): TimerTask :run --level = 79
D/BatteryMeterView(  847): handleMessage
D/BatteryMeterView(  847): TimerTask :run --level = 79
D/BatteryMeterView(  847): TimerTask :run --level = 79
D/BatteryMeterView(  847): handleMessage
D/BatteryMeterView(  847): handleMessage
D/gralloc.sc8830(  183): fb_post fps = 1.002754
D/GPSenseEngine( 1667): EPH sow 301108:--AS:
D/GPSenseEngine( 1667): CheckState[status:2][bOff:0][Used:0]
D/LIBGPS  (  753): in RMC, fixStatus=V
D/LIBGPS  (  753): set SVINFO_GOT_SV_INFO_FLAG 
D/LIBGPS  (  753): SVinfo flag =2, svstatus size =660, numsvs =0
D/phoneserver(  205): Receive thread's TID [236] CHNMNG:readline pread= 0xb6f5b6d4,count=15
D/phoneserver(  205): Receive thread's TID [236] CHMNG:  receive data thread :mux=/dev/stty_w0:input:+CSQ: 15,99
D/phoneserver(  205): Receive thread's TID [236] MUX :/dev/stty_w0 Waiting for resp  
D/SignalStrengthUtilsSprd(  753): processLteLevel: empty method
D/phoneserver(  205): Send thread's TID [249] PS_PTY : /dev/CHNPTYW1 Received 7 bytes command[AT+CSQ]
D/phoneserver(  205): Receive thread's TID [237] CHNMNG:readline pread= 0xb6f5d6d8,count=21
D/phoneserver(  205): Receive thread's TID [237] CHMNG:  receive data thread :mux=/dev/stty_w1:input:+CSQ: 15,99
D/phoneserver(  205): Receive thread's TID [237] MUX :/dev/stty_w1 Waiting for resp  
D/phoneserver(  205): Receive thread's TID [237] CHMNG:  receive data thread :mux=/dev/stty_w1:input:OK
D/phoneserver(  205): Receive thread's TID [237] MUX :/dev/stty_w1 Waiting for resp  
D/PowerManagerService(  753): acquireWakeLockInternal: lock=114687101, flags=0x1, tag="SprdRILJ", ws=null, uid=1001, pid=867
D/PowerManagerService(  753): releaseWakeLockInternal: lock=114687101 [SprdRILJ], flags=0x0
D/SignalStrengthUtilsSprd(  753): processLteLevel: empty method
W/ActivityManager(  753): getTasks: caller 10122 does not hold REAL_GET_TASKS; limiting output
D/BatteryMeterView(  847): TimerTask :run --level = 99
D/BatteryMeterView(  847): handleMessage
D/BatteryMeterView(  847): TimerTask :run --level = 99
D/BatteryMeterView(  847): TimerTask :run --level = 99
D/BatteryMeterView(  847): handleMessage
D/BatteryMeterView(  847): handleMessage
D/gralloc.sc8830(  183): fb_post fps = 0.994024
D/GPSenseEngine( 1667): EPH sow 301109:--AS:
D/GPSenseEngine( 1667): CheckState[status:2][bOff:0][Used:0]
D/LIBGPS  (  753): in RMC, fixStatus=V
D/LIBGPS  (  753): set SVINFO_GOT_SV_INFO_FLAG 
D/LIBGPS  (  753): SVinfo flag =2, svstatus size =660, numsvs =0
D/wpa_supplicant(  846): wlan0: Control interface command 'SIGNAL_POLL'
D/GPSenseEngine( 1667): ZZW--SearchSatellitesCond:Di.Zhang sleep Ms 2000.
E/GPSenseEngine( 1667): ncfixInfoIndex = 0 / 1958
E/GPSenseEngine( 1667): ====>>>>cgdriver request:CGX_IOCTL_RESET ret = 0
E/GPSenseEngine( 1667): ====>>>>cgdriver request:CGX_IOCTL_READ_SYS_REG ret = -3
D/GPSenseEngine( 1667): FmRequestSnap[type:0][ChosenSnap:11]
E/GPSenseEngine( 1667): ====>>>>cgdriver request:CGX_IOCTL_PREPARE_RECEIVE ret = 0
D/phoneserver(  205): Send thread's TID [249] PS_PTY : /dev/CHNPTYW1 Received 7 bytes command[AT+CSQ]
D/phoneserver(  205): Receive thread's TID [237] CHNMNG:readline pread= 0xb6f5d6d8,count=21
D/phoneserver(  205): Receive thread's TID [237] CHMNG:  receive data thread :mux=/dev/stty_w1:input:+CSQ: 15,99
D/phoneserver(  205): Receive thread's TID [237] MUX :/dev/stty_w1 Waiting for resp  
D/phoneserver(  205): Receive thread's TID [237] CHMNG:  receive data thread :mux=/dev/stty_w1:input:OK
D/phoneserver(  205): Receive thread's TID [237] MUX :/dev/stty_w1 Waiting for resp  
D/SignalStrengthUtilsSprd(  753): processLteLevel: empty method
D/PowerManagerService(  753): acquireWakeLockInternal: lock=114687101, flags=0x1, tag="SprdRILJ", ws=null, uid=1001, pid=867
D/PowerManagerService(  753): releaseWakeLockInternal: lock=114687101 [SprdRILJ], flags=0x0
E/GPSenseEngine( 1667): NcFix
E/GPSenseEngine( 1667): NcFix
D/BatteryMeterView(  847): TimerTask :run --level = 39
D/BatteryMeterView(  847): handleMessage
D/BatteryMeterView(  847): TimerTask :run --level = 39
D/BatteryMeterView(  847): handleMessage
D/BatteryMeterView(  847): TimerTask :run --level = 39
D/BatteryMeterView(  847): handleMessage
W/AlarmManagerService(  753): set alarm : 7190.870000000
D/AlarmManager(  753): waitForAlarm result:4
D/AlarmManager(  753): triggerList.size = 1, hasWakeup = true
D/AlarmManager(  753): sending alarm.type = 0, action = com.gau.go.gostaticsdk.ACTION_UPLOAD_DATA, cn = null, operation = PendingIntent{3bb11667: PendingIntentRecord{151c6a1b com.jiubang.fastestflashlight broadcastIntent}}
D/BroadcastQueue(  753): Add broadcastBroadcastRecord{21b8c772 u0 com.gau.go.gostaticsdk.ACTION_UPLOAD_DATA} into (background/order), now header = BroadcastRecord{1ecb5f7f u0 com.avast.android.shepherd.UPDATE_ATTEMPT_FINISHED}, size = 11
D/GPSenseEngine( 1667): EPH sow 301110:--AS:
D/GPSenseEngine( 1667): CheckState[status:2][bOff:0][Used:0]
W/AlarmManagerService(  753): set alarm : 7208.784000000
D/LIBGPS  (  753): in RMC, fixStatus=V
D/LIBGPS  (  753): set SVINFO_GOT_SV_INFO_FLAG 
D/LIBGPS  (  753): SVinfo flag =2, svstatus size =660, numsvs =0
D/AlarmManager(  753): waitForAlarm result:4
D/AlarmManager(  753): triggerList.size = 1, hasWakeup = true
D/AlarmManager(  753): sending alarm.type = 0, action = com.gau.go.gostaticsdk.ACTION_UPLOAD_DATA, cn = null, operation = PendingIntent{19e41c14: PendingIntentRecord{25169f95 com.jb.zcamera broadcastIntent}}
D/BroadcastQueue(  753): Add broadcastBroadcastRecord{1c9dd7c3 u0 com.gau.go.gostaticsdk.ACTION_UPLOAD_DATA} into (background/order), now header = BroadcastRecord{1ecb5f7f u0 com.avast.android.shepherd.UPDATE_ATTEMPT_FINISHED}, size = 12
E/GPSenseEngine( 1667): NcFix
D/WCND    (  200): is_cp2_alive_ok: open polling interface: /dev/spipe_wcn0, fd = 15
D/WCND    (  200): is_cp2_alive_ok: loop: /dev/spipe_wcn0 is OK
D/BatteryMeterView(  847): TimerTask :run --level = 59
D/BatteryMeterView(  847): handleMessage
D/BatteryMeterView(  847): TimerTask :run --level = 59
D/BatteryMeterView(  847): TimerTask :run --level = 59
D/BatteryMeterView(  847): handleMessage
D/BatteryMeterView(  847): handleMessage
D/gralloc.sc8830(  183): fb_post fps = 0.991903
D/GPSenseEngine( 1667): EPH sow 301111:--AS:
D/GPSenseEngine( 1667): CheckState[status:2][bOff:0][Used:0]
D/LIBGPS  (  753): in RMC, fixStatus=V
D/LIBGPS  (  753): set SVINFO_GOT_SV_INFO_FLAG 
D/LIBGPS  (  753): SVinfo flag =2, svstatus size =660, numsvs =0
D/GPSenseEngine( 1667): ZZW--SearchSatellitesCond:Di.Zhang sleep Ms 2000.
E/GPSenseEngine( 1667): ncfixInfoIndex = 1 / 1959
E/GPSenseEngine( 1667): ====>>>>cgdriver request:CGX_IOCTL_RESET ret = 0
E/GPSenseEngine( 1667): ====>>>>cgdriver request:CGX_IOCTL_READ_SYS_REG ret = -3
D/GPSenseEngine( 1667): FmRequestSnap[type:0][ChosenSnap:11]
E/GPSenseEngine( 1667): ====>>>>cgdriver request:CGX_IOCTL_PREPARE_RECEIVE ret = 0
D/BatteryMeterView(  847): TimerTask :run --level = 79
D/BatteryMeterView(  847): handleMessage
D/BatteryMeterView(  847): TimerTask :run --level = 79
D/BatteryMeterView(  847): TimerTask :run --level = 79
D/BatteryMeterView(  847): handleMessage
D/BatteryMeterView(  847): handleMessage
E/GPSenseEngine( 1667): NcFix
D/GPSenseEngine( 1667): EPH sow 301112:--AS:
D/GPSenseEngine( 1667): CheckState[status:2][bOff:0][Used:0]
D/LIBGPS  (  753): in RMC, fixStatus=V
D/LIBGPS  (  753): set SVINFO_GOT_SV_INFO_FLAG 
D/LIBGPS  (  753): SVinfo flag =2, svstatus size =660, numsvs =0
D/wpa_supplicant(  846): wlan0: Control interface command 'SIGNAL_POLL'
E/GPSenseEngine( 1667): NcFix
D/BatteryMeterView(  847): TimerTask :run --level = 99
D/BatteryMeterView(  847): handleMessage
D/BatteryMeterView(  847): TimerTask :run --level = 99
D/BatteryMeterView(  847): handleMessage
D/BatteryMeterView(  847): TimerTask :run --level = 99
D/BatteryMeterView(  847): handleMessage
D/gralloc.sc8830(  183): fb_post fps = 1.013924
D/GPSenseEngine( 1667): EPH sow 301113:--AS:
D/GPSenseEngine( 1667): CheckState[status:2][bOff:0][Used:0]
D/LIBGPS  (  753): in RMC, fixStatus=V
D/LIBGPS  (  753): set SVINFO_GOT_SV_INFO_FLAG 
D/LIBGPS  (  753): SVinfo flag =2, svstatus size =660, numsvs =0
D/phoneserver(  205): Receive thread's TID [236] CHNMNG:readline pread= 0xb6f5b6d4,count=15
D/phoneserver(  205): Receive thread's TID [236] CHMNG:  receive data thread :mux=/dev/stty_w0:input:+CSQ: 16,99
D/phoneserver(  205): Receive thread's TID [236] MUX :/dev/stty_w0 Waiting for resp  
D/SignalStrengthUtilsSprd(  753): processLteLevel: empty method
D/GPSenseEngine( 1667): ZZW--SearchSatellitesCond:Di.Zhang sleep Ms 2000.
E/GPSenseEngine( 1667): ncfixInfoIndex = 2 / 1960
E/GPSenseEngine( 1667): ====>>>>cgdriver request:CGX_IOCTL_RESET ret = 0
E/GPSenseEngine( 1667): ====>>>>cgdriver request:CGX_IOCTL_READ_SYS_REG ret = -3
D/GPSenseEngine( 1667): FmRequestSnap[type:0][ChosenSnap:11]
E/GPSenseEngine( 1667): ====>>>>cgdriver request:CGX_IOCTL_PREPARE_RECEIVE ret = 0
I/art     ( 2240): WaitForGcToComplete blocked for 12.481ms for cause HomogeneousSpaceCompact
D/BatteryMeterView(  847): TimerTask :run --level = 39
D/BatteryMeterView(  847): handleMessage
D/BatteryMeterView(  847): TimerTask :run --level = 39
D/BatteryMeterView(  847): TimerTask :run --level = 39
D/BatteryMeterView(  847): handleMessage
D/BatteryMeterView(  847): handleMessage
D/gralloc.sc8830(  183): fb_post fps = 0.993271
E/GPSenseEngine( 1667): NcFix
D/GPSenseEngine( 1667): EPH sow 301114:--AS:
D/GPSenseEngine( 1667): CheckState[status:2][bOff:0][Used:0]
D/LIBGPS  (  753): in RMC, fixStatus=V
D/LIBGPS  (  753): set SVINFO_GOT_SV_INFO_FLAG 
D/LIBGPS  (  753): SVinfo flag =2, svstatus size =660, numsvs =0
W/ActivityManager(  753): getTasks: caller 10122 does not hold REAL_GET_TASKS; limiting output
E/GPSenseEngine( 1667): NcFix
E/GPSenseEngine( 1667): NcFix
W/ActivityManager(  753): getRunningAppProcesses: caller 10051 does not hold REAL_GET_TASKS; limiting output
E/GPSenseEngine( 1667): NcFix
E/GPSenseEngine( 1667): NcFix
D/BatteryMeterView(  847): TimerTask :run --level = 59
D/BatteryMeterView(  847): handleMessage
D/BatteryMeterView(  847): TimerTask :run --level = 59
D/BatteryMeterView(  847): TimerTask :run --level = 59
D/BatteryMeterView(  847): handleMessage
D/BatteryMeterView(  847): handleMessage
D/gralloc.sc8830(  183): fb_post fps = 0.994899
D/GPSenseEngine( 1667): EPH sow 301115:--AS:
D/GPSenseEngine( 1667): CheckState[status:2][bOff:0][Used:0]
D/LIBGPS  (  753): in RMC, fixStatus=V
D/LIBGPS  (  753): set SVINFO_GOT_SV_INFO_FLAG 
D/LIBGPS  (  753): SVinfo flag =2, svstatus size =660, numsvs =0
D/wpa_supplicant(  846): wlan0: Control interface command 'SIGNAL_POLL'
D/WCND    (  200): is_cp2_alive_ok: open polling interface: /dev/spipe_wcn0, fd = 15
D/WCND    (  200): is_cp2_alive_ok: loop: /dev/spipe_wcn0 is OK
D/GPSenseEngine( 1667): ZZW--SearchSatellitesCond:Di.Zhang sleep Ms 2000.
E/GPSenseEngine( 1667): ncfixInfoIndex = 3 / 1961
E/GPSenseEngine( 1667): ====>>>>cgdriver request:CGX_IOCTL_RESET ret = 0
E/GPSenseEngine( 1667): ====>>>>cgdriver request:CGX_IOCTL_READ_SYS_REG ret = -3
D/BatteryMeterView(  847): TimerTask :run --level = 79
D/BatteryMeterView(  847): handleMessage
D/BatteryMeterView(  847): TimerTask :run --level = 79
D/BatteryMeterView(  847): TimerTask :run --level = 79
D/GPSenseEngine( 1667): FmRequestSnap[type:0][ChosenSnap:11]
E/GPSenseEngine( 1667): ====>>>>cgdriver request:CGX_IOCTL_PREPARE_RECEIVE ret = 0
D/BatteryMeterView(  847): handleMessage
D/BatteryMeterView(  847): handleMessage
D/GPSenseEngine( 1667): EPH sow 301116:--AS:
D/GPSenseEngine( 1667): CheckState[status:2][bOff:0][Used:0]
D/LIBGPS  (  753): in RMC, fixStatus=V
D/LIBGPS  (  753): set SVINFO_GOT_SV_INFO_FLAG 
D/LIBGPS  (  753): SVinfo flag =2, svstatus size =660, numsvs =0
E/GPSenseEngine( 1667): NcFix
D/BatteryMeterView(  847): TimerTask :run --level = 99
D/BatteryMeterView(  847): handleMessage
D/BatteryMeterView(  847): TimerTask :run --level = 99
D/BatteryMeterView(  847): TimerTask :run --level = 99
D/BatteryMeterView(  847): handleMessage
D/BatteryMeterView(  847): handleMessage
D/gralloc.sc8830(  183): fb_post fps = 1.002785
D/GPSenseEngine( 1667): EPH sow 301117:--AS:
D/GPSenseEngine( 1667): CheckState[status:2][bOff:0][Used:0]
D/LIBGPS  (  753): in RMC, fixStatus=V
D/LIBGPS  (  753): set SVINFO_GOT_SV_INFO_FLAG 
D/LIBGPS  (  753): SVinfo flag =2, svstatus size =660, numsvs =0
E/GPSenseEngine( 1667): NcFix
D/BatteryMeterView(  847): TimerTask :run --level = 39
D/BatteryMeterView(  847): handleMessage
D/BatteryMeterView(  847): TimerTask :run --level = 39
D/BatteryMeterView(  847): TimerTask :run --level = 39
D/BatteryMeterView(  847): handleMessage
D/BatteryMeterView(  847): handleMessage
D/gralloc.sc8830(  183): fb_post fps = 0.993602
D/GPSenseEngine( 1667): EPH sow 301118:--AS:
D/GPSenseEngine( 1667): CheckState[status:2][bOff:0][Used:0]
D/LIBGPS  (  753): in RMC, fixStatus=V
D/LIBGPS  (  753): set SVINFO_GOT_SV_INFO_FLAG 
D/LIBGPS  (  753): SVinfo flag =2, svstatus size =660, numsvs =0
D/GPSenseEngine( 1667): ZZW--SearchSatellitesCond:Di.Zhang sleep Ms 2000.
E/GPSenseEngine( 1667): ncfixInfoIndex = 4 / 1962
E/GPSenseEngine( 1667): ====>>>>cgdriver request:CGX_IOCTL_RESET ret = 0
E/GPSenseEngine( 1667): ====>>>>cgdriver request:CGX_IOCTL_READ_SYS_REG ret = -3
D/GPSenseEngine( 1667): FmRequestSnap[type:0][ChosenSnap:11]
E/GPSenseEngine( 1667): ====>>>>cgdriver request:CGX_IOCTL_PREPARE_RECEIVE ret = 0
D/wpa_supplicant(  846): wlan0: Control interface command 'SIGNAL_POLL'
E/GPSenseEngine( 1667): NcFix
D/phoneserver(  205): Receive thread's TID [236] CHNMNG:readline pread= 0xb6f5b6d4,count=15
D/phoneserver(  205): Receive thread's TID [236] CHMNG:  receive data thread :mux=/dev/stty_w0:input:+CSQ: 12,99
D/phoneserver(  205): Receive thread's TID [236] MUX :/dev/stty_w0 Waiting for resp  
D/SignalStrengthUtilsSprd(  753): processLteLevel: empty method
W/ActivityManager(  753): getTasks: caller 10122 does not hold REAL_GET_TASKS; limiting output
D/BatteryMeterView(  847): TimerTask :run --level = 59
D/BatteryMeterView(  847): handleMessage
D/BatteryMeterView(  847): TimerTask :run --level = 59
D/BatteryMeterView(  847): handleMessage
D/BatteryMeterView(  847): TimerTask :run --level = 59
D/BatteryMeterView(  847): handleMessage
D/GPSenseEngine( 1667): EPH sow 301119:--AS:
D/GPSenseEngine( 1667): CheckState[status:2][bOff:0][Used:0]
D/LIBGPS  (  753): in RMC, fixStatus=V
D/LIBGPS  (  753): set SVINFO_GOT_SV_INFO_FLAG 
D/LIBGPS  (  753): SVinfo flag =2, svstatus size =660, numsvs =0
D/BatteryMeterView(  847): TimerTask :run --level = 79
D/BatteryMeterView(  847): handleMessage
D/BatteryMeterView(  847): TimerTask :run --level = 79
E/GPSenseEngine( 1667): NcFix
D/BatteryMeterView(  847): TimerTask :run --level = 79
D/BatteryMeterView(  847): handleMessage
D/BatteryMeterView(  847): handleMessage
D/gralloc.sc8830(  183): fb_post fps = 1.003030
D/GPSenseEngine( 1667): EPH sow 301120:--AS:
D/GPSenseEngine( 1667): CheckState[status:2][bOff:0][Used:0]
D/LIBGPS  (  753): in RMC, fixStatus=V
D/LIBGPS  (  753): set SVINFO_GOT_SV_INFO_FLAG 
D/LIBGPS  (  753): SVinfo flag =2, svstatus size =660, numsvs =0
W/System.err( 5002): java.lang.Exception: sprd
W/System.err( 5002): 	at android.database.AbstractCursor.<init>(AbstractCursor.java:185)
W/System.err( 5002): 	at android.database.AbstractWindowedCursor.<init>(AbstractWindowedCursor.java:36)
W/System.err( 5002): 	at android.database.sqlite.SQLiteCursor.<init>(SQLiteCursor.java:93)
W/System.err( 5002): 	at android.database.sqlite.SQLiteDirectCursorDriver.query(SQLiteDirectCursorDriver.java:50)
W/System.err( 5002): 	at android.database.sqlite.SQLiteDatabase.rawQueryWithFactory(SQLiteDatabase.java:1316)
W/System.err( 5002): 	at android.database.sqlite.SQLiteDatabase.queryWithFactory(SQLiteDatabase.java:1163)
W/System.err( 5002): 	at android.database.sqlite.SQLiteDatabase.query(SQLiteDatabase.java:1034)
W/System.err( 5002): 	at android.database.sqlite.SQLiteDatabase.query(SQLiteDatabase.java:1240)
W/System.err( 5002): 	at com.mofirst.android.lib.messaging.fallback.FallbackDB.getUndeliveredMessages(SourceFile:202)
W/System.err( 5002): 	at com.mofirst.android.lib.services.FallbackService.handleSentMessages(SourceFile:77)
W/System.err( 5002): 	at com.mofirst.android.lib.services.FallbackService.onHandleIntent(SourceFile:58)
W/System.err( 5002): 	at android.app.IntentService$ServiceHandler.handleMessage(IntentService.java:65)
W/System.err( 5002): 	at android.os.Handler.dispatchMessage(Handler.java:102)
W/System.err( 5002): 	at android.os.Looper.loop(Looper.java:135)
W/System.err( 5002): 	at android.os.HandlerThread.run(HandlerThread.java:61)
E/Cursor  ( 5002): AbstractCursor mPos = -1 
E/Cursor  ( 5002): moveToFirst 
E/Cursor  ( 5002): moveToPosition position 0
E/Cursor  ( 5002): moveToPosition mPos = count 
W/System.err( 5002): java.lang.Exception: sprd
W/System.err( 5002): 	at android.database.AbstractCursor.<init>(AbstractCursor.java:185)
W/System.err( 5002): 	at android.database.AbstractWindowedCursor.<init>(AbstractWindowedCursor.java:36)
W/System.err( 5002): 	at android.database.sqlite.SQLiteCursor.<init>(SQLiteCursor.java:93)
W/System.err( 5002): 	at android.database.sqlite.SQLiteDirectCursorDriver.query(SQLiteDirectCursorDriver.java:50)
W/System.err( 5002): 	at android.database.sqlite.SQLiteDatabase.rawQueryWithFactory(SQLiteDatabase.java:1316)
W/System.err( 5002): 	at android.database.sqlite.SQLiteDatabase.queryWithFactory(SQLiteDatabase.java:1163)
W/System.err( 5002): 	at android.database.sqlite.SQLiteDatabase.query(SQLiteDatabase.java:1034)
W/System.err( 5002): 	at android.database.sqlite.SQLiteDatabase.query(SQLiteDatabase.java:1240)
W/System.err( 5002): 	at com.mofirst.android.lib.messaging.fallback.ReceiveFallbackDB.getToBeDeletedMessages(SourceFile:270)
W/System.err( 5002): 	at com.mofirst.android.lib.services.FallbackService.handleReceivedMessages(SourceFile:131)
W/System.err( 5002): 	at com.mofirst.android.lib.services.FallbackService.onHandleIntent(SourceFile:64)
W/System.err( 5002): 	at android.app.IntentService$ServiceHandler.handleMessage(IntentService.java:65)
W/System.err( 5002): 	at android.os.Handler.dispatchMessage(Handler.java:102)
W/System.err( 5002): 	at android.os.Looper.loop(Looper.java:135)
W/System.err( 5002): 	at android.os.HandlerThread.run(HandlerThread.java:61)
E/Cursor  ( 5002): AbstractCursor mPos = -1 
E/Cursor  ( 5002): moveToFirst 
E/Cursor  ( 5002): moveToPosition position 0
E/Cursor  ( 5002): moveToPosition mPos = count 
W/AlarmManagerService(  753): set alarm : 7184.161000000
W/AlarmManagerService(  753): set alarm : 7202.948000000
W/AlarmManagerService(  753): set alarm : 7202.948000000
W/AlarmManagerService(  753): set alarm : 7202.948000000
W/AlarmManagerService(  753): set alarm : 7202.948000000
W/AlarmManagerService(  753): set alarm : 7202.948000000
W/AlarmManagerService(  753): set alarm : 7202.948000000
W/AlarmManagerService(  753): set alarm : 7202.948000000
W/AlarmManagerService(  753): set alarm : 7202.948000000
W/AlarmManagerService(  753): set alarm : 7202.948000000
W/AlarmManagerService(  753): set alarm : 7202.948000000
W/AlarmManagerService(  753): set alarm : 7202.948000000
W/AlarmManagerService(  753): set alarm : 7202.948000000
W/AlarmManagerService(  753): set alarm : 7202.948000000
W/AlarmManagerService(  753): set alarm : 7202.948000000
W/AlarmManagerService(  753): set alarm : 7202.948000000
W/AlarmManagerService(  753): set alarm : 7202.948000000
W/AlarmManagerService(  753): set alarm : 7202.948000000
W/AlarmManagerService(  753): set alarm : 7202.948000000
W/AlarmManagerService(  753): set alarm : 7202.948000000
W/AlarmManagerService(  753): set alarm : 7202.948000000
W/AlarmManagerService(  753): set alarm : 7202.948000000
W/AlarmManagerService(  753): set alarm : 7202.948000000
W/AlarmManagerService(  753): set alarm : 7202.948000000
W/AlarmManagerService(  753): set alarm : 7202.948000000
W/AlarmManagerService(  753): set alarm : 7202.948000000
W/AlarmManagerService(  753): set alarm : 7202.948000000
W/AlarmManagerService(  753): set alarm : 7202.948000000
W/AlarmManagerService(  753): set alarm : 7202.948000000
W/AlarmManagerService(  753): set alarm : 7202.948000000
W/AlarmManagerService(  753): set alarm : 7202.948000000
W/AlarmManagerService(  753): set alarm : 7202.948000000
W/AlarmManagerService(  753): set alarm : 7202.948000000
W/AlarmManagerService(  753): set alarm : 7202.948000000
W/AlarmManagerService(  753): set alarm : 7202.948000000
W/AlarmManagerService(  753): set alarm : 7202.948000000
W/AlarmManagerService(  753): set alarm : 7202.948000000
W/AlarmManagerService(  753): set alarm : 7202.948000000
W/AlarmManagerService(  753): set alarm : 7202.948000000
W/AlarmManagerService(  753): set alarm : 7202.948000000
W/AlarmManagerService(  753): set alarm : 7202.948000000
W/AlarmManagerService(  753): set alarm : 7202.948000000
W/AlarmManagerService(  753): set alarm : 7202.948000000
W/AlarmManagerService(  753): set alarm : 7202.948000000
W/AlarmManagerService(  753): set alarm : 7202.948000000
W/AlarmManagerService(  753): set alarm : 7202.948000000
W/AlarmManagerService(  753): set alarm : 7202.948000000
W/AlarmManagerService(  753): set alarm : 7202.948000000
W/AlarmManagerService(  753): set alarm : 7202.948000000
W/AlarmManagerService(  753): set alarm : 7202.948000000
W/AlarmManagerService(  753): set alarm : 7202.948000000
W/AlarmManagerService(  753): set alarm : 7202.948000000
W/AlarmManagerService(  753): set alarm : 7202.948000000
W/AlarmManagerService(  753): set alarm : 7202.948000000
W/AlarmManagerService(  753): set alarm : 7202.948000000
W/AlarmManagerService(  753): set alarm : 7202.948000000
W/AlarmManagerService(  753): set alarm : 7202.948000000
W/AlarmManagerService(  753): set alarm : 7202.948000000
W/AlarmManagerService(  753): set alarm : 7202.948000000
W/AlarmManagerService(  753): set alarm : 7202.948000000
W/AlarmManagerService(  753): set alarm : 7202.948000000
W/AlarmManagerService(  753): set alarm : 7202.948000000
W/AlarmManagerService(  753): set alarm : 7202.948000000
W/AlarmManagerService(  753): set alarm : 7202.948000000
W/AlarmManagerService(  753): set alarm : 7202.948000000
W/AlarmManagerService(  753): set alarm : 7202.948000000
W/AlarmManagerService(  753): set alarm : 7202.948000000
W/AlarmManagerService(  753): set alarm : 7202.948000000
W/AlarmManagerService(  753): set alarm : 7202.948000000
W/AlarmManagerService(  753): set alarm : 7202.948000000
W/AlarmManagerService(  753): set alarm : 7202.948000000
D/AlarmManager(  753): setImpl() action = null, component = ComponentInfo{com.indusos.messaging/com.mofirst.android.lib.receivers.PollingServiceAlarmReceiver}, type = 0, standalone=true, operation = PendingIntent{2747e8be: PendingIntentRecord{d2325f9 com.indusos.messaging broadcastIntent}} tElapsed=7441068, maxElapsed=7441068, interval=0, when = 1519213343961, triggerTime = 2018-02-21 17:12:23
W/AlarmManagerService(  753): set alarm : 7202.948000000
W/AlarmManagerService(  753): set alarm : 7202.948000000
W/AlarmManagerService(  753): set alarm : 7202.948000000
W/AlarmManagerService(  753): set alarm : 7202.948000000
W/AlarmManagerService(  753): set alarm : 7202.948000000
W/AlarmManagerService(  753): set alarm : 7202.948000000
W/AlarmManagerService(  753): set alarm : 7202.948000000
W/AlarmManagerService(  753): set alarm : 7202.948000000
W/AlarmManagerService(  753): set alarm : 7202.948000000
W/AlarmManagerService(  753): set alarm : 7202.948000000
W/AlarmManagerService(  753): set alarm : 7202.948000000
W/AlarmManagerService(  753): set alarm : 7202.948000000
W/AlarmManagerService(  753): set alarm : 7202.948000000
W/AlarmManagerService(  753): set alarm : 7202.948000000
W/AlarmManagerService(  753): set alarm : 7202.948000000
W/AlarmManagerService(  753): set alarm : 7202.948000000
W/AlarmManagerService(  753): set alarm : 7202.948000000
W/AlarmManagerService(  753): set alarm : 7202.948000000
W/AlarmManagerService(  753): set alarm : 7202.948000000
W/AlarmManagerService(  753): set alarm : 7202.948000000
W/AlarmManagerService(  753): set alarm : 7202.948000000
W/AlarmManagerService(  753): set alarm : 7202.948000000
W/AlarmManagerService(  753): set alarm : 7202.948000000
W/AlarmManagerService(  753): set alarm : 7202.948000000
W/AlarmManagerService(  753): set alarm : 7202.948000000
W/AlarmManagerService(  753): set alarm : 7202.948000000
W/AlarmManagerService(  753): set alarm : 7202.948000000
W/AlarmManagerService(  753): set alarm : 7202.948000000
W/AlarmManagerService(  753): set alarm : 7202.948000000
W/AlarmManagerService(  753): set alarm : 7202.948000000
W/AlarmManagerService(  753): set alarm : 7202.948000000
W/AlarmManagerService(  753): set alarm : 7202.948000000
W/AlarmManagerService(  753): set alarm : 7202.948000000
W/AlarmManagerService(  753): set alarm : 7202.948000000
W/AlarmManagerService(  753): set alarm : 7202.948000000
W/AlarmManagerService(  753): set alarm : 7202.948000000
W/AlarmManagerService(  753): set alarm : 7202.948000000
W/AlarmManagerService(  753): set alarm : 7202.948000000
W/AlarmManagerService(  753): set alarm : 7202.948000000
W/AlarmManagerService(  753): set alarm : 7202.948000000
W/AlarmManagerService(  753): set alarm : 7202.948000000
W/AlarmManagerService(  753): set alarm : 7202.948000000
W/AlarmManagerService(  753): set alarm : 7202.948000000
W/AlarmManagerService(  753): set alarm : 7202.948000000
W/AlarmManagerService(  753): set alarm : 7202.948000000
W/AlarmManagerService(  753): set alarm : 7202.948000000
W/AlarmManagerService(  753): set alarm : 7202.948000000
W/AlarmManagerService(  753): set alarm : 7202.948000000
W/AlarmManagerService(  753): set alarm : 7202.948000000
W/AlarmManagerService(  753): set alarm : 7202.948000000
W/AlarmManagerService(  753): set alarm : 7202.948000000
W/AlarmManagerService(  753): set alarm : 7202.948000000
W/AlarmManagerService(  753): set alarm : 7202.948000000
W/AlarmManagerService(  753): set alarm : 7202.948000000
W/AlarmManagerService(  753): set alarm : 7202.948000000
W/AlarmManagerService(  753): set alarm : 7202.948000000
W/AlarmManagerService(  753): set alarm : 7202.948000000
W/AlarmManagerService(  753): set alarm : 7202.948000000
W/AlarmManagerService(  753): set alarm : 7202.948000000
W/AlarmManagerService(  753): set alarm : 7202.948000000
W/AlarmManagerService(  753): set alarm : 7202.948000000
W/AlarmManagerService(  753): set alarm : 7202.948000000
W/AlarmManagerService(  753): set alarm : 7202.948000000
W/AlarmManagerService(  753): set alarm : 7202.948000000
W/AlarmManagerService(  753): set alarm : 7202.948000000
W/AlarmManagerService(  753): set alarm : 7202.948000000
W/AlarmManagerService(  753): set alarm : 7202.948000000
W/AlarmManagerService(  753): set alarm : 7202.948000000
W/AlarmManagerService(  753): set alarm : 7202.948000000
W/AlarmManagerService(  753): set alarm : 7202.948000000
W/AlarmManagerService(  753): set alarm : 7202.948000000
W/AlarmManagerService(  753): set alarm : 7202.948000000
W/AlarmManagerService(  753): set alarm : 7202.948000000
W/AlarmManagerService(  753): set alarm : 7202.948000000
W/AlarmManagerService(  753): set alarm : 7202.948000000
W/AlarmManagerService(  753): set alarm : 7202.948000000
W/AlarmManagerService(  753): set alarm : 7202.948000000
W/AlarmManagerService(  753): set alarm : 7202.948000000
W/AlarmManagerService(  753): set alarm : 7202.948000000
W/AlarmManagerService(  753): set alarm : 7202.948000000
W/AlarmManagerService(  753): set alarm : 7202.948000000
W/AlarmManagerService(  753): set alarm : 7202.948000000
W/AlarmManagerService(  753): set alarm : 7202.948000000
W/AlarmManagerService(  753): set alarm : 7202.948000000
W/AlarmManagerService(  753): set alarm : 7202.948000000
W/AlarmManagerService(  753): set alarm : 7202.948000000
W/AlarmManagerService(  753): set alarm : 7202.948000000
W/AlarmManagerService(  753): set alarm : 7202.948000000
W/AlarmManagerService(  753): set alarm : 7202.948000000
W/AlarmManagerService(  753): set alarm : 7202.948000000
W/AlarmManagerService(  753): set alarm : 7202.948000000
W/AlarmManagerService(  753): set alarm : 7202.948000000
W/AlarmManagerService(  753): set alarm : 7202.948000000
W/AlarmManagerService(  753): set alarm : 7202.948000000
W/AlarmManagerService(  753): set alarm : 7202.948000000
W/AlarmManagerService(  753): set alarm : 7202.948000000
W/AlarmManagerService(  753): set alarm : 7202.948000000
W/AlarmManagerService(  753): set alarm : 7202.948000000
W/AlarmManagerService(  753): set alarm : 7202.948000000
W/AlarmManagerService(  753): set alarm : 7202.948000000
W/AlarmManagerService(  753): set alarm : 7202.948000000
W/AlarmManagerService(  753): set alarm : 7202.948000000
W/AlarmManagerService(  753): set alarm : 7202.948000000
W/AlarmManagerService(  753): set alarm : 7202.948000000
W/AlarmManagerService(  753): set alarm : 7202.948000000
W/AlarmManagerService(  753): set alarm : 7202.948000000
W/AlarmManagerService(  753): set alarm : 7202.948000000
W/AlarmManagerService(  753): set alarm : 7202.948000000
W/AlarmManagerService(  753): set alarm : 7202.948000000
W/AlarmManagerService(  753): set alarm : 7202.948000000
W/AlarmManagerService(  753): set alarm : 7202.948000000
W/AlarmManagerService(  753): set alarm : 7202.948000000
W/AlarmManagerService(  753): set alarm : 7202.948000000
W/AlarmManagerService(  753): set alarm : 7202.948000000
W/AlarmManagerService(  753): set alarm : 7202.948000000
W/AlarmManagerService(  753): set alarm : 7202.948000000
W/AlarmManagerService(  753): set alarm : 7202.948000000
W/AlarmManagerService(  753): set alarm : 7202.948000000
W/AlarmManagerService(  753): set alarm : 7202.948000000
W/AlarmManagerService(  753): set alarm : 7202.948000000
W/AlarmManagerService(  753): set alarm : 7202.948000000
W/AlarmManagerService(  753): set alarm : 7202.948000000
W/AlarmManagerService(  753): set alarm : 7202.948000000
W/AlarmManagerService(  753): set alarm : 7202.948000000
W/AlarmManagerService(  753): set alarm : 7202.948000000
W/AlarmManagerService(  753): set alarm : 7202.948000000
W/AlarmManagerService(  753): set alarm : 7202.948000000
W/AlarmManagerService(  753): set alarm : 7202.948000000
W/AlarmManagerService(  753): set alarm : 7202.948000000
W/AlarmManagerService(  753): set alarm : 7202.948000000
W/AlarmManagerService(  753): set alarm : 7202.948000000
W/AlarmManagerService(  753): set alarm : 7202.948000000
W/AlarmManagerService(  753): set alarm : 7202.948000000
W/AlarmManagerService(  753): set alarm : 7202.948000000
W/AlarmManagerService(  753): set alarm : 7202.948000000
W/AlarmManagerService(  753): set alarm : 7202.948000000
W/AlarmManagerService(  753): set alarm : 7202.948000000
W/AlarmManagerService(  753): set alarm : 7202.948000000
W/AlarmManagerService(  753): set alarm : 7202.948000000
W/AlarmManagerService(  753): set alarm : 7202.948000000
W/AlarmManagerService(  753): set alarm : 7202.948000000
W/AlarmManagerService(  753): set alarm : 7202.948000000
W/AlarmManagerService(  753): set alarm : 7202.948000000
W/AlarmManagerService(  753): set alarm : 7202.948000000
W/AlarmManagerService(  753): set alarm : 7202.948000000
W/AlarmManagerService(  753): set alarm : 7202.948000000
W/AlarmManagerService(  753): set alarm : 7202.948000000
W/AlarmManagerService(  753): set alarm : 7202.948000000
W/AlarmManagerService(  753): set alarm : 7202.948000000
W/AlarmManagerService(  753): set alarm : 7202.948000000
W/AlarmManagerService(  753): set alarm : 7202.948000000
W/AlarmManagerService(  753): set alarm : 7202.948000000
W/AlarmManagerService(  753): set alarm : 7202.948000000
W/AlarmManagerService(  753): set alarm : 7202.948000000
W/AlarmManagerService(  753): set alarm : 7202.948000000
W/AlarmManagerService(  753): set alarm : 7202.948000000
W/AlarmManagerService(  753): set alarm : 7202.948000000
W/AlarmManagerService(  753): set alarm : 7202.948000000
W/AlarmManagerService(  753): set alarm : 7202.948000000
W/AlarmManagerService(  753): set alarm : 7202.948000000
W/AlarmManagerService(  753): set alarm : 7202.948000000
W/AlarmManagerService(  753): set alarm : 7202.948000000
W/AlarmManagerService(  753): set alarm : 7202.948000000
W/AlarmManagerService(  753): set alarm : 7202.948000000
W/AlarmManagerService(  753): set alarm : 7202.948000000
W/AlarmManagerService(  753): set alarm : 7202.948000000
W/AlarmManagerService(  753): set alarm : 7202.948000000
W/AlarmManagerService(  753): set alarm : 7202.948000000
W/AlarmManagerService(  753): set alarm : 7202.948000000
W/AlarmManagerService(  753): set alarm : 7202.948000000
W/AlarmManagerService(  753): set alarm : 7202.948000000
W/AlarmManagerService(  753): set alarm : 7202.948000000
W/AlarmManagerService(  753): set alarm : 7202.948000000
W/AlarmManagerService(  753): set alarm : 7202.948000000
W/AlarmManagerService(  753): set alarm : 7202.948000000
W/AlarmManagerService(  753): set alarm : 7202.948000000
W/AlarmManagerService(  753): set alarm : 7202.948000000
W/AlarmManagerService(  753): set alarm : 7202.948000000
W/AlarmManagerService(  753): set alarm : 7202.948000000
W/AlarmManagerService(  753): set alarm : 7202.948000000
W/AlarmManagerService(  753): set alarm : 7202.948000000
W/AlarmManagerService(  753): set alarm : 7202.948000000
W/AlarmManagerService(  753): set alarm : 7202.948000000
W/AlarmManagerService(  753): set alarm : 7202.948000000
W/AlarmManagerService(  753): set alarm : 7202.948000000
W/AlarmManagerService(  753): set alarm : 7202.948000000
W/AlarmManagerService(  753): set alarm : 7202.948000000
W/AlarmManagerService(  753): set alarm : 7202.948000000
W/AlarmManagerService(  753): set alarm : 7202.948000000
W/AlarmManagerService(  753): set alarm : 7202.948000000
W/AlarmManagerService(  753): set alarm : 7202.948000000
W/AlarmManagerService(  753): set alarm : 7202.948000000
D/WCND    (  200): is_cp2_alive_ok: open polling interface: /dev/spipe_wcn0, fd = 15
D/WCND    (  200): is_cp2_alive_ok: loop: /dev/spipe_wcn0 is OK
D/GPSenseEngine( 1667): ZZW--SearchSatellitesCond:Di.Zhang sleep Ms 2000.
D/BatteryMeterView(  847): TimerTask :run --level = 99
D/BatteryMeterView(  847): handleMessage
D/BatteryMeterView(  847): TimerTask :run --level = 99
D/BatteryMeterView(  847): TimerTask :run --level = 99
D/BatteryMeterView(  847): handleMessage
D/BatteryMeterView(  847): handleMessage
D/gralloc.sc8830(  183): fb_post fps = 0.994114
D/GPSenseEngine( 1667): EPH sow 301121:--AS:
D/GPSenseEngine( 1667): CheckState[status:2][bOff:0][Used:0]
D/LIBGPS  (  753): in RMC, fixStatus=V
D/LIBGPS  (  753): set SVINFO_GOT_SV_INFO_FLAG 
D/LIBGPS  (  753): SVinfo flag =2, svstatus size =660, numsvs =0
E/GPSenseEngine( 1667): NcFix
D/wpa_supplicant(  846): wlan0: Control interface command 'SIGNAL_POLL'
D/BatteryMeterView(  847): TimerTask :run --level = 39
D/BatteryMeterView(  847): TimerTask :run --level = 39
D/BatteryMeterView(  847): handleMessage
D/BatteryMeterView(  847): handleMessage
D/BatteryMeterView(  847): TimerTask :run --level = 39
D/BatteryMeterView(  847): handleMessage
D/gralloc.sc8830(  183): fb_post fps = 1.987505
D/GPSenseEngine( 1667): EPH sow 301122:--AS:
D/GPSenseEngine( 1667): CheckState[status:2][bOff:0][Used:0]
D/LIBGPS  (  753): in RMC, fixStatus=V
D/LIBGPS  (  753): set SVINFO_GOT_SV_INFO_FLAG 
D/LIBGPS  (  753): SVinfo flag =2, svstatus size =660, numsvs =0
W/AlarmManagerService(  753): set alarm : 7268.063000000
W/AlarmManagerService(  753): set alarm : 7208.784000000
W/AlarmManagerService(  753): set alarm : 7268.063000000
W/AlarmManagerService(  753): set alarm : 7208.784000000
W/AlarmManagerService(  753): set alarm : 7268.063000000
W/AlarmManagerService(  753): set alarm : 7208.784000000
W/AlarmManagerService(  753): set alarm : 7268.063000000
W/AlarmManagerService(  753): set alarm : 7208.784000000
D/AlarmManager(  753): waitForAlarm result:12
D/AlarmManager(  753): triggerList.size = 4, hasWakeup = true
D/AlarmManager(  753): sending alarm.type = 0, action = null, cn = ComponentInfo{com.micromax/com.redbricklane.zaprSdkBase.UpdateArielSettingsService}, operation = PendingIntent{cb39b0b: PendingIntentRecord{3779afd2 com.micromax startService}}
D/AlarmManager(  753): sending alarm.type = 3, action = null, cn = ComponentInfo{com.rock.gota/com.gmobi.trade.ActionMonitor}, operation = PendingIntent{18938681: PendingIntentRecord{3291c326 com.rock.gota broadcastIntent}}
D/BroadcastQueue(  753): Add broadcastBroadcastRecord{3698d86c u0 null} into (background/order), now header = BroadcastRecord{1ecb5f7f u0 com.avast.android.shepherd.UPDATE_ATTEMPT_FINISHED}, size = 13
D/AlarmManager(  753): sending alarm.type = 1, action = ALARM_FP_REC_ACTION, cn = null, operation = PendingIntent{2f352c93: PendingIntentRecord{3ce1fed4 com.mofirst.launcher broadcastIntent}}
D/BroadcastQueue(  753): Add broadcastBroadcastRecord{208d3e35 u0 ALARM_FP_REC_ACTION} into (background/order), now header = BroadcastRecord{1ecb5f7f u0 com.avast.android.shepherd.UPDATE_ATTEMPT_FINISHED}, size = 14
D/AlarmManager(  753): sending alarm.type = 3, action = android.content.jobscheduler.JOB_DELAY_EXPIRED, cn = null, operation = PendingIntent{1dd93ef6: PendingIntentRecord{ef2f2f7 android broadcastIntent}}
D/BroadcastQueue(  753): Add broadcastBroadcastRecord{3715d2ca u0 android.content.jobscheduler.JOB_DELAY_EXPIRED} into (background/order), now header = BroadcastRecord{1ecb5f7f u0 com.avast.android.shepherd.UPDATE_ATTEMPT_FINISHED}, size = 15
W/System.err(25114): java.lang.NullPointerException: Attempt to invoke virtual method 'boolean android.os.PowerManager$WakeLock.isHeld()' on a null object reference
W/System.err(25114): 	at com.redbricklane.zaprSdkBase.UpdateArielSettingsService.onDestroy(UpdateArielSettingsService.java:232)
W/System.err(25114): 	at android.app.ActivityThread.handleStopService(ActivityThread.java:2964)
W/System.err(25114): 	at android.app.ActivityThread.access$2200(ActivityThread.java:151)
W/System.err(25114): 	at android.app.ActivityThread$H.handleMessage(ActivityThread.java:1416)
W/System.err(25114): 	at android.os.Handler.dispatchMessage(Handler.java:102)
W/System.err(25114): 	at android.os.Looper.loop(Looper.java:135)
W/System.err(25114): 	at android.app.ActivityThread.main(ActivityThread.java:5345)
W/System.err(25114): 	at java.lang.reflect.Method.invoke(Native Method)
W/System.err(25114): 	at java.lang.reflect.Method.invoke(Method.java:372)
W/System.err(25114): 	at com.android.internal.os.ZygoteInit$MethodAndArgsCaller.run(ZygoteInit.java:947)
W/System.err(25114): 	at com.android.internal.os.ZygoteInit.main(ZygoteInit.java:742)
E/WifiStateMachine(  753): WifiStateMachine CMD_START_SCAN source -2 txSuccessRate=0.00 rxSuccessRate=0.00 targetRoamBSSID=any RSSI=-44
E/WifiStateMachine(  753): WifiStateMachine starting scan for "IndusWiFi"WPA_PSK with 2412,2462,2437
D/wpa_supplicant(  846): wlan0: Control interface command 'SCAN TYPE=ONLY freq=2412,2462,2437'
D/wpa_supplicant(  846): wlan0: Setting scan request: 0.000000 sec
D/wpa_supplicant(  846): wlan0: Starting AP scan for wildcard SSID
D/wpa_supplicant(  846): wlan0: Limit manual scan to specified channels
D/wpa_supplicant(  846): wlan0: Add radio work 'scan'@0xb6038218
D/wpa_supplicant(  846): wlan0: First radio work item in the queue - schedule start immediately
D/wpa_supplicant(  846): wlan0: Starting radio work 'scan'@0xb6038218 after 0.000061 second wait
D/wpa_supplicant(  846): wlan0: nl80211: scan request
D/wpa_supplicant(  846): nl80211: Scan SSID - hexdump(len=0): [NULL]
D/wpa_supplicant(  846): nl80211: Scan frequency 2412 MHz
D/wpa_supplicant(  846): nl80211: Scan frequency 2437 MHz
D/wpa_supplicant(  846): nl80211: Scan frequency 2462 MHz
D/wpa_supplicant(  846): Scan requested (ret=0) - scan timeout 30 seconds
D/wpa_supplicant(  846): nl80211: Event message available
D/wpa_supplicant(  846): nl80211: Drv Event 33 (NL80211_CMD_TRIGGER_SCAN) received for wlan0
D/wpa_supplicant(  846): wlan0: nl80211: Scan trigger
D/wpa_supplicant(  846): wlan0: Event SCAN_STARTED (49) received
D/wpa_supplicant(  846): wlan0: Own scan request started a scan in 0.000152 seconds
D/wpa_supplicant(  846): CTRL_IFACE monitor sent successfully to /data/misc/wifi/sockets/wpa_ctrl_753-2\x00
D/BatteryMeterView(  847): TimerTask :run --level = 59
D/BatteryMeterView(  847): handleMessage
D/BatteryMeterView(  847): TimerTask :run --level = 59
D/BatteryMeterView(  847): TimerTask :run --level = 59
D/BatteryMeterView(  847): handleMessage
D/BatteryMeterView(  847): handleMessage
D/GPSenseEngine( 1667): ZZW--SearchSatellitesCond:Di.Zhang sleep Ms 2000.
E/GPSenseEngine( 1667): ncfixInfoIndex = 5 / 1963
E/GPSenseEngine( 1667): ====>>>>cgdriver request:CGX_IOCTL_RESET ret = 0
E/GPSenseEngine( 1667): ====>>>>cgdriver request:CGX_IOCTL_READ_SYS_REG ret = -3
D/GPSenseEngine( 1667): FmRequestSnap[type:0][ChosenSnap:11]
E/GPSenseEngine( 1667): ====>>>>cgdriver request:CGX_IOCTL_PREPARE_RECEIVE ret = 0
D/GPSenseEngine( 1667): EPH sow 301123:--AS:
D/GPSenseEngine( 1667): CheckState[status:2][bOff:0][Used:0]
D/LIBGPS  (  753): in RMC, fixStatus=V
D/LIBGPS  (  753): set SVINFO_GOT_SV_INFO_FLAG 
D/LIBGPS  (  753): SVinfo flag =2, svstatus size =660, numsvs =0
D/phoneserver(  205): Receive thread's TID [236] CHNMNG:readline pread= 0xb6f5b6d4,count=15
D/phoneserver(  205): Receive thread's TID [236] CHMNG:  receive data thread :mux=/dev/stty_w0:input:+CSQ: 14,99
D/phoneserver(  205): Receive thread's TID [236] MUX :/dev/stty_w0 Waiting for resp  
D/SignalStrengthUtilsSprd(  753): processLteLevel: empty method
D/wpa_supplicant(  846): nl80211: Event message available
D/wpa_supplicant(  846): nl80211: Drv Event 34 (NL80211_CMD_NEW_SCAN_RESULTS) received for wlan0
D/wpa_supplicant(  846): wlan0: nl80211: New scan results available
D/wpa_supplicant(  846): nl80211: Scan probed for SSID ''
D/wpa_supplicant(  846): nl80211: Scan included frequencies: 2412 2437 2462
D/wpa_supplicant(  846): wlan0: Event SCAN_RESULTS (3) received
D/wpa_supplicant(  846): wlan0: Scan completed in 0.547821 seconds
D/wpa_supplicant(  846): nl80211: Associated on 2412 MHz
D/wpa_supplicant(  846): nl80211: Associated with 00:1a:8c:a0:52:70
D/wpa_supplicant(  846): nl80211: Received scan results (15 BSSes)
D/wpa_supplicant(  846): nl80211: Scan results indicate BSS status with 00:1a:8c:a0:52:70 as associated
D/wpa_supplicant(  846): wlan0: BSS: Start scan result update 533
D/wpa_supplicant(  846): wlan0: BSS: Add new id 750 BSSID 74:26:ac:e3:e3:28 SSID 'Aasaanjobs'
D/wpa_supplicant(  846): CTRL_IFACE monitor sent successfully to /data/misc/wifi/sockets/wpa_ctrl_753-2\x00
D/wpa_supplicant(  846): wlan0: BSS: Remove id 749 BSSID ec:01:ee:c4:74:18 SSID 'BAfj-bWFtdGEuamFkaGF2' due to no match in scan
D/wpa_supplicant(  846): CTRL_IFACE monitor sent successfully to /data/misc/wifi/sockets/wpa_ctrl_753-2\x00
D/wpa_supplicant(  846): BSS: last_scan_res_used=15/32
D/wpa_supplicant(  846): wlan0: Scan-only results received
D/wpa_supplicant(  846): CTRL_IFACE monitor sent successfully to /data/misc/wifi/sockets/wpa_ctrl_753-2\x00
D/wpa_supplicant(  846): wlan0: Radio work 'scan'@0xb6038218 done in 0.550201 seconds
