D/InputReader(  753): VirtualKeys: Hit test (270, 1000): keyCode=3, scanCode=172, left=230, top=969, right=310, bottom=1033
D/FirebaseApp(17394): com.google.firebase.auth.FirebaseAuth is not linked. Skipping initialization.
D/InputReader(  753): VirtualKeys: Hit test (270, 1000): keyCode=4, scanCode=158, left=410, top=969, right=490, bottom=1033
D/InputReader(  753): VirtualKeys: Hit test (270, 1000): keyCode=82, scanCode=139, left=50, top=969, right=130, bottom=1033
D/InputReader(  753): VirtualKeys: Hit test (270, 1000): keyCode=3, scanCode=172, left=230, top=969, right=310, bottom=1033
D/InputReader(  753): VirtualKeys: Hit test (270, 1000): keyCode=4, scanCode=158, left=410, top=969, right=490, bottom=1033
D/InputReader(  753): VirtualKeys: Hit test (270, 1000): keyCode=82, scanCode=139, left=50, top=969, right=130, bottom=1033
D/InputReader(  753): VirtualKeys: Hit test (270, 1000): keyCode=3, scanCode=172, left=230, top=969, right=310, bottom=1033
W/AlarmManagerService(  753): set alarm : 7329.978000000
W/AlarmManagerService(  753): set alarm : 7329.978000000
W/AlarmManagerService(  753): set alarm : 7329.978000000
W/AlarmManagerService(  753): set alarm : 7329.978000000
W/AlarmManagerService(  753): set alarm : 7329.978000000
W/AlarmManagerService(  753): set alarm : 7329.978000000
W/AlarmManagerService(  753): set alarm : 7329.978000000
W/AlarmManagerService(  753): set alarm : 7329.978000000
W/AlarmManagerService(  753): set alarm : 7329.978000000
W/AlarmManagerService(  753): set alarm : 7329.978000000
W/AlarmManagerService(  753): set alarm : 7329.978000000
W/AlarmManagerService(  753): set alarm : 7329.978000000
W/AlarmManagerService(  753): set alarm : 7329.978000000
W/AlarmManagerService(  753): set alarm : 7329.978000000
W/AlarmManagerService(  753): set alarm : 7329.978000000
W/AlarmManagerService(  753): set alarm : 7329.978000000
W/AlarmManagerService(  753): set alarm : 7329.978000000
W/AlarmManagerService(  753): set alarm : 7329.978000000
W/AlarmManagerService(  753): set alarm : 7329.978000000
W/AlarmManagerService(  753): set alarm : 7329.978000000
W/AlarmManagerService(  753): set alarm : 7329.978000000
W/AlarmManagerService(  753): set alarm : 7329.978000000
W/AlarmManagerService(  753): set alarm : 7329.978000000
W/AlarmManagerService(  753): set alarm : 7329.978000000
W/AlarmManagerService(  753): set alarm : 7329.978000000
W/AlarmManagerService(  753): set alarm : 7329.978000000
W/AlarmManagerService(  753): set alarm : 7329.978000000
W/AlarmManagerService(  753): set alarm : 7329.978000000
W/AlarmManagerService(  753): set alarm : 7329.978000000
W/AlarmManagerService(  753): set alarm : 7329.978000000
W/AlarmManagerService(  753): set alarm : 7329.978000000
W/AlarmManagerService(  753): set alarm : 7329.978000000
W/AlarmManagerService(  753): set alarm : 7329.978000000
W/AlarmManagerService(  753): set alarm : 7329.978000000
W/AlarmManagerService(  753): set alarm : 7329.978000000
W/AlarmManagerService(  753): set alarm : 7329.978000000
W/AlarmManagerService(  753): set alarm : 7329.978000000
D/WindowManager(  753): interceptKeyTq keycode=3 interactive=true keyguardActive=false policyFlags=22000002
D/gongpc  (  753): enter GESTURE222222!!!mIsGestureSupport:  false
W/AlarmManagerService(  753): set alarm : 7329.978000000
W/AlarmManagerService(  753): set alarm : 7329.978000000
W/AlarmManagerService(  753): set alarm : 7329.978000000
W/AlarmManagerService(  753): set alarm : 7329.978000000
W/AlarmManagerService(  753): set alarm : 7329.978000000
W/AlarmManagerService(  753): set alarm : 7329.978000000
W/AlarmManagerService(  753): set alarm : 7329.978000000
W/AlarmManagerService(  753): set alarm : 7329.978000000
W/AlarmManagerService(  753): set alarm : 7329.978000000
I/FA      (17394): App measurement is starting up, version: 11020
W/AlarmManagerService(  753): set alarm : 7329.978000000
I/FA      (17394): To enable debug logging run: adb shell setprop log.tag.FA VERBOSE
W/AlarmManagerService(  753): set alarm : 7329.978000000
W/AlarmManagerService(  753): set alarm : 7329.978000000
W/AlarmManagerService(  753): set alarm : 7329.978000000
W/AlarmManagerService(  753): set alarm : 7329.978000000
W/AlarmManagerService(  753): set alarm : 7329.978000000
W/AlarmManagerService(  753): set alarm : 7329.978000000
W/AlarmManagerService(  753): set alarm : 7329.978000000
W/AlarmManagerService(  753): set alarm : 7329.978000000
W/AlarmManagerService(  753): set alarm : 7329.978000000
W/AlarmManagerService(  753): set alarm : 7329.978000000
W/AlarmManagerService(  753): set alarm : 7329.978000000
W/AlarmManagerService(  753): set alarm : 7329.978000000
W/AlarmManagerService(  753): set alarm : 7329.978000000
W/AlarmManagerService(  753): set alarm : 7329.978000000
W/AlarmManagerService(  753): set alarm : 7329.978000000
W/AlarmManagerService(  753): set alarm : 7329.978000000
W/AlarmManagerService(  753): set alarm : 7329.978000000
W/AlarmManagerService(  753): set alarm : 7329.978000000
W/ResourcesManager( 3404): Asset path '/system/framework/com.android.media.remotedisplay.jar' does not exist or contains no resources.
W/AlarmManagerService(  753): set alarm : 7329.978000000
W/AlarmManagerService(  753): set alarm : 7329.978000000
W/AlarmManagerService(  753): set alarm : 7329.978000000
W/AlarmManagerService(  753): set alarm : 7329.978000000
W/AlarmManagerService(  753): set alarm : 7329.978000000
W/AlarmManagerService(  753): set alarm : 7329.978000000
W/AlarmManagerService(  753): set alarm : 7329.978000000
W/AlarmManagerService(  753): set alarm : 7329.978000000
W/AlarmManagerService(  753): set alarm : 7329.978000000
W/AlarmManagerService(  753): set alarm : 7329.978000000
W/AlarmManagerService(  753): set alarm : 7329.978000000
W/AlarmManagerService(  753): set alarm : 7329.978000000
W/AlarmManagerService(  753): set alarm : 7329.978000000
W/AlarmManagerService(  753): set alarm : 7329.978000000
W/AlarmManagerService(  753): set alarm : 7329.978000000
W/AlarmManagerService(  753): set alarm : 7329.978000000
W/AlarmManagerService(  753): set alarm : 7329.978000000
W/AlarmManagerService(  753): set alarm : 7329.978000000
W/AlarmManagerService(  753): set alarm : 7329.978000000
W/AlarmManagerService(  753): set alarm : 7329.978000000
W/AlarmManagerService(  753): set alarm : 7329.978000000
W/AlarmManagerService(  753): set alarm : 7329.978000000
W/AlarmManagerService(  753): set alarm : 7329.978000000
W/AlarmManagerService(  753): set alarm : 7329.978000000
W/AlarmManagerService(  753): set alarm : 7329.978000000
W/AlarmManagerService(  753): set alarm : 7329.978000000
W/AlarmManagerService(  753): set alarm : 7329.978000000
W/AlarmManagerService(  753): set alarm : 7329.978000000
W/AlarmManagerService(  753): set alarm : 7329.978000000
W/AlarmManagerService(  753): set alarm : 7329.978000000
W/ResourcesManager( 3404): Asset path '/system/framework/com.android.location.provider.jar' does not exist or contains no resources.
D/WindowManager(  753): Resuming WindowToken AppWindowToken{16e1880 token=Token{11e4d103 ActivityRecord{2cc6ddb2 u0 com.android.settings/com.sprd.settings.SprdUsbSettings t19851}}}
W/AlarmManagerService(  753): set alarm : 7329.978000000
W/AlarmManagerService(  753): set alarm : 7329.978000000
W/AlarmManagerService(  753): set alarm : 7329.978000000
W/AlarmManagerService(  753): set alarm : 7329.978000000
W/AlarmManagerService(  753): set alarm : 7329.978000000
W/AlarmManagerService(  753): set alarm : 7329.978000000
W/AlarmManagerService(  753): set alarm : 7329.978000000
W/AlarmManagerService(  753): set alarm : 7329.978000000
W/AlarmManagerService(  753): set alarm : 7329.978000000
W/AlarmManagerService(  753): set alarm : 7329.978000000
W/AlarmManagerService(  753): set alarm : 7329.978000000
W/AlarmManagerService(  753): set alarm : 7329.978000000
W/AlarmManagerService(  753): set alarm : 7329.978000000
W/AlarmManagerService(  753): set alarm : 7329.978000000
W/AlarmManagerService(  753): set alarm : 7329.978000000
W/AlarmManagerService(  753): set alarm : 7329.978000000
W/AlarmManagerService(  753): set alarm : 7329.978000000
W/AlarmManagerService(  753): set alarm : 7329.978000000
W/AlarmManagerService(  753): set alarm : 7329.978000000
W/AlarmManagerService(  753): set alarm : 7329.978000000
W/AlarmManagerService(  753): set alarm : 7329.978000000
W/AlarmManagerService(  753): set alarm : 7329.978000000
W/AlarmManagerService(  753): set alarm : 7329.978000000
W/AlarmManagerService(  753): set alarm : 7329.978000000
W/AlarmManagerService(  753): set alarm : 7329.978000000
W/AlarmManagerService(  753): set alarm : 7329.978000000
W/AlarmManagerService(  753): set alarm : 7329.978000000
W/AlarmManagerService(  753): set alarm : 7329.978000000
W/AlarmManagerService(  753): set alarm : 7329.978000000
W/AlarmManagerService(  753): set alarm : 7329.978000000
W/AlarmManagerService(  753): set alarm : 7329.978000000
W/AlarmManagerService(  753): set alarm : 7329.978000000
W/AlarmManagerService(  753): set alarm : 7329.978000000
W/AlarmManagerService(  753): set alarm : 7329.978000000
W/AlarmManagerService(  753): set alarm : 7329.978000000
W/AlarmManagerService(  753): set alarm : 7329.978000000
W/AlarmManagerService(  753): set alarm : 7329.978000000
W/AlarmManagerService(  753): set alarm : 7329.978000000
W/AlarmManagerService(  753): set alarm : 7329.978000000
W/AlarmManagerService(  753): set alarm : 7329.978000000
W/AlarmManagerService(  753): set alarm : 7329.978000000
W/AlarmManagerService(  753): set alarm : 7329.978000000
W/AlarmManagerService(  753): set alarm : 7329.978000000
W/AlarmManagerService(  753): set alarm : 7329.978000000
W/AlarmManagerService(  753): set alarm : 7329.978000000
W/AlarmManagerService(  753): set alarm : 7329.978000000
W/AlarmManagerService(  753): set alarm : 7329.978000000
W/AlarmManagerService(  753): set alarm : 7329.978000000
W/AlarmManagerService(  753): set alarm : 7329.978000000
W/AlarmManagerService(  753): set alarm : 7329.978000000
W/AlarmManagerService(  753): set alarm : 7329.978000000
W/AlarmManagerService(  753): set alarm : 7329.978000000
W/AlarmManagerService(  753): set alarm : 7329.978000000
W/AlarmManagerService(  753): set alarm : 7329.978000000
W/AlarmManagerService(  753): set alarm : 7329.978000000
W/AlarmManagerService(  753): set alarm : 7329.978000000
W/AlarmManagerService(  753): set alarm : 7329.978000000
W/AlarmManagerService(  753): set alarm : 7329.978000000
W/AlarmManagerService(  753): set alarm : 7329.978000000
W/AlarmManagerService(  753): set alarm : 7329.978000000
W/AlarmManagerService(  753): set alarm : 7329.978000000
W/AlarmManagerService(  753): set alarm : 7329.978000000
W/AlarmManagerService(  753): set alarm : 7329.978000000
W/AlarmManagerService(  753): set alarm : 7329.978000000
W/AlarmManagerService(  753): set alarm : 7329.978000000
W/AlarmManagerService(  753): set alarm : 7329.978000000
W/AlarmManagerService(  753): set alarm : 7329.978000000
W/AlarmManagerService(  753): set alarm : 7329.978000000
W/AlarmManagerService(  753): set alarm : 7329.978000000
W/AlarmManagerService(  753): set alarm : 7329.978000000
W/AlarmManagerService(  753): set alarm : 7329.978000000
W/AlarmManagerService(  753): set alarm : 7329.978000000
W/AlarmManagerService(  753): set alarm : 7329.978000000
W/AlarmManagerService(  753): set alarm : 7329.978000000
W/AlarmManagerService(  753): set alarm : 7329.978000000
W/AlarmManagerService(  753): set alarm : 7329.978000000
W/AlarmManagerService(  753): set alarm : 7329.978000000
W/AlarmManagerService(  753): set alarm : 7329.978000000
W/AlarmManagerService(  753): set alarm : 7329.978000000
W/AlarmManagerService(  753): set alarm : 7329.978000000
W/AlarmManagerService(  753): set alarm : 7329.978000000
W/AlarmManagerService(  753): set alarm : 7329.978000000
W/AlarmManagerService(  753): set alarm : 7329.978000000
W/AlarmManagerService(  753): set alarm : 7329.978000000
W/AlarmManagerService(  753): set alarm : 7329.978000000
W/AlarmManagerService(  753): set alarm : 7329.978000000
W/AlarmManagerService(  753): set alarm : 7329.978000000
W/AlarmManagerService(  753): set alarm : 7329.978000000
W/AlarmManagerService(  753): set alarm : 7329.978000000
W/AlarmManagerService(  753): set alarm : 7329.978000000
W/AlarmManagerService(  753): set alarm : 7329.978000000
W/AlarmManagerService(  753): set alarm : 7329.978000000
W/AlarmManagerService(  753): set alarm : 7329.978000000
W/System.err(10418): java.lang.Exception: sprd
W/AlarmManagerService(  753): set alarm : 7329.978000000
W/System.err(10418): 	at android.database.AbstractCursor.<init>(AbstractCursor.java:185)
W/System.err(10418): 	at android.database.AbstractWindowedCursor.<init>(AbstractWindowedCursor.java:36)
W/System.err(10418): 	at android.database.sqlite.SQLiteCursor.<init>(SQLiteCursor.java:93)
W/AlarmManagerService(  753): set alarm : 7329.978000000
W/System.err(10418): 	at android.database.sqlite.SQLiteDirectCursorDriver.query(SQLiteDirectCursorDriver.java:50)
W/System.err(10418): 	at android.database.sqlite.SQLiteDatabase.rawQueryWithFactory(SQLiteDatabase.java:1316)
W/System.err(10418): 	at android.database.sqlite.SQLiteDatabase.queryWithFactory(SQLiteDatabase.java:1163)
W/System.err(10418): 	at android.database.sqlite.SQLiteDatabase.query(SQLiteDatabase.java:1034)
W/System.err(10418): 	at android.database.sqlite.SQLiteDatabase.query(SQLiteDatabase.java:1202)
W/System.err(10418): 	at o..(:308)
W/System.err(10418): 	at o..(:24289)
W/System.err(10418): 	at o.$5.run(:6490)
W/System.err(10418): 	at java.util.concurrent.Executors$RunnableAdapter.call(Executors.java:422)
W/System.err(10418): 	at java.util.concurrent.FutureTask.run(FutureTask.java:237)
W/System.err(10418): 	at java.util.concurrent.ScheduledThreadPoolExecutor$ScheduledFutureTask.access$201(ScheduledThreadPoolExecutor.java:152)
W/System.err(10418): 	at java.util.concurrent.ScheduledThreadPoolExecutor$ScheduledFutureTask.run(ScheduledThreadPoolExecutor.java:265)
W/System.err(10418): 	at java.util.concurrent.ThreadPoolExecutor.runWorker(ThreadPoolExecutor.java:1112)
W/System.err(10418): 	at java.util.concurrent.ThreadPoolExecutor$Worker.run(ThreadPoolExecutor.java:587)
W/AlarmManagerService(  753): set alarm : 7329.978000000
W/System.err(10418): 	at java.lang.Thread.run(Thread.java:818)
E/Cursor  (10418): AbstractCursor mPos = -1 
E/Cursor  (10418): moveToNext 0
E/Cursor  (10418): moveToPosition position 0
W/AlarmManagerService(  753): set alarm : 7329.978000000
W/AlarmManagerService(  753): set alarm : 7329.978000000
W/AlarmManagerService(  753): set alarm : 7329.978000000
W/AlarmManagerService(  753): set alarm : 7329.978000000
V/Activity(10418): calling onResume for activity: com.indusos.launcher
W/AlarmManagerService(  753): set alarm : 7329.978000000
E/Cursor  (10418): moveToPosition onMove mPos = position 
W/AlarmManagerService(  753): set alarm : 7329.978000000
W/AlarmManagerService(  753): set alarm : 7329.978000000
W/AlarmManagerService(  753): set alarm : 7329.978000000
W/AlarmManagerService(  753): set alarm : 7329.978000000
W/AlarmManagerService(  753): set alarm : 7329.978000000
E/Cursor  (10418): moveToNext 1
E/Cursor  (10418): moveToPosition position 1
E/Cursor  (10418): moveToPosition mPos = count 
W/AlarmManagerService(  753): set alarm : 7329.978000000
W/AlarmManagerService(  753): set alarm : 7329.978000000
W/AlarmManagerService(  753): set alarm : 7329.978000000
W/AlarmManagerService(  753): set alarm : 7329.978000000
W/AlarmManagerService(  753): set alarm : 7329.978000000
W/AlarmManagerService(  753): set alarm : 7329.978000000
W/AlarmManagerService(  753): set alarm : 7329.978000000
W/AlarmManagerService(  753): set alarm : 7329.978000000
W/AlarmManagerService(  753): set alarm : 7329.978000000
I/art     (  753): Background sticky concurrent mark sweep GC freed 42186(2MB) AllocSpace objects, 59(939KB) LOS objects, 13% free, 24MB/28MB, paused 3.814ms total 177.734ms
W/System.err(17394): java.lang.Exception: sprd
W/System.err(17394): 	at android.database.AbstractCursor.<init>(AbstractCursor.java:185)
W/System.err(17394): 	at android.database.AbstractWindowedCursor.<init>(AbstractWindowedCursor.java:36)
W/System.err(17394): 	at android.database.BulkCursorToCursorAdaptor.<init>(BulkCursorToCursorAdaptor.java:28)
W/System.err(17394): 	at android.content.ContentProviderProxy.query(ContentProviderNative.java:415)
W/System.err(17394): 	at android.content.ContentResolver.query(ContentResolver.java:478)
W/System.err(17394): 	at android.content.ContentResolver.query(ContentResolver.java:422)
W/System.err(17394): 	at com.google.android.gms.dynamite.DynamiteModule.c(Unknown Source)
W/System.err(17394): 	at com.google.android.gms.dynamite.DynamiteModule.a(Unknown Source)
W/System.err(17394): 	at com.google.android.gms.dynamite.a.a(Unknown Source)
W/System.err(17394): 	at com.google.android.gms.dynamite.f.a(Unknown Source)
W/System.err(17394): 	at com.google.android.gms.dynamite.DynamiteModule.a(Unknown Source)
W/System.err(17394): 	at com.google.android.gms.internal.xn.a(Unknown Source)
W/System.err(17394): 	at com.google.android.gms.internal.av.a(Unknown Source)
W/System.err(17394): 	at com.google.firebase.crash.c.a(Unknown Source)
W/System.err(17394): 	at com.google.firebase.crash.d.call(Unknown Source)
W/System.err(17394): 	at java.util.concurrent.FutureTask.run(FutureTask.java:237)
W/System.err(17394): 	at java.util.concurrent.ThreadPoolExecutor.runWorker(ThreadPoolExecutor.java:1112)
W/System.err(17394): 	at java.util.concurrent.ThreadPoolExecutor$Worker.run(ThreadPoolExecutor.java:587)
W/System.err(17394): 	at java.lang.Thread.run(Thread.java:818)
W/System.err(10418): java.lang.Exception: sprd
W/System.err(10418): 	at android.database.AbstractCursor.<init>(AbstractCursor.java:185)
E/Cursor  (17394): AbstractCursor mPos = -1 
W/System.err(10418): 	at android.database.AbstractWindowedCursor.<init>(AbstractWindowedCursor.java:36)
W/System.err(10418): 	at android.database.sqlite.SQLiteCursor.<init>(SQLiteCursor.java:93)
W/System.err(10418): 	at android.database.sqlite.SQLiteDirectCursorDriver.query(SQLiteDirectCursorDriver.java:50)
W/System.err(10418): 	at android.database.sqlite.SQLiteDatabase.rawQueryWithFactory(SQLiteDatabase.java:1316)
W/System.err(10418): 	at android.database.sqlite.SQLiteDatabase.queryWithFactory(SQLiteDatabase.java:1163)
W/System.err(10418): 	at android.database.sqlite.SQLiteDatabase.query(SQLiteDatabase.java:1034)
W/System.err(10418): 	at android.database.sqlite.SQLiteDatabase.query(SQLiteDatabase.java:1202)
W/System.err(10418): 	at o..(:308)
W/System.err(10418): 	at o..(:36210)
W/System.err(10418): 	at o..(:54818)
W/System.err(10418): 	at o.$1.run(:393)
W/System.err(10418): 	at o.$5.run(:6496)
W/System.err(10418): 	at java.util.concurrent.Executors$RunnableAdapter.call(Executors.java:422)
W/System.err(10418): 	at java.util.concurrent.FutureTask.run(FutureTask.java:237)
W/System.err(10418): 	at java.util.concurrent.ScheduledThreadPoolExecutor$ScheduledFutureTask.access$201(ScheduledThreadPoolExecutor.java:152)
W/System.err(10418): 	at java.util.concurrent.ScheduledThreadPoolExecutor$ScheduledFutureTask.run(ScheduledThreadPoolExecutor.java:265)
W/System.err(10418): 	at java.util.concurrent.ThreadPoolExecutor.runWorker(ThreadPoolExecutor.java:1112)
W/System.err(10418): 	at java.util.concurrent.ThreadPoolExecutor$Worker.run(ThreadPoolExecutor.java:587)
W/System.err(10418): 	at java.lang.Thread.run(Thread.java:818)
E/Cursor  (10418): AbstractCursor mPos = -1 
E/Cursor  (10418): moveToNext 0
E/Cursor  (10418): moveToPosition position 0
E/Cursor  (10418): moveToPosition onMove mPos = position 
E/Cursor  (10418): moveToNext 1
E/Cursor  (10418): moveToPosition position 1
E/Cursor  (10418): moveToPosition mPos = count 
W/System.err(10418): java.lang.Exception: sprd
W/System.err(10418): 	at android.database.AbstractCursor.<init>(AbstractCursor.java:185)
W/System.err(10418): 	at android.database.AbstractWindowedCursor.<init>(AbstractWindowedCursor.java:36)
W/System.err(10418): 	at android.database.sqlite.SQLiteCursor.<init>(SQLiteCursor.java:93)
W/System.err(10418): 	at android.database.sqlite.SQLiteDirectCursorDriver.query(SQLiteDirectCursorDriver.java:50)
W/System.err(10418): 	at android.database.sqlite.SQLiteDatabase.rawQueryWithFactory(SQLiteDatabase.java:1316)
W/System.err(10418): 	at android.database.sqlite.SQLiteDatabase.queryWithFactory(SQLiteDatabase.java:1163)
W/System.err(10418): 	at android.database.sqlite.SQLiteDatabase.query(SQLiteDatabase.java:1034)
W/System.err(10418): 	at android.database.sqlite.SQLiteDatabase.query(SQLiteDatabase.java:1202)
W/System.err(10418): 	at o..(:289)
W/System.err(10418): 	at o.$2.run(:1837)
W/System.err(10418): 	at java.util.concurrent.Executors$RunnableAdapter.call(Executors.java:422)
W/System.err(10418): 	at java.util.concurrent.FutureTask.run(FutureTask.java:237)
W/System.err(10418): 	at java.util.concurrent.ScheduledThreadPoolExecutor$ScheduledFutureTask.access$201(ScheduledThreadPoolExecutor.java:152)
W/System.err(10418): 	at java.util.concurrent.ScheduledThreadPoolExecutor$ScheduledFutureTask.run(ScheduledThreadPoolExecutor.java:265)
W/System.err(10418): 	at java.util.concurrent.ThreadPoolExecutor.runWorker(ThreadPoolExecutor.java:1112)
W/System.err(10418): 	at java.util.concurrent.ThreadPoolExecutor$Worker.run(ThreadPoolExecutor.java:587)
W/System.err(10418): 	at java.lang.Thread.run(Thread.java:818)
E/Cursor  (10418): AbstractCursor mPos = -1 
E/Cursor  (10418): moveToFirst 
E/Cursor  (10418): moveToPosition position 0
W/System.err( 1323): java.lang.Exception: sprd
W/System.err( 1323): 	at android.database.AbstractCursor.<init>(AbstractCursor.java:185)
W/System.err( 1323): 	at android.database.MatrixCursor.<init>(MatrixCursor.java:40)
W/System.err( 1323): 	at android.database.MatrixCursor.<init>(MatrixCursor.java:58)
W/System.err( 1323): 	at lfq.a(:com.google.android.gms@11975234:30)
W/System.err( 1323): 	at com.google.android.gms.chimera.container.GmsModuleProvider.query(:com.google.android.gms@11975234:5)
W/System.err( 1323): 	at android.content.ContentProvider.query(ContentProvider.java:966)
W/System.err( 1323): 	at android.content.ContentProvider$Transport.query(ContentProvider.java:211)
W/System.err( 1323): 	at android.content.ContentProviderNative.onTransact(ContentProviderNative.java:138)
W/System.err( 1323): 	at android.os.Binder.execTransact(Binder.java:469)
E/Cursor  ( 1323): AbstractCursor mPos = -1 
W/ProviderHelper( 1323): Unknown dynamite feature flags
E/Cursor  (10418): moveToPosition onMove mPos = position 
W/System.err(10418): java.lang.Exception: sprd
W/System.err(10418): 	at android.database.AbstractCursor.<init>(AbstractCursor.java:185)
W/System.err(10418): 	at android.database.AbstractWindowedCursor.<init>(AbstractWindowedCursor.java:36)
W/System.err(10418): 	at android.database.sqlite.SQLiteCursor.<init>(SQLiteCursor.java:93)
W/System.err(10418): 	at android.database.sqlite.SQLiteDirectCursorDriver.query(SQLiteDirectCursorDriver.java:50)
W/System.err(10418): 	at android.database.sqlite.SQLiteDatabase.rawQueryWithFactory(SQLiteDatabase.java:1316)
W/System.err(10418): 	at android.database.sqlite.SQLiteDatabase.queryWithFactory(SQLiteDatabase.java:1163)
W/System.err(10418): 	at android.database.sqlite.SQLiteDatabase.query(SQLiteDatabase.java:1034)
W/System.err(10418): 	at android.database.sqlite.SQLiteDatabase.query(SQLiteDatabase.java:1202)
W/System.err(10418): 	at o..(:243)
W/AlarmManagerService(  753): set alarm : 7329.978000000
W/System.err(10418): 	at o.$2.run(:1838)
W/System.err(10418): 	at java.util.concurrent.Executors$RunnableAdapter.call(Executors.java:422)
W/System.err(10418): 	at java.util.concurrent.FutureTask.run(FutureTask.java:237)
W/System.err(10418): 	at java.util.concurrent.ScheduledThreadPoolExecutor$ScheduledFutureTask.access$201(ScheduledThreadPoolExecutor.java:152)
W/System.err(10418): 	at java.util.concurrent.ScheduledThreadPoolExecutor$ScheduledFutureTask.run(ScheduledThreadPoolExecutor.java:265)
W/System.err(10418): 	at java.util.concurrent.ThreadPoolExecutor.runWorker(ThreadPoolExecutor.java:1112)
W/System.err(10418): 	at java.util.concurrent.ThreadPoolExecutor$Worker.run(ThreadPoolExecutor.java:587)
W/System.err(10418): 	at java.lang.Thread.run(Thread.java:818)
E/Cursor  (10418): AbstractCursor mPos = -1 
E/Cursor  (10418): moveToFirst 
E/Cursor  (10418): moveToPosition position 0
E/Cursor  (10418): moveToPosition onMove mPos = position 
D/BatteryMeterView(  847): TimerTask :run --level = 59
D/BatteryMeterView(  847): handleMessage
D/BatteryMeterView(  847): TimerTask :run --level = 59
D/BatteryMeterView(  847): handleMessage
D/AlarmManager(  753): setImpl() action = com.google.android.location.fused.LOCATION_STATUS_ALARM_ACTION_ALARM_223, component = null, type = 3, standalone=true, operation = PendingIntent{827445: PendingIntentRecord{2956b79a com.google.android.gms broadcastIntent}} tElapsed=8225585, maxElapsed=8225585, interval=0, when = 1519214128477, triggerTime = 2018-02-21 17:25:28
D/PowerManagerService(  753): releaseWakeLockInternal: lock=700283327 [GCoreFlp], flags=0x0
D/PowerManagerService(  753): releaseWakeLockInternal: lock=696203404 [GCoreFlp], flags=0x0
D/PowerManagerService(  753): releaseWakeLockInternal: lock=917367765 [GCoreFlp], flags=0x0
D/BatteryMeterView(  847): TimerTask :run --level = 59
D/BatteryMeterView(  847): handleMessage
W/System.err(10418): java.lang.Exception: sprd
W/System.err(10418): 	at android.database.AbstractCursor.<init>(AbstractCursor.java:185)
W/System.err(10418): 	at android.database.AbstractWindowedCursor.<init>(AbstractWindowedCursor.java:36)
W/System.err(10418): 	at android.database.sqlite.SQLiteCursor.<init>(SQLiteCursor.java:93)
W/System.err(10418): 	at android.database.sqlite.SQLiteDirectCursorDriver.query(SQLiteDirectCursorDriver.java:50)
W/System.err(10418): 	at android.database.sqlite.SQLiteDatabase.rawQueryWithFactory(SQLiteDatabase.java:1316)
W/System.err(10418): 	at android.database.sqlite.SQLiteDatabase.queryWithFactory(SQLiteDatabase.java:1163)
W/System.err(10418): 	at android.database.sqlite.SQLiteDatabase.query(SQLiteDatabase.java:1034)
W/System.err(10418): 	at android.database.sqlite.SQLiteDatabase.query(SQLiteDatabase.java:1202)
W/System.err(10418): 	at o..(:963)
W/System.err(10418): 	at o.$2.run(:1875)
W/System.err(10418): 	at java.util.concurrent.Executors$RunnableAdapter.call(Executors.java:422)
W/System.err(10418): 	at java.util.concurrent.FutureTask.run(FutureTask.java:237)
W/System.err(10418): 	at java.util.concurrent.ScheduledThreadPoolExecutor$ScheduledFutureTask.access$201(ScheduledThreadPoolExecutor.java:152)
W/System.err(10418): 	at java.util.concurrent.ScheduledThreadPoolExecutor$ScheduledFutureTask.run(ScheduledThreadPoolExecutor.java:265)
W/System.err(10418): 	at java.util.concurrent.ThreadPoolExecutor.runWorker(ThreadPoolExecutor.java:1112)
W/System.err(10418): 	at java.util.concurrent.ThreadPoolExecutor$Worker.run(ThreadPoolExecutor.java:587)
W/System.err(10418): 	at java.lang.Thread.run(Thread.java:818)
E/Cursor  (10418): AbstractCursor mPos = -1 
E/Cursor  (10418): moveToNext 0
E/Cursor  (10418): moveToPosition position 0
D/PowerManagerService(  753): releaseWakeLockInternal: lock=855501147 [LocationManagerService], flags=0x0
D/PowerManagerService(  753): acquireWakeLockInternal: lock=553208011, flags=0x1, tag="NlpWakeLock", ws=WorkSource{10102 com.indusos.launcher}, uid=10043, pid=1323
E/Cursor  (10418): moveToPosition mPos = count 
D/PowerManagerService(  753): releaseWakeLockInternal: lock=553208011 [NlpWakeLock], flags=0x0
W/Settings(10418): Setting adb_enabled has moved from android.provider.Settings.Secure to android.provider.Settings.Global.
D/ActivityManager(  753): write rtcc async failed
W/System.err(  753): java.io.FileNotFoundException: /sys/class/rtcc/rtcc_trigger: open failed: ENOENT (No such file or directory)
W/System.err(10418): java.lang.Exception: sprd
W/System.err(10418): 	at android.database.AbstractCursor.<init>(AbstractCursor.java:185)
W/System.err(10418): 	at android.database.AbstractWindowedCursor.<init>(AbstractWindowedCursor.java:36)
W/System.err(10418): 	at android.database.sqlite.SQLiteCursor.<init>(SQLiteCursor.java:93)
W/System.err(10418): 	at android.database.sqlite.SQLiteDirectCursorDriver.query(SQLiteDirectCursorDriver.java:50)
W/System.err(10418): 	at android.database.sqlite.SQLiteDatabase.rawQueryWithFactory(SQLiteDatabase.java:1316)
W/System.err(10418): 	at android.database.sqlite.SQLiteDatabase.queryWithFactory(SQLiteDatabase.java:1163)
W/System.err(10418): 	at android.database.sqlite.SQLiteDatabase.query(SQLiteDatabase.java:1034)
W/System.err(10418): 	at android.database.sqlite.SQLiteDatabase.query(SQLiteDatabase.java:1202)
W/System.err(10418): 	at o..(:268)
W/System.err(10418): 	at o..(:1282)
W/System.err(10418): 	at o..(:139)
W/System.err(10418): 	at o.$if.(:171)
W/System.err(10418): 	at o..(:299)
W/System.err(10418): 	at o..(:1964)
W/System.err(10418): 	at o.$2.run(:1880)
W/System.err(10418): 	at java.util.concurrent.Executors$RunnableAdapter.call(Executors.java:422)
W/System.err(10418): 	at java.util.concurrent.FutureTask.run(FutureTask.java:237)
W/System.err(10418): 	at java.util.concurrent.ScheduledThreadPoolExecutor$ScheduledFutureTask.access$201(ScheduledThreadPoolExecutor.java:152)
W/System.err(10418): 	at java.util.concurrent.ScheduledThreadPoolExecutor$ScheduledFutureTask.run(ScheduledThreadPoolExecutor.java:265)
W/System.err(10418): 	at java.util.concurrent.ThreadPoolExecutor.runWorker(ThreadPoolExecutor.java:1112)
W/System.err(10418): 	at java.util.concurrent.ThreadPoolExecutor$Worker.run(ThreadPoolExecutor.java:587)
W/System.err(10418): 	at java.lang.Thread.run(Thread.java:818)
E/Cursor  (10418): AbstractCursor mPos = -1 
E/Cursor  (10418): moveToNext 0
E/Cursor  (10418): moveToPosition position 0
E/Cursor  (10418): moveToPosition onMove mPos = position 
E/Cursor  (10418): moveToNext 1
E/Cursor  (10418): moveToPosition position 1
E/Cursor  (10418): moveToPosition mPos = count 
D/PowerManagerService(  753): acquireWakeLockInternal: lock=374605992, flags=0x1, tag="NlpWakeLock", ws=WorkSource{10043 com.google.android.gms}, uid=10043, pid=1323
I/ActivityManager(  753): async trigger rtcc
W/System.err( 1323): java.lang.Exception: sprd
W/System.err( 1323): 	at android.database.AbstractCursor.<init>(AbstractCursor.java:185)
E/Cursor  (17394): moveToFirst 
E/Cursor  (17394): moveToPosition position 0
W/System.err( 1323): 	at android.database.AbstractWindowedCursor.<init>(AbstractWindowedCursor.java:36)
D/PowerManagerService(  753): releaseWakeLockInternal: lock=374605992 [NlpWakeLock], flags=0x0
E/Cursor  ( 1323): moveToPosition position 0
E/Cursor  ( 1323): moveToPosition onMove mPos = position 
E/Cursor  ( 1323): moveToPosition position 0
E/Cursor  ( 1323): moveToNext 1
E/Cursor  ( 1323): moveToPosition position 1
E/Cursor  ( 1323): moveToPosition mPos = count 
E/Cursor  ( 1323): moveToPosition position 0
E/Cursor  ( 1323): moveToPosition onMove mPos = position 
W/System.err( 1323): 	at android.database.sqlite.SQLiteCursor.<init>(SQLiteCursor.java:93)
W/System.err( 1323): 	at android.database.sqlite.SQLiteDirectCursorDriver.query(SQLiteDirectCursorDriver.java:50)
E/Cursor  (17394): moveToPosition onMove mPos = position 
W/System.err(  753): 	at libcore.io.IoBridge.open(IoBridge.java:456)
W/System.err( 1323): 	at android.database.sqlite.SQLiteDatabase.rawQueryWithFactory(SQLiteDatabase.java:1316)
W/System.err(  753): 	at java.io.FileOutputStream.<init>(FileOutputStream.java:87)
W/System.err(  753): 	at java.io.FileOutputStream.<init>(FileOutputStream.java:127)
W/System.err( 1323): 	at android.database.sqlite.SQLiteDatabase.queryWithFactory(SQLiteDatabase.java:1163)
W/System.err(  753): 	at java.io.FileWriter.<init>(FileWriter.java:96)
W/System.err( 1323): 	at android.database.sqlite.SQLiteDatabase.query(SQLiteDatabase.java:1034)
W/System.err(  753): 	at com.android.server.am.ActivityManagerService.writeAsyncToRtcc(ActivityManagerService.java:20161)
W/System.err( 1323): 	at android.database.sqlite.SQLiteDatabase.query(SQLiteDatabase.java:1202)
W/System.err(  753): 	at com.android.server.am.ActivityManagerService.activityResumed(ActivityManagerService.java:6463)
W/System.err( 1323): 	at lqx.a(:com.google.android.gms@11975234:13)
W/System.err(  753): 	at android.app.ActivityManagerNative.onTransact(ActivityManagerNative.java:504)
W/System.err( 1323): 	at lqx.b(:com.google.android.gms@11975234:7)
W/System.err(  753): 	at com.android.server.am.ActivityManagerService.onTransact(ActivityManagerService.java:2263)
W/System.err( 1323): 	at lqw.a(:com.google.android.gms@11975234:96)
W/System.err(  753): 	at android.os.Binder.execTransact(Binder.java:469)
W/System.err( 1323): 	at lpz.run(:com.google.android.gms@11975234:74)
W/System.err( 1323): 	at java.util.concurrent.Executors$RunnableAdapter.call(Executors.java:422)
W/System.err( 1323): 	at java.util.concurrent.FutureTask.run(FutureTask.java:237)
W/System.err(  753): Caused by: android.system.ErrnoException: open failed: ENOENT (No such file or directory)
W/System.err( 1323): 	at mwh.run(:com.google.android.gms@11975234:26)
W/System.err( 1323): 	at java.util.concurrent.ThreadPoolExecutor.runWorker(ThreadPoolExecutor.java:1112)
W/System.err( 1323): 	at java.util.concurrent.ThreadPoolExecutor$Worker.run(ThreadPoolExecutor.java:587)
W/System.err( 1323): 	at nbq.run(:com.google.android.gms@11975234)
W/System.err( 1323): 	at java.lang.Thread.run(Thread.java:818)
E/Cursor  ( 1323): AbstractCursor mPos = -1 
E/Cursor  ( 1323): moveToNext 0
E/Cursor  ( 1323): moveToPosition position 0
W/System.err(  753): 	at libcore.io.Posix.open(Native Method)
W/System.err(  753): 	at libcore.io.BlockGuardOs.open(BlockGuardOs.java:186)
W/System.err(  753): 	at libcore.io.IoBridge.open(IoBridge.java:442)
W/System.err(  753): 	... 8 more
E/Cursor  ( 1323): moveToPosition onMove mPos = position 
W/System.err( 1323): java.lang.Exception: sprd
W/System.err( 1323): 	at android.database.AbstractCursor.<init>(AbstractCursor.java:185)
W/System.err( 1323): 	at android.database.AbstractWindowedCursor.<init>(AbstractWindowedCursor.java:36)
W/System.err( 1323): 	at android.database.sqlite.SQLiteCursor.<init>(SQLiteCursor.java:93)
W/System.err( 1323): 	at android.database.sqlite.SQLiteDirectCursorDriver.query(SQLiteDirectCursorDriver.java:50)
W/System.err( 1323): 	at android.database.sqlite.SQLiteDatabase.rawQueryWithFactory(SQLiteDatabase.java:1316)
W/System.err( 1323): 	at android.database.sqlite.SQLiteDatabase.queryWithFactory(SQLiteDatabase.java:1163)
W/System.err( 1323): 	at android.database.sqlite.SQLiteDatabase.query(SQLiteDatabase.java:1034)
W/System.err( 1323): 	at android.database.sqlite.SQLiteDatabase.query(SQLiteDatabase.java:1202)
W/System.err( 1323): 	at lqz.c(:com.google.android.gms@11975234:1)
W/System.err( 1323): 	at lqw.a(:com.google.android.gms@11975234:1)
W/System.err( 1323): 	at lqt.a(:com.google.android.gms@11975234:29)
W/System.err( 1323): 	at lqw.a(:com.google.android.gms@11975234:105)
W/System.err( 1323): 	at lpz.run(:com.google.android.gms@11975234:74)
W/System.err( 1323): 	at java.util.concurrent.Executors$RunnableAdapter.call(Executors.java:422)
W/System.err( 1323): 	at java.util.concurrent.FutureTask.run(FutureTask.java:237)
W/System.err( 1323): 	at mwh.run(:com.google.android.gms@11975234:26)
W/System.err( 1323): 	at java.util.concurrent.ThreadPoolExecutor.runWorker(ThreadPoolExecutor.java:1112)
D/PowerManagerService(  753): acquireWakeLockInternal: lock=550610599, flags=0x1, tag="NlpWakeLock", ws=WorkSource{10062 com.mofirst.launcher}, uid=10043, pid=1323
I/ActivityManager(  753): Resumed activity; dropping state of: ActivityRecord{276b560 u0 com.indusos.launcher/com.mofirst.launcher.Launcher t19832}
W/System.err( 1323): 	at java.util.concurrent.ThreadPoolExecutor$Worker.run(ThreadPoolExecutor.java:587)
W/System.err( 1323): 	at nbq.run(:com.google.android.gms@11975234)
W/System.err( 1323): 	at java.lang.Thread.run(Thread.java:818)
E/Cursor  ( 1323): AbstractCursor mPos = -1 
E/Cursor  ( 1323): moveToFirst 
E/Cursor  ( 1323): moveToPosition position 0
E/Cursor  ( 1323): moveToPosition onMove mPos = position 
I/DynamiteModule(17394): Considering local module com.google.android.gms.flags:2 and remote module com.google.android.gms.flags:0
I/DynamiteModule(17394): Selected local version of com.google.android.gms.flags
D/PowerManagerService(  753): releaseWakeLockInternal: lock=550610599 [NlpWakeLock], flags=0x0
D/GPSenseEngine( 1667): EPH sow 301244:--AS:
D/GPSenseEngine( 1667): CheckState[status:2][bOff:0][Used:0]
D/LIBGPS  (  753): in RMC, fixStatus=V
D/LIBGPS  (  753): set SVINFO_GOT_SV_INFO_FLAG 
D/LIBGPS  (  753): SVinfo flag =2, svstatus size =660, numsvs =0
D/PowerManagerService(  753): acquireWakeLockInternal: lock=641009492, flags=0x1, tag="GCoreFlp", ws=WorkSource{10043 com.google.android.gms}, uid=10043, pid=1323
W/ResourcesManager(17394): Asset path '/system/framework/com.android.media.remotedisplay.jar' does not exist or contains no resources.
W/ResourcesManager(17394): Asset path '/system/framework/com.android.location.provider.jar' does not exist or contains no resources.
D/WindowManager(  753): Input focus has changed to Window{ee11e9a u0 com.indusos.launcher/com.mofirst.launcher.Launcher}
W/DynamiteModule(17394): Local module descriptor class for com.google.android.gms.crash not found.
W/System.err(17394): java.lang.Exception: sprd
W/System.err(17394): 	at android.database.AbstractCursor.<init>(AbstractCursor.java:185)
W/System.err(17394): 	at android.database.AbstractWindowedCursor.<init>(AbstractWindowedCursor.java:36)
W/System.err(17394): 	at android.database.BulkCursorToCursorAdaptor.<init>(BulkCursorToCursorAdaptor.java:28)
W/System.err(17394): 	at android.content.ContentProviderProxy.query(ContentProviderNative.java:415)
W/System.err(17394): 	at android.content.ContentResolver.query(ContentResolver.java:478)
W/System.err(17394): 	at android.content.ContentResolver.query(ContentResolver.java:422)
W/System.err(17394): 	at com.google.android.gms.dynamite.DynamiteModule.c(Unknown Source)
W/System.err(17394): 	at com.google.android.gms.dynamite.DynamiteModule.a(Unknown Source)
W/System.err(17394): 	at com.google.android.gms.dynamite.a.a(Unknown Source)
W/System.err(17394): 	at com.google.android.gms.dynamite.d.a(Unknown Source)
W/System.err(17394): 	at com.google.android.gms.dynamite.DynamiteModule.a(Unknown Source)
W/System.err(17394): 	at com.google.android.gms.internal.ar.b(Unknown Source)
W/System.err(17394): 	at com.google.firebase.crash.c.a(Unknown Source)
W/System.err(17394): 	at com.google.firebase.crash.d.call(Unknown Source)
W/System.err(17394): 	at java.util.concurrent.FutureTask.run(FutureTask.java:237)
W/System.err(17394): 	at java.util.concurrent.ThreadPoolExecutor.runWorker(ThreadPoolExecutor.java:1112)
W/System.err(17394): 	at java.util.concurrent.ThreadPoolExecutor$Worker.run(ThreadPoolExecutor.java:587)
W/System.err(17394): 	at java.lang.Thread.run(Thread.java:818)
E/Cursor  (17394): AbstractCursor mPos = -1 
W/System.err( 1323): java.lang.Exception: sprd
W/System.err( 1323): 	at android.database.AbstractCursor.<init>(AbstractCursor.java:185)
W/System.err( 1323): 	at android.database.MatrixCursor.<init>(MatrixCursor.java:40)
W/System.err( 1323): 	at android.database.MatrixCursor.<init>(MatrixCursor.java:58)
W/System.err( 1323): 	at lfq.a(:com.google.android.gms@11975234:30)
W/System.err( 1323): 	at com.google.android.gms.chimera.container.GmsModuleProvider.query(:com.google.android.gms@11975234:5)
W/System.err( 1323): 	at android.content.ContentProvider.query(ContentProvider.java:966)
W/System.err( 1323): 	at android.content.ContentProvider$Transport.query(ContentProvider.java:211)
W/System.err( 1323): 	at android.content.ContentProviderNative.onTransact(ContentProviderNative.java:138)
W/System.err( 1323): 	at android.os.Binder.execTransact(Binder.java:469)
E/Cursor  ( 1323): AbstractCursor mPos = -1 
D/InputDispatcher(  753): Focus entered window: Window{ee11e9a u0 com.indusos.launcher/com.mofirst.launcher.Launcher}
D/InputDispatcher(  753): *****SPRD**********startDispatchCycleLocked  TYPE_KEY start,channel 'ee11e9a com.indusos.launcher/com.mofirst.launcher.Launcher (server)'
D/InputDispatcher(  753): *****SPRD**********startDispatchCycleLocked  TYPE_KEY start,channel 'WindowManager (server)'
D/WindowManager(  753): interceptKeyTi keyCode=3 down=false repeatCount=0 keyguardOn=false mHomePressed=false canceled=false
D/PowerManagerService(  753): acquireWakeLockInternal: lock=700283327, flags=0x1, tag="GCoreFlp", ws=WorkSource{10102 com.indusos.launcher}, uid=10043, pid=1323
D/PowerManagerService(  753): releaseWakeLockInternal: lock=641009492 [GCoreFlp], flags=0x0
D/PowerManagerService(  753): acquireWakeLockInternal: lock=696203404, flags=0x1, tag="GCoreFlp", ws=WorkSource{10043 com.google.android.gms}, uid=10043, pid=1323
I/FA      (17394): To enable faster debug mode event logging run:
I/FA      (17394):   adb shell setprop debug.firebase.analytics.app com.indusos.batterysaver
E/Cursor  (17394): moveToFirst 
E/Cursor  (17394): moveToPosition position 0
I/ActivityManager(  753): START u0 {act=android.intent.action.MAIN cat=[android.intent.category.HOME] flg=0x10200000 cmp=com.indusos.launcher/com.mofirst.launcher.Launcher} from uid 1000 from pid 753 on display 0
D/PowerManagerService(  753): releaseWakeLockInternal: lock=700283327 [GCoreFlp], flags=0x0
D/PowerManagerService(  753): acquireWakeLockInternal: lock=917367765, flags=0x1, tag="GCoreFlp", ws=WorkSource{10043 com.google.android.gms}, uid=10043, pid=1323
E/Cursor  ( 1323): moveToPosition position 0
E/Cursor  ( 1323): moveToPosition onMove mPos = position 
E/Cursor  ( 1323): moveToPosition position 0
E/Cursor  ( 1323): moveToNext 1
E/Cursor  ( 1323): moveToPosition position 1
E/Cursor  ( 1323): moveToPosition mPos = count 
E/Cursor  ( 1323): moveToPosition position 0
E/Cursor  ( 1323): moveToPosition onMove mPos = position 
D/PowerManagerService(  753): releaseWakeLockInternal: lock=696203404 [GCoreFlp], flags=0x0
E/Cursor  (17394): moveToPosition onMove mPos = position 
I/DynamiteModule(17394): Considering local module com.google.android.gms.crash:0 and remote module com.google.android.gms.crash:10
I/DynamiteModule(17394): Selected remote version of com.google.android.gms.crash, version >= 10
D/PowerManagerService(  753): releaseWakeLockInternal: lock=917367765 [GCoreFlp], flags=0x0
W/ActivityManager(  753): start activity with result = START_TASK_TO_FRONT, doResume = true
W/ViewRootImpl(10418): Dropping event due to no window focus: KeyEvent { action=ACTION_DOWN, keyCode=KEYCODE_HOME, scanCode=172, metaState=0, flags=0x48, repeatCount=0, eventTime=7324548, downTime=7324548, deviceId=3, source=0x101 }
W/ViewRootImpl(10418): Cancelling event due to no window focus: KeyEvent { action=ACTION_UP, keyCode=KEYCODE_HOME, scanCode=172, metaState=0, flags=0x68, repeatCount=0, eventTime=7325006, downTime=7324548, deviceId=3, source=0x101 }
W/ViewRootImpl(10418): Cancelling event due to no window focus: KeyEvent { action=ACTION_UP, keyCode=KEYCODE_HOME, scanCode=172, metaState=0, flags=0x68, repeatCount=0, eventTime=7325006, downTime=7324548, deviceId=3, source=0x101 }
W/ViewRootImpl(10418): Cancelling event due to no window focus: KeyEvent { action=ACTION_UP, keyCode=KEYCODE_HOME, scanCode=172, metaState=0, flags=0x68, repeatCount=0, eventTime=7325006, downTime=7324548, deviceId=3, source=0x101 }
W/ViewRootImpl(10418): Cancelling event due to no window focus: KeyEvent { action=ACTION_UP, keyCode=KEYCODE_HOME, scanCode=172, metaState=0, flags=0x68, repeatCount=0, eventTime=7325006, downTime=7324548, deviceId=3, source=0x101 }
W/ViewRootImpl(10418): Cancelling event due to no window focus: KeyEvent { action=ACTION_UP, keyCode=KEYCODE_HOME, scanCode=172, metaState=0, flags=0x68, repeatCount=0, eventTime=7325006, downTime=7324548, deviceId=3, source=0x101 }
W/ViewRootImpl(10418): Cancelling event due to no window focus: KeyEvent { action=ACTION_UP, keyCode=KEYCODE_HOME, scanCode=172, metaState=0, flags=0x68, repeatCount=0, eventTime=7325006, downTime=7324548, deviceId=3, source=0x101 }
E/Cursor  (17394): moveToFirst 
E/Cursor  (17394): moveToPosition position 0
D/BarController.StatusBar(  753): setBarShowingLw state. show = true
D/BarController.StatusBar(  753): setBarShowingLw state. show = true
D/BarController.StatusBar(  753): setBarShowingLw state. show = true
D/BarController.StatusBar(  753): setBarShowingLw state. show = true
V/Activity(10418): calling onResume for activity: com.indusos.launcher
D/gralloc.sc8830(  183): fb_post fps = 7.900557
W/Settings(10418): Setting adb_enabled has moved from android.provider.Settings.Secure to android.provider.Settings.Global.
D/PowerManagerService(  753): releaseWakeLockInternal: lock=60643002 [ActivityManager-Launch], flags=0x0
I/FirebaseInitProvider(17394): FirebaseApp initialization successful
W/ResourcesManager(17394): Asset path '/system/framework/com.android.media.remotedisplay.jar' does not exist or contains no resources.
W/ResourcesManager(17394): Asset path '/system/framework/com.android.location.provider.jar' does not exist or contains no resources.
E/GPSenseEngine( 1667): NcFix
I/FirebaseCrashApiImpl(17394): FirebaseCrashApiImpl created by ClassLoader ae[DexPathList[[zip file "/data/data/com.google.android.gms/app_chimera/m/0000000f/DynamiteModulesC_GmsCore_prodlmp_hdpi_release.apk"],nativeLibraryDirectories=[/vendor/lib, /system/lib]]]
I/FirebaseCrash(17394): FirebaseCrash reporting loaded - com.google.android.gms.internal.ar@22312c63
W/System.err(17394): java.lang.Exception: sprd
W/System.err(17394): 	at android.database.AbstractCursor.<init>(AbstractCursor.java:185)
W/System.err(17394): 	at android.database.AbstractWindowedCursor.<init>(AbstractWindowedCursor.java:36)
W/System.err(17394): 	at android.database.BulkCursorToCursorAdaptor.<init>(BulkCursorToCursorAdaptor.java:28)
W/System.err(17394): 	at android.content.ContentProviderProxy.query(ContentProviderNative.java:415)
W/System.err(17394): 	at android.content.ContentResolver.query(ContentResolver.java:478)
W/System.err(17394): 	at android.content.ContentResolver.query(ContentResolver.java:422)
W/System.err(17394): 	at com.google.android.gms.dynamite.DynamiteModule.c(:com.google.android.gms.DynamiteModulesC@11975234:122)
W/System.err(17394): 	at com.google.android.gms.dynamite.DynamiteModule.a(:com.google.android.gms.DynamiteModulesC@11975234:104)
W/System.err(17394): 	at aik.a(:com.google.android.gms.DynamiteModulesC@11975234:2)
W/System.err(17394): 	at aiq.a(:com.google.android.gms.DynamiteModulesC@11975234:5)
W/System.err(17394): 	at com.google.android.gms.dynamite.DynamiteModule.a(:com.google.android.gms.DynamiteModulesC@11975234:7)
W/System.err(17394): 	at bek.a(:com.google.android.gms.DynamiteModulesC@11975234:8)
W/System.err(17394): 	at com.google.firebase.crash.internal.api.FirebaseCrashApiImpl.init(:com.google.android.gms.DynamiteModulesC@11975234:9)
W/System.err(17394): 	at bee.onTransact(:com.google.android.gms.DynamiteModulesC@11975234:22)
W/System.err(17394): 	at android.os.Binder.transact(Binder.java:403)
W/System.err(17394): 	at com.google.android.gms.internal.aiu.b(Unknown Source)
W/System.err(17394): 	at com.google.android.gms.internal.aq.a(Unknown Source)
W/System.err(17394): 	at com.google.firebase.crash.e.run(Unknown Source)
W/System.err(17394): 	at java.util.concurrent.Executors$RunnableAdapter.call(Executors.java:422)
W/System.err(17394): 	at java.util.concurrent.FutureTask.run(FutureTask.java:237)
W/System.err(17394): 	at java.util.concurrent.ThreadPoolExecutor.runWorker(ThreadPoolExecutor.java:1112)
W/System.err(17394): 	at java.util.concurrent.ThreadPoolExecutor$Worker.run(ThreadPoolExecutor.java:587)
W/System.err(17394): 	at java.lang.Thread.run(Thread.java:818)
E/Cursor  (17394): AbstractCursor mPos = -1 
W/System.err( 1323): java.lang.Exception: sprd
W/System.err( 1323): 	at android.database.AbstractCursor.<init>(AbstractCursor.java:185)
W/System.err( 1323): 	at android.database.MatrixCursor.<init>(MatrixCursor.java:40)
W/System.err( 1323): 	at android.database.MatrixCursor.<init>(MatrixCursor.java:58)
W/System.err( 1323): 	at lfq.a(:com.google.android.gms@11975234:30)
W/System.err( 1323): 	at com.google.android.gms.chimera.container.GmsModuleProvider.query(:com.google.android.gms@11975234:5)
W/System.err( 1323): 	at android.content.ContentProvider.query(ContentProvider.java:966)
W/System.err( 1323): 	at android.content.ContentProvider$Transport.query(ContentProvider.java:211)
W/System.err( 1323): 	at android.content.ContentProviderNative.onTransact(ContentProviderNative.java:138)
W/System.err( 1323): 	at android.os.Binder.execTransact(Binder.java:469)
E/Cursor  ( 1323): AbstractCursor mPos = -1 
W/ProviderHelper( 1323): Unknown dynamite feature flags
E/Cursor  (17394): moveToFirst 
E/Cursor  (17394): moveToPosition position 0
E/Cursor  ( 1323): moveToPosition position 0
E/Cursor  ( 1323): moveToPosition onMove mPos = position 
E/Cursor  ( 1323): moveToPosition position 0
E/Cursor  ( 1323): moveToNext 1
E/Cursor  ( 1323): moveToPosition position 1
E/Cursor  ( 1323): moveToPosition mPos = count 
