D/LIBGPS  (  753): set SVINFO_GOT_SV_INFO_FLAG 
D/LIBGPS  (  753): SVinfo flag =2, svstatus size =660, numsvs =0
W/ActivityManager(  753): getTasks: caller 10122 does not hold REAL_GET_TASKS; limiting output
I/chromium( 1372): [INFO:CONSOLE(0)] "Application Cache NoUpdate event", source: https://googleads.g.doubleclick.net/mads/static/mad/sdk/native/sdk-core-v40-loader.html (0)
E/GPSenseEngine( 1667): NcFix
W/ActivityManager(  753): getRunningAppProcesses: caller 10051 does not hold REAL_GET_TASKS; limiting output
D/BatteryMeterView(  847): TimerTask :run --level = 59
D/BatteryMeterView(  847): handleMessage
D/BatteryMeterView(  847): TimerTask :run --level = 59
D/BatteryMeterView(  847): handleMessage
D/BatteryMeterView(  847): TimerTask :run --level = 59
D/BatteryMeterView(  847): handleMessage
D/GPSenseEngine( 1667): EPH sow 301220:--AS:
D/GPSenseEngine( 1667): CheckState[status:2][bOff:0][Used:0]
D/LIBGPS  (  753): in RMC, fixStatus=V
D/LIBGPS  (  753): set SVINFO_GOT_SV_INFO_FLAG 
D/LIBGPS  (  753): SVinfo flag =2, svstatus size =660, numsvs =0
D/gralloc.sc8830(  183): fb_post fps = 2.439729
D/wpa_supplicant(  846): wlan0: Control interface command 'SIGNAL_POLL'
D/WCND    (  200): is_cp2_alive_ok: open polling interface: /dev/spipe_wcn0, fd = 15
D/WCND    (  200): is_cp2_alive_ok: loop: /dev/spipe_wcn0 is OK
D/BatteryMeterView(  847): TimerTask :run --level = 79
D/BatteryMeterView(  847): TimerTask :run --level = 79
D/BatteryMeterView(  847): handleMessage
D/BatteryMeterView(  847): handleMessage
D/BatteryMeterView(  847): TimerTask :run --level = 79
D/BatteryMeterView(  847): handleMessage
D/GPSenseEngine( 1667): EPH sow 301221:--AS:
D/GPSenseEngine( 1667): CheckState[status:2][bOff:0][Used:0]
D/LIBGPS  (  753): in RMC, fixStatus=V
D/LIBGPS  (  753): set SVINFO_GOT_SV_INFO_FLAG 
D/LIBGPS  (  753): SVinfo flag =2, svstatus size =660, numsvs =0
D/phoneserver(  205): Receive thread's TID [236] CHNMNG:readline pread= 0xb6f5b6d4,count=15
D/phoneserver(  205): Receive thread's TID [236] CHMNG:  receive data thread :mux=/dev/stty_w0:input:+CSQ: 17,99
D/phoneserver(  205): Receive thread's TID [236] MUX :/dev/stty_w0 Waiting for resp  
D/SignalStrengthUtilsSprd(  753): processLteLevel: empty method
D/gralloc.sc8830(  183): fb_post fps = 1.988470
D/GPSenseEngine( 1667): SearchSatellitesCond:numResults = 3.period = 40.
E/GPSenseEngine( 1667): ====>>>>cgdriver request:CGX_IOCTL_RESET ret = 0
E/GPSenseEngine( 1667): ====>>>>cgdriver request:CGX_IOCTL_READ_SYS_REG ret = -3
D/GPSenseEngine( 1667): FmRequestSnap[type:0][ChosenSnap:11]
E/GPSenseEngine( 1667): ====>>>>cgdriver request:CGX_IOCTL_PREPARE_RECEIVE ret = 0
D/BatteryMeterView(  847): TimerTask :run --level = 99
D/BatteryMeterView(  847): handleMessage
D/BatteryMeterView(  847): TimerTask :run --level = 99
D/BatteryMeterView(  847): handleMessage
D/BatteryMeterView(  847): TimerTask :run --level = 99
D/BatteryMeterView(  847): handleMessage
D/GPSenseEngine( 1667): EPH sow 301222:--AS:
D/GPSenseEngine( 1667): CheckState[status:2][bOff:0][Used:0]
D/LIBGPS  (  753): in RMC, fixStatus=V
D/LIBGPS  (  753): set SVINFO_GOT_SV_INFO_FLAG 
D/LIBGPS  (  753): SVinfo flag =2, svstatus size =660, numsvs =0
D/gralloc.sc8830(  183): fb_post fps = 1.987445
E/GPSenseEngine( 1667): ncfixInfoIndex = 0 / 1991
E/GPSenseEngine( 1667): ====>>>>cgdriver request:CGX_IOCTL_RESET ret = 0
E/GPSenseEngine( 1667): ====>>>>cgdriver request:CGX_IOCTL_READ_SYS_REG ret = -3
D/GPSenseEngine( 1667): FmRequestSnap[type:1][ChosenSnap:11]
E/GPSenseEngine( 1667): ====>>>>cgdriver request:CGX_IOCTL_PREPARE_RECEIVE ret = 0
E/WifiStateMachine(  753): WifiStateMachine CMD_START_SCAN source -2 txSuccessRate=5.19 rxSuccessRate=6.55 targetRoamBSSID=any RSSI=-45
E/WifiStateMachine(  753): WifiStateMachine starting scan for "IndusWiFi"WPA_PSK with 2412,2462,2437
D/wpa_supplicant(  846): wlan0: Control interface command 'SCAN TYPE=ONLY freq=2412,2462,2437'
D/wpa_supplicant(  846): wlan0: Setting scan request: 0.000000 sec
D/wpa_supplicant(  846): wlan0: Starting AP scan for wildcard SSID
D/wpa_supplicant(  846): wlan0: Limit manual scan to specified channels
D/wpa_supplicant(  846): wlan0: Add radio work 'scan'@0xb6038218
D/wpa_supplicant(  846): wlan0: First radio work item in the queue - schedule start immediately
D/wpa_supplicant(  846): wlan0: Starting radio work 'scan'@0xb6038218 after 0.000061 second wait
D/wpa_supplicant(  846): wlan0: nl80211: scan request
D/wpa_supplicant(  846): nl80211: Scan SSID - hexdump(len=0): [NULL]
D/wpa_supplicant(  846): nl80211: Scan frequency 2412 MHz
D/wpa_supplicant(  846): nl80211: Scan frequency 2437 MHz
D/wpa_supplicant(  846): nl80211: Scan frequency 2462 MHz
D/wpa_supplicant(  846): Scan requested (ret=0) - scan timeout 30 seconds
D/wpa_supplicant(  846): nl80211: Event message available
D/wpa_supplicant(  846): nl80211: Drv Event 33 (NL80211_CMD_TRIGGER_SCAN) received for wlan0
D/wpa_supplicant(  846): wlan0: nl80211: Scan trigger
D/wpa_supplicant(  846): wlan0: Event SCAN_STARTED (49) received
D/wpa_supplicant(  846): wlan0: Own scan request started a scan in 0.000152 seconds
D/wpa_supplicant(  846): CTRL_IFACE monitor sent successfully to /data/misc/wifi/sockets/wpa_ctrl_753-2\x00
D/BatteryMeterView(  847): TimerTask :run --level = 39
D/BatteryMeterView(  847): handleMessage
D/BatteryMeterView(  847): TimerTask :run --level = 39
D/BatteryMeterView(  847): handleMessage
D/BatteryMeterView(  847): TimerTask :run --level = 39
D/BatteryMeterView(  847): handleMessage
D/GPSenseEngine( 1667): EPH sow 301223:--AS:
D/GPSenseEngine( 1667): CheckState[status:2][bOff:0][Used:0]
D/LIBGPS  (  753): in RMC, fixStatus=V
D/LIBGPS  (  753): set SVINFO_GOT_SV_INFO_FLAG 
D/LIBGPS  (  753): SVinfo flag =2, svstatus size =660, numsvs =0
D/wpa_supplicant(  846): nl80211: Event message available
D/wpa_supplicant(  846): nl80211: Drv Event 34 (NL80211_CMD_NEW_SCAN_RESULTS) received for wlan0
D/wpa_supplicant(  846): wlan0: nl80211: New scan results available
D/wpa_supplicant(  846): nl80211: Scan probed for SSID ''
D/wpa_supplicant(  846): nl80211: Scan included frequencies: 2412 2437 2462
D/wpa_supplicant(  846): wlan0: Event SCAN_RESULTS (3) received
D/wpa_supplicant(  846): wlan0: Scan completed in 0.548676 seconds
D/wpa_supplicant(  846): nl80211: Associated on 2412 MHz
D/wpa_supplicant(  846): nl80211: Associated with 00:1a:8c:a0:52:70
D/wpa_supplicant(  846): nl80211: Received scan results (13 BSSes)
D/wpa_supplicant(  846): nl80211: Scan results indicate BSS status with 00:1a:8c:a0:52:70 as associated
D/wpa_supplicant(  846): wlan0: BSS: Start scan result update 539
D/wpa_supplicant(  846): wlan0: BSS: Add new id 758 BSSID a0:4c:5b:66:cf:d2 SSID 'YU5040'
D/wpa_supplicant(  846): CTRL_IFACE monitor sent successfully to /data/misc/wifi/sockets/wpa_ctrl_753-2\x00
D/wpa_supplicant(  846): wlan0: BSS: Add new id 759 BSSID 18:80:90:18:19:b2 SSID 'mobile_apl_devices'
D/wpa_supplicant(  846): CTRL_IFACE monitor sent successfully to /data/misc/wifi/sockets/wpa_ctrl_753-2\x00
D/wpa_supplicant(  846): wlan0: BSS: Add new id 760 BSSID 18:80:90:18:19:b0 SSID 'evonik_hotspot'
D/wpa_supplicant(  846): CTRL_IFACE monitor sent successfully to /data/misc/wifi/sockets/wpa_ctrl_753-2\x00
D/wpa_supplicant(  846): wlan0: BSS: Remove id 757 BSSID 00:1a:8c:a0:52:b3 SSID 'IndusWiFi' due to no match in scan
D/wpa_supplicant(  846): CTRL_IFACE monitor sent successfully to /data/misc/wifi/sockets/wpa_ctrl_753-2\x00
D/wpa_supplicant(  846): wlan0: BSS: Remove id 756 BSSID 18:80:90:18:19:b5 SSID 'mobile_smart_devices' due to no match in scan
D/wpa_supplicant(  846): CTRL_IFACE monitor sent successfully to /data/misc/wifi/sockets/wpa_ctrl_753-2\x00
D/wpa_supplicant(  846): BSS: last_scan_res_used=13/32
D/wpa_supplicant(  846): wlan0: Scan-only results received
D/wpa_supplicant(  846): CTRL_IFACE monitor sent successfully to /data/misc/wifi/sockets/wpa_ctrl_753-2\x00
D/wpa_supplicant(  846): wlan0: Radio work 'scan'@0xb6038218 done in 0.551453 seconds
D/wpa_supplicant(  846): wlan0: Control interface command 'BSS RANGE=0- MASK=0x21987'
E/WifiStateMachine(  753): This time ScanResults size::18
D/wpa_supplicant(  846): wlan0: Control interface command 'STATUS-NO_EVENTS'
D/wpa_supplicant(  846): wlan0: Control interface command 'SIGNAL_POLL'
E/GPSenseEngine( 1667): STC_NC
D/GPSenseEngine( 1667): SpStcNc apMeasurementsNum = 0
E/GPSenseEngine( 1667): FindHowDetectSatellites 
E/GPSenseEngine( 1667): ====>>>>cgdriver request:CGX_IOCTL_CANCEL_RECEIVE ret = 0
W/ActivityManager(  753): getTasks: caller 10122 does not hold REAL_GET_TASKS; limiting output
D/BatteryMeterView(  847): TimerTask :run --level = 59
D/BatteryMeterView(  847): handleMessage
D/BatteryMeterView(  847): TimerTask :run --level = 59
D/BatteryMeterView(  847): handleMessage
D/BatteryMeterView(  847): TimerTask :run --level = 59
D/BatteryMeterView(  847): handleMessage
D/gralloc.sc8830(  183): fb_post fps = 1.712225
D/GPSenseEngine( 1667): EPH sow 301224:--AS:
D/GPSenseEngine( 1667): CheckState[status:2][bOff:0][Used:0]
D/LIBGPS  (  753): in RMC, fixStatus=V
D/LIBGPS  (  753): set SVINFO_GOT_SV_INFO_FLAG 
D/LIBGPS  (  753): SVinfo flag =2, svstatus size =660, numsvs =0
D/GPSenseEngine( 1667): CancelSnapRecovery [rc:0]
E/GPSenseEngine( 1667): AutonomousTermination is enter,return val is -3
E/GPSenseEngine( 1667): ====>>>>cgdriver request:CGX_IOCTL_RESET ret = 0
E/GPSenseEngine( 1667): ====>>>>cgdriver request:CGX_IOCTL_READ_SYS_REG ret = -3
E/GPSenseEngine( 1667): AutonomousInitilizeNew and CgHardwareSemiReset
E/GPSenseEngine( 1667): ncfixInfoIndex = 1 / 1992
E/GPSenseEngine( 1667): ====>>>>cgdriver request:CGX_IOCTL_RESET ret = 0
E/GPSenseEngine( 1667): ====>>>>cgdriver request:CGX_IOCTL_READ_SYS_REG ret = -3
D/GPSenseEngine( 1667): FmRequestSnap[type:0][ChosenSnap:11]
E/GPSenseEngine( 1667): ====>>>>cgdriver request:CGX_IOCTL_PREPARE_RECEIVE ret = 0
E/GPSenseEngine( 1667): NcFix
D/BatteryMeterView(  847): TimerTask :run --level = 79
D/BatteryMeterView(  847): handleMessage
D/BatteryMeterView(  847): TimerTask :run --level = 79
D/BatteryMeterView(  847): handleMessage
D/BatteryMeterView(  847): TimerTask :run --level = 79
D/BatteryMeterView(  847): handleMessage
D/gralloc.sc8830(  183): fb_post fps = 0.994899
D/GPSenseEngine( 1667): EPH sow 301225:--AS:
D/GPSenseEngine( 1667): CheckState[status:2][bOff:0][Used:0]
D/LIBGPS  (  753): in RMC, fixStatus=V
D/LIBGPS  (  753): set SVINFO_GOT_SV_INFO_FLAG 
D/LIBGPS  (  753): SVinfo flag =2, svstatus size =660, numsvs =0
E/GPSenseEngine( 1667): NcFix
W/AlarmManagerService(  753): set alarm : 7300.761000000
W/AlarmManagerService(  753): set alarm : 7304.161000000
W/AlarmManagerService(  753): set alarm : 7324.354000000
W/AlarmManagerService(  753): set alarm : 7324.354000000
W/AlarmManagerService(  753): set alarm : 7324.354000000
W/AlarmManagerService(  753): set alarm : 7324.354000000
W/AlarmManagerService(  753): set alarm : 7329.978000000
W/AlarmManagerService(  753): set alarm : 7334.752000000
W/AlarmManagerService(  753): set alarm : 7334.752000000
W/AlarmManagerService(  753): set alarm : 7334.752000000
W/AlarmManagerService(  753): set alarm : 7334.752000000
W/AlarmManagerService(  753): set alarm : 7334.752000000
W/AlarmManagerService(  753): set alarm : 7334.752000000
W/AlarmManagerService(  753): set alarm : 7334.752000000
W/AlarmManagerService(  753): set alarm : 7334.752000000
W/AlarmManagerService(  753): set alarm : 7334.752000000
W/AlarmManagerService(  753): set alarm : 7334.752000000
W/AlarmManagerService(  753): set alarm : 7334.752000000
W/AlarmManagerService(  753): set alarm : 7334.752000000
W/AlarmManagerService(  753): set alarm : 7334.752000000
W/AlarmManagerService(  753): set alarm : 7334.752000000
W/AlarmManagerService(  753): set alarm : 7334.752000000
W/AlarmManagerService(  753): set alarm : 7334.752000000
W/AlarmManagerService(  753): set alarm : 7334.752000000
W/AlarmManagerService(  753): set alarm : 7334.752000000
W/AlarmManagerService(  753): set alarm : 7334.752000000
W/AlarmManagerService(  753): set alarm : 7334.752000000
W/AlarmManagerService(  753): set alarm : 7334.752000000
W/AlarmManagerService(  753): set alarm : 7334.752000000
D/AlarmManager(  753): setImpl() action = com.taobao.accs.intent.action.COMMAND, component = null, type = 0, standalone=false, operation = PendingIntent{a210130: PendingIntentRecord{33e56861 com.UCMobile.intl broadcastIntent}} tElapsed=7576216, maxElapsed=7778715, interval=0, when = 1519213479109, triggerTime = 2018-02-21 17:14:39
W/AlarmManagerService(  753): set alarm : 7334.752000000
W/AlarmManagerService(  753): set alarm : 7334.752000000
W/AlarmManagerService(  753): set alarm : 7334.752000000
W/AlarmManagerService(  753): set alarm : 7334.752000000
W/AlarmManagerService(  753): set alarm : 7334.752000000
W/AlarmManagerService(  753): set alarm : 7334.752000000
W/AlarmManagerService(  753): set alarm : 7334.752000000
W/AlarmManagerService(  753): set alarm : 7334.752000000
W/AlarmManagerService(  753): set alarm : 7334.752000000
W/AlarmManagerService(  753): set alarm : 7334.752000000
W/AlarmManagerService(  753): set alarm : 7334.752000000
W/AlarmManagerService(  753): set alarm : 7334.752000000
W/AlarmManagerService(  753): set alarm : 7334.752000000
W/AlarmManagerService(  753): set alarm : 7334.752000000
W/AlarmManagerService(  753): set alarm : 7334.752000000
W/AlarmManagerService(  753): set alarm : 7334.752000000
W/AlarmManagerService(  753): set alarm : 7334.752000000
W/AlarmManagerService(  753): set alarm : 7334.752000000
W/AlarmManagerService(  753): set alarm : 7334.752000000
W/AlarmManagerService(  753): set alarm : 7334.752000000
W/AlarmManagerService(  753): set alarm : 7334.752000000
W/AlarmManagerService(  753): set alarm : 7334.752000000
W/AlarmManagerService(  753): set alarm : 7334.752000000
W/AlarmManagerService(  753): set alarm : 7334.752000000
W/AlarmManagerService(  753): set alarm : 7334.752000000
W/AlarmManagerService(  753): set alarm : 7334.752000000
W/AlarmManagerService(  753): set alarm : 7334.752000000
W/AlarmManagerService(  753): set alarm : 7334.752000000
W/AlarmManagerService(  753): set alarm : 7334.752000000
W/AlarmManagerService(  753): set alarm : 7334.752000000
W/AlarmManagerService(  753): set alarm : 7334.752000000
W/AlarmManagerService(  753): set alarm : 7334.752000000
W/AlarmManagerService(  753): set alarm : 7334.752000000
W/AlarmManagerService(  753): set alarm : 7334.752000000
W/AlarmManagerService(  753): set alarm : 7334.752000000
W/AlarmManagerService(  753): set alarm : 7334.752000000
W/AlarmManagerService(  753): set alarm : 7334.752000000
W/AlarmManagerService(  753): set alarm : 7334.752000000
W/AlarmManagerService(  753): set alarm : 7334.752000000
W/AlarmManagerService(  753): set alarm : 7334.752000000
W/AlarmManagerService(  753): set alarm : 7334.752000000
W/AlarmManagerService(  753): set alarm : 7334.752000000
W/AlarmManagerService(  753): set alarm : 7334.752000000
W/AlarmManagerService(  753): set alarm : 7334.752000000
W/AlarmManagerService(  753): set alarm : 7334.752000000
W/AlarmManagerService(  753): set alarm : 7334.752000000
W/AlarmManagerService(  753): set alarm : 7334.752000000
W/AlarmManagerService(  753): set alarm : 7334.752000000
W/AlarmManagerService(  753): set alarm : 7334.752000000
W/AlarmManagerService(  753): set alarm : 7334.752000000
W/AlarmManagerService(  753): set alarm : 7334.752000000
W/AlarmManagerService(  753): set alarm : 7334.752000000
W/AlarmManagerService(  753): set alarm : 7334.752000000
W/AlarmManagerService(  753): set alarm : 7334.752000000
W/AlarmManagerService(  753): set alarm : 7334.752000000
W/AlarmManagerService(  753): set alarm : 7334.752000000
W/AlarmManagerService(  753): set alarm : 7334.752000000
W/AlarmManagerService(  753): set alarm : 7334.752000000
W/AlarmManagerService(  753): set alarm : 7334.752000000
W/AlarmManagerService(  753): set alarm : 7334.752000000
W/AlarmManagerService(  753): set alarm : 7334.752000000
W/AlarmManagerService(  753): set alarm : 7334.752000000
W/AlarmManagerService(  753): set alarm : 7334.752000000
W/AlarmManagerService(  753): set alarm : 7334.752000000
W/AlarmManagerService(  753): set alarm : 7334.752000000
W/AlarmManagerService(  753): set alarm : 7334.752000000
W/AlarmManagerService(  753): set alarm : 7334.752000000
W/AlarmManagerService(  753): set alarm : 7334.752000000
W/AlarmManagerService(  753): set alarm : 7334.752000000
W/AlarmManagerService(  753): set alarm : 7334.752000000
W/AlarmManagerService(  753): set alarm : 7334.752000000
W/AlarmManagerService(  753): set alarm : 7334.752000000
W/AlarmManagerService(  753): set alarm : 7334.752000000
W/AlarmManagerService(  753): set alarm : 7334.752000000
W/AlarmManagerService(  753): set alarm : 7334.752000000
W/AlarmManagerService(  753): set alarm : 7334.752000000
W/AlarmManagerService(  753): set alarm : 7334.752000000
W/AlarmManagerService(  753): set alarm : 7334.752000000
W/AlarmManagerService(  753): set alarm : 7334.752000000
W/AlarmManagerService(  753): set alarm : 7334.752000000
W/AlarmManagerService(  753): set alarm : 7334.752000000
W/AlarmManagerService(  753): set alarm : 7334.752000000
W/AlarmManagerService(  753): set alarm : 7334.752000000
W/AlarmManagerService(  753): set alarm : 7334.752000000
W/AlarmManagerService(  753): set alarm : 7334.752000000
W/AlarmManagerService(  753): set alarm : 7334.752000000
W/AlarmManagerService(  753): set alarm : 7334.752000000
W/AlarmManagerService(  753): set alarm : 7334.752000000
W/AlarmManagerService(  753): set alarm : 7334.752000000
W/AlarmManagerService(  753): set alarm : 7334.752000000
W/AlarmManagerService(  753): set alarm : 7334.752000000
W/AlarmManagerService(  753): set alarm : 7334.752000000
W/AlarmManagerService(  753): set alarm : 7334.752000000
W/AlarmManagerService(  753): set alarm : 7334.752000000
W/AlarmManagerService(  753): set alarm : 7334.752000000
W/AlarmManagerService(  753): set alarm : 7334.752000000
W/AlarmManagerService(  753): set alarm : 7334.752000000
W/AlarmManagerService(  753): set alarm : 7334.752000000
W/AlarmManagerService(  753): set alarm : 7334.752000000
W/AlarmManagerService(  753): set alarm : 7334.752000000
W/AlarmManagerService(  753): set alarm : 7334.752000000
W/AlarmManagerService(  753): set alarm : 7334.752000000
W/AlarmManagerService(  753): set alarm : 7334.752000000
W/AlarmManagerService(  753): set alarm : 7334.752000000
W/AlarmManagerService(  753): set alarm : 7334.752000000
D/AlarmManager(  753): waitForAlarm result:8
W/AlarmManagerService(  753): set alarm : 7334.752000000
W/AlarmManagerService(  753): set alarm : 7334.752000000
W/AlarmManagerService(  753): set alarm : 7334.752000000
W/AlarmManagerService(  753): set alarm : 7334.752000000
W/AlarmManagerService(  753): set alarm : 7334.752000000
W/AlarmManagerService(  753): set alarm : 7334.752000000
W/AlarmManagerService(  753): set alarm : 7334.752000000
W/AlarmManagerService(  753): set alarm : 7334.752000000
W/AlarmManagerService(  753): set alarm : 7334.752000000
W/AlarmManagerService(  753): set alarm : 7334.752000000
W/AlarmManagerService(  753): set alarm : 7334.752000000
W/AlarmManagerService(  753): set alarm : 7334.752000000
W/AlarmManagerService(  753): set alarm : 7334.752000000
W/AlarmManagerService(  753): set alarm : 7334.752000000
W/AlarmManagerService(  753): set alarm : 7334.752000000
W/AlarmManagerService(  753): set alarm : 7334.752000000
W/AlarmManagerService(  753): set alarm : 7334.752000000
W/AlarmManagerService(  753): set alarm : 7334.752000000
W/AlarmManagerService(  753): set alarm : 7334.752000000
W/AlarmManagerService(  753): set alarm : 7334.752000000
W/AlarmManagerService(  753): set alarm : 7334.752000000
W/AlarmManagerService(  753): set alarm : 7334.752000000
W/AlarmManagerService(  753): set alarm : 7334.752000000
W/AlarmManagerService(  753): set alarm : 7334.752000000
W/AlarmManagerService(  753): set alarm : 7334.752000000
W/AlarmManagerService(  753): set alarm : 7334.752000000
W/AlarmManagerService(  753): set alarm : 7334.752000000
W/AlarmManagerService(  753): set alarm : 7334.752000000
W/AlarmManagerService(  753): set alarm : 7334.752000000
W/AlarmManagerService(  753): set alarm : 7334.752000000
W/AlarmManagerService(  753): set alarm : 7334.752000000
W/AlarmManagerService(  753): set alarm : 7334.752000000
W/AlarmManagerService(  753): set alarm : 7334.752000000
W/AlarmManagerService(  753): set alarm : 7334.752000000
W/AlarmManagerService(  753): set alarm : 7334.752000000
W/AlarmManagerService(  753): set alarm : 7334.752000000
W/AlarmManagerService(  753): set alarm : 7334.752000000
W/AlarmManagerService(  753): set alarm : 7334.752000000
W/AlarmManagerService(  753): set alarm : 7334.752000000
W/AlarmManagerService(  753): set alarm : 7334.752000000
W/AlarmManagerService(  753): set alarm : 7334.752000000
W/AlarmManagerService(  753): set alarm : 7334.752000000
W/AlarmManagerService(  753): set alarm : 7334.752000000
W/AlarmManagerService(  753): set alarm : 7334.752000000
W/AlarmManagerService(  753): set alarm : 7334.752000000
W/AlarmManagerService(  753): set alarm : 7334.752000000
W/AlarmManagerService(  753): set alarm : 7334.752000000
W/AlarmManagerService(  753): set alarm : 7334.752000000
W/AlarmManagerService(  753): set alarm : 7334.752000000
W/AlarmManagerService(  753): set alarm : 7334.752000000
W/AlarmManagerService(  753): set alarm : 7334.752000000
W/AlarmManagerService(  753): set alarm : 7334.752000000
W/AlarmManagerService(  753): set alarm : 7334.752000000
W/AlarmManagerService(  753): set alarm : 7334.752000000
W/AlarmManagerService(  753): set alarm : 7334.752000000
W/AlarmManagerService(  753): set alarm : 7334.752000000
W/AlarmManagerService(  753): set alarm : 7334.752000000
W/AlarmManagerService(  753): set alarm : 7334.752000000
W/AlarmManagerService(  753): set alarm : 7334.752000000
W/AlarmManagerService(  753): set alarm : 7334.752000000
W/AlarmManagerService(  753): set alarm : 7334.752000000
W/AlarmManagerService(  753): set alarm : 7334.752000000
W/AlarmManagerService(  753): set alarm : 7334.752000000
W/AlarmManagerService(  753): set alarm : 7334.752000000
W/AlarmManagerService(  753): set alarm : 7334.752000000
W/AlarmManagerService(  753): set alarm : 7334.752000000
W/AlarmManagerService(  753): set alarm : 7334.752000000
W/AlarmManagerService(  753): set alarm : 7334.752000000
W/AlarmManagerService(  753): set alarm : 7334.752000000
W/AlarmManagerService(  753): set alarm : 7334.752000000
W/AlarmManagerService(  753): set alarm : 7334.752000000
W/AlarmManagerService(  753): set alarm : 7334.752000000
W/AlarmManagerService(  753): set alarm : 7334.752000000
W/AlarmManagerService(  753): set alarm : 7334.752000000
W/AlarmManagerService(  753): set alarm : 7334.752000000
W/AlarmManagerService(  753): set alarm : 7334.752000000
W/AlarmManagerService(  753): set alarm : 7334.752000000
W/AlarmManagerService(  753): set alarm : 7334.752000000
W/AlarmManagerService(  753): set alarm : 7334.752000000
W/AlarmManagerService(  753): set alarm : 7334.752000000
W/AlarmManagerService(  753): set alarm : 7334.752000000
W/AlarmManagerService(  753): set alarm : 7334.752000000
W/AlarmManagerService(  753): set alarm : 7334.752000000
W/AlarmManagerService(  753): set alarm : 7334.752000000
W/AlarmManagerService(  753): set alarm : 7334.752000000
W/AlarmManagerService(  753): set alarm : 7334.752000000
W/AlarmManagerService(  753): set alarm : 7334.752000000
W/AlarmManagerService(  753): set alarm : 7334.752000000
W/AlarmManagerService(  753): set alarm : 7334.752000000
W/AlarmManagerService(  753): set alarm : 7334.752000000
W/AlarmManagerService(  753): set alarm : 7334.752000000
W/AlarmManagerService(  753): set alarm : 7334.752000000
W/AlarmManagerService(  753): set alarm : 7334.752000000
W/AlarmManagerService(  753): set alarm : 7334.752000000
W/AlarmManagerService(  753): set alarm : 7334.752000000
W/AlarmManagerService(  753): set alarm : 7334.752000000
W/AlarmManagerService(  753): set alarm : 7334.752000000
W/AlarmManagerService(  753): set alarm : 7334.752000000
W/AlarmManagerService(  753): set alarm : 7334.752000000
W/AlarmManagerService(  753): set alarm : 7334.752000000
W/AlarmManagerService(  753): set alarm : 7334.752000000
W/AlarmManagerService(  753): set alarm : 7334.752000000
W/AlarmManagerService(  753): set alarm : 7334.752000000
W/AlarmManagerService(  753): set alarm : 7334.752000000
W/AlarmManagerService(  753): set alarm : 7334.752000000
W/AlarmManagerService(  753): set alarm : 7334.752000000
W/AlarmManagerService(  753): set alarm : 7334.752000000
W/AlarmManagerService(  753): set alarm : 7334.752000000
W/AlarmManagerService(  753): set alarm : 7334.752000000
W/AlarmManagerService(  753): set alarm : 7334.752000000
W/AlarmManagerService(  753): set alarm : 7334.752000000
W/AlarmManagerService(  753): set alarm : 7334.752000000
W/AlarmManagerService(  753): set alarm : 7334.752000000
W/AlarmManagerService(  753): set alarm : 7334.752000000
W/AlarmManagerService(  753): set alarm : 7334.752000000
W/AlarmManagerService(  753): set alarm : 7334.752000000
W/AlarmManagerService(  753): set alarm : 7334.752000000
W/AlarmManagerService(  753): set alarm : 7334.752000000
W/AlarmManagerService(  753): set alarm : 7334.752000000
W/AlarmManagerService(  753): set alarm : 7334.752000000
W/AlarmManagerService(  753): set alarm : 7334.752000000
W/AlarmManagerService(  753): set alarm : 7334.752000000
W/AlarmManagerService(  753): set alarm : 7334.752000000
D/WCND    (  200): is_cp2_alive_ok: open polling interface: /dev/spipe_wcn0, fd = 15
D/WCND    (  200): is_cp2_alive_ok: loop: /dev/spipe_wcn0 is OK
W/AlarmManagerService(  753): set alarm : 7334.752000000
W/AlarmManagerService(  753): set alarm : 7334.752000000
W/AlarmManagerService(  753): set alarm : 7334.752000000
W/AlarmManagerService(  753): set alarm : 7334.752000000
W/AlarmManagerService(  753): set alarm : 7334.752000000
W/AlarmManagerService(  753): set alarm : 7334.752000000
W/AlarmManagerService(  753): set alarm : 7334.752000000
W/AlarmManagerService(  753): set alarm : 7334.752000000
W/AlarmManagerService(  753): set alarm : 7334.752000000
W/AlarmManagerService(  753): set alarm : 7334.752000000
W/AlarmManagerService(  753): set alarm : 7334.752000000
D/AlarmManager(  753): triggerList.size = 0, hasWakeup = false
W/AlarmManager(  753): triggerList.size = 0, just continue!!!
E/GPSenseEngine( 1667): NcFix
E/GPSenseEngine( 1667): ncfixInfoIndex = 2 / 1993
E/GPSenseEngine( 1667): ====>>>>cgdriver request:CGX_IOCTL_RESET ret = 0
E/GPSenseEngine( 1667): ====>>>>cgdriver request:CGX_IOCTL_READ_SYS_REG ret = -3
D/GPSenseEngine( 1667): FmRequestSnap[type:0][ChosenSnap:11]
E/GPSenseEngine( 1667): ====>>>>cgdriver request:CGX_IOCTL_PREPARE_RECEIVE ret = 0
D/BatteryMeterView(  847): TimerTask :run --level = 99
D/BatteryMeterView(  847): TimerTask :run --level = 99
D/BatteryMeterView(  847): handleMessage
D/BatteryMeterView(  847): handleMessage
D/BatteryMeterView(  847): TimerTask :run --level = 99
D/BatteryMeterView(  847): handleMessage
D/GPSenseEngine( 1667): EPH sow 301226:--AS:
D/GPSenseEngine( 1667): CheckState[status:2][bOff:0][Used:0]
D/LIBGPS  (  753): in RMC, fixStatus=V
D/LIBGPS  (  753): set SVINFO_GOT_SV_INFO_FLAG 
D/LIBGPS  (  753): SVinfo flag =2, svstatus size =660, numsvs =0
D/phoneserver(  205): Receive thread's TID [236] CHNMNG:readline pread= 0xb6f5b6d4,count=15
D/phoneserver(  205): Receive thread's TID [236] CHMNG:  receive data thread :mux=/dev/stty_w0:input:+CSQ: 15,99
D/phoneserver(  205): Receive thread's TID [236] MUX :/dev/stty_w0 Waiting for resp  
D/SignalStrengthUtilsSprd(  753): processLteLevel: empty method
D/gralloc.sc8830(  183): fb_post fps = 1.601447
E/GPSenseEngine( 1667): NcFix
D/wpa_supplicant(  846): wlan0: Control interface command 'SIGNAL_POLL'
E/GPSenseEngine( 1667): NcFix
E/GPSenseEngine( 1667): NcFix
D/BatteryMeterView(  847): TimerTask :run --level = 39
D/BatteryMeterView(  847): handleMessage
D/BatteryMeterView(  847): TimerTask :run --level = 39
D/BatteryMeterView(  847): handleMessage
D/BatteryMeterView(  847): TimerTask :run --level = 39
D/BatteryMeterView(  847): handleMessage
D/GPSenseEngine( 1667): EPH sow 301227:--AS:
D/GPSenseEngine( 1667): CheckState[status:2][bOff:0][Used:0]
D/LIBGPS  (  753): in RMC, fixStatus=V
D/LIBGPS  (  753): set SVINFO_GOT_SV_INFO_FLAG 
D/LIBGPS  (  753): SVinfo flag =2, svstatus size =660, numsvs =0
E/GPSenseEngine( 1667): NcFix
D/phoneserver(  205): Send thread's TID [249] PS_PTY : /dev/CHNPTYW1 Received 7 bytes command[AT+CSQ]
D/phoneserver(  205): Receive thread's TID [237] CHNMNG:readline pread= 0xb6f5d6d8,count=21
D/phoneserver(  205): Receive thread's TID [237] CHMNG:  receive data thread :mux=/dev/stty_w1:input:+CSQ: 15,99
D/phoneserver(  205): Receive thread's TID [237] MUX :/dev/stty_w1 Waiting for resp  
D/phoneserver(  205): Receive thread's TID [237] CHMNG:  receive data thread :mux=/dev/stty_w1:input:OK
D/phoneserver(  205): Receive thread's TID [237] MUX :/dev/stty_w1 Waiting for resp  
D/SignalStrengthUtilsSprd(  753): processLteLevel: empty method
D/PowerManagerService(  753): acquireWakeLockInternal: lock=965366185, flags=0x1, tag="SprdRILJ", ws=null, uid=1001, pid=867
D/PowerManagerService(  753): releaseWakeLockInternal: lock=965366185 [SprdRILJ], flags=0x0
E/GPSenseEngine( 1667): ncfixInfoIndex = 3 / 1994
E/GPSenseEngine( 1667): ====>>>>cgdriver request:CGX_IOCTL_RESET ret = 0
E/GPSenseEngine( 1667): ====>>>>cgdriver request:CGX_IOCTL_READ_SYS_REG ret = -3
D/GPSenseEngine( 1667): FmRequestSnap[type:0][ChosenSnap:11]
E/GPSenseEngine( 1667): ====>>>>cgdriver request:CGX_IOCTL_PREPARE_RECEIVE ret = 0
E/GPSenseEngine( 1667): NcFix
D/BatteryMeterView(  847): TimerTask :run --level = 59
D/BatteryMeterView(  847): handleMessage
D/BatteryMeterView(  847): TimerTask :run --level = 59
D/BatteryMeterView(  847): handleMessage
D/BatteryMeterView(  847): TimerTask :run --level = 59
D/BatteryMeterView(  847): handleMessage
D/gralloc.sc8830(  183): fb_post fps = 1.141881
D/GPSenseEngine( 1667): EPH sow 301228:--AS:
D/GPSenseEngine( 1667): CheckState[status:2][bOff:0][Used:0]
D/LIBGPS  (  753): in RMC, fixStatus=V
D/LIBGPS  (  753): set SVINFO_GOT_SV_INFO_FLAG 
D/LIBGPS  (  753): SVinfo flag =2, svstatus size =660, numsvs =0
E/GPSenseEngine( 1667): NcFix
W/ActivityManager(  753): getTasks: caller 10122 does not hold REAL_GET_TASKS; limiting output
D/BatteryMeterView(  847): TimerTask :run --level = 79
D/BatteryMeterView(  847): TimerTask :run --level = 79
D/BatteryMeterView(  847): handleMessage
D/BatteryMeterView(  847): handleMessage
D/BatteryMeterView(  847): TimerTask :run --level = 79
D/BatteryMeterView(  847): handleMessage
E/GPSenseEngine( 1667): NcFix
D/GPSenseEngine( 1667): EPH sow 301229:--AS:
D/GPSenseEngine( 1667): CheckState[status:2][bOff:0][Used:0]
D/LIBGPS  (  753): in RMC, fixStatus=V
D/LIBGPS  (  753): set SVINFO_GOT_SV_INFO_FLAG 
D/LIBGPS  (  753): SVinfo flag =2, svstatus size =660, numsvs =0
E/GPSenseEngine( 1667): ncfixInfoIndex = 4 / 1995
E/GPSenseEngine( 1667): ====>>>>cgdriver request:CGX_IOCTL_RESET ret = 0
E/GPSenseEngine( 1667): ====>>>>cgdriver request:CGX_IOCTL_READ_SYS_REG ret = -3
D/GPSenseEngine( 1667): FmRequestSnap[type:0][ChosenSnap:11]
E/GPSenseEngine( 1667): ====>>>>cgdriver request:CGX_IOCTL_PREPARE_RECEIVE ret = 0
D/wpa_supplicant(  846): wlan0: Control interface command 'SIGNAL_POLL'
D/BatteryMeterView(  847): TimerTask :run --level = 99
D/BatteryMeterView(  847): TimerTask :run --level = 99
D/BatteryMeterView(  847): handleMessage
D/BatteryMeterView(  847): handleMessage
D/BatteryMeterView(  847): TimerTask :run --level = 99
D/BatteryMeterView(  847): handleMessage
D/gralloc.sc8830(  183): fb_post fps = 1.504108
D/GPSenseEngine( 1667): EPH sow 301230:--AS:
D/GPSenseEngine( 1667): CheckState[status:2][bOff:0][Used:0]
D/LIBGPS  (  753): in RMC, fixStatus=V
D/LIBGPS  (  753): set SVINFO_GOT_SV_INFO_FLAG 
D/LIBGPS  (  753): SVinfo flag =2, svstatus size =660, numsvs =0
E/GPSenseEngine( 1667): ====>>>>cgdriver request:CGX_IOCTL_RESET ret = 0
E/GPSenseEngine( 1667): ====>>>>cgdriver request:CGX_IOCTL_READ_SYS_REG ret = -3
D/GPSenseEngine( 1667): FmRequestSnap[type:1][ChosenSnap:11]
E/GPSenseEngine( 1667): ====>>>>cgdriver request:CGX_IOCTL_PREPARE_RECEIVE ret = 0
D/WCND    (  200): is_cp2_alive_ok: open polling interface: /dev/spipe_wcn0, fd = 15
D/WCND    (  200): is_cp2_alive_ok: loop: /dev/spipe_wcn0 is OK
E/GPSenseEngine( 1667): NcFix
D/BatteryMeterView(  847): TimerTask :run --level = 39
D/BatteryMeterView(  847): TimerTask :run --level = 39
D/BatteryMeterView(  847): handleMessage
D/BatteryMeterView(  847): handleMessage
D/BatteryMeterView(  847): TimerTask :run --level = 39
D/BatteryMeterView(  847): handleMessage
D/gralloc.sc8830(  183): fb_post fps = 0.994175
D/GPSenseEngine( 1667): EPH sow 301231:--AS:
D/GPSenseEngine( 1667): CheckState[status:2][bOff:0][Used:0]
D/LIBGPS  (  753): in RMC, fixStatus=V
D/LIBGPS  (  753): set SVINFO_GOT_SV_INFO_FLAG 
D/LIBGPS  (  753): SVinfo flag =2, svstatus size =660, numsvs =0
E/GPSenseEngine( 1667): STC_NC
E/GPSenseEngine( 1667): RefreshSatellitesSnapDetect:
D/phoneserver(  205): Receive thread's TID [236] CHNMNG:readline pread= 0xb6f5b6d4,count=15
D/phoneserver(  205): Receive thread's TID [236] CHMNG:  receive data thread :mux=/dev/stty_w0:input:+CSQ: 16,99
D/phoneserver(  205): Receive thread's TID [236] MUX :/dev/stty_w0 Waiting for resp  
D/SignalStrengthUtilsSprd(  753): processLteLevel: empty method
E/GPSenseEngine( 1667): NcFix
D/BatteryMeterView(  847): TimerTask :run --level = 59
D/BatteryMeterView(  847): TimerTask :run --level = 59
D/BatteryMeterView(  847): handleMessage
D/BatteryMeterView(  847): handleMessage
D/BatteryMeterView(  847): TimerTask :run --level = 59
D/BatteryMeterView(  847): handleMessage
D/GPSenseEngine( 1667): EPH sow 301232:--AS:
D/GPSenseEngine( 1667): CheckState[status:2][bOff:0][Used:0]
D/LIBGPS  (  753): in RMC, fixStatus=V
D/LIBGPS  (  753): set SVINFO_GOT_SV_INFO_FLAG 
D/LIBGPS  (  753): SVinfo flag =2, svstatus size =660, numsvs =0
E/GPSenseEngine( 1667): ncfixInfoIndex = 5 / 1996
E/GPSenseEngine( 1667): ====>>>>cgdriver request:CGX_IOCTL_RESET ret = 0
E/GPSenseEngine( 1667): ====>>>>cgdriver request:CGX_IOCTL_READ_SYS_REG ret = -3
D/GPSenseEngine( 1667): FmRequestSnap[type:0][ChosenSnap:11]
E/GPSenseEngine( 1667): ====>>>>cgdriver request:CGX_IOCTL_PREPARE_RECEIVE ret = 0
D/wpa_supplicant(  846): wlan0: Control interface command 'SIGNAL_POLL'
D/BatteryMeterView(  847): TimerTask :run --level = 79
D/BatteryMeterView(  847): TimerTask :run --level = 79
D/BatteryMeterView(  847): handleMessage
D/BatteryMeterView(  847): handleMessage
D/BatteryMeterView(  847): TimerTask :run --level = 79
D/BatteryMeterView(  847): handleMessage
D/gralloc.sc8830(  183): fb_post fps = 1.002693
D/GPSenseEngine( 1667): EPH sow 301233:--AS:
D/GPSenseEngine( 1667): CheckState[status:2][bOff:0][Used:0]
D/LIBGPS  (  753): in RMC, fixStatus=V
D/LIBGPS  (  753): set SVINFO_GOT_SV_INFO_FLAG 
D/LIBGPS  (  753): SVinfo flag =2, svstatus size =660, numsvs =0
W/ActivityManager(  753): getTasks: caller 10122 does not hold REAL_GET_TASKS; limiting output
D/BatteryMeterView(  847): TimerTask :run --level = 99
D/BatteryMeterView(  847): TimerTask :run --level = 99
D/BatteryMeterView(  847): handleMessage
D/BatteryMeterView(  847): handleMessage
D/BatteryMeterView(  847): TimerTask :run --level = 99
D/BatteryMeterView(  847): handleMessage
E/GPSenseEngine( 1667): NcFix
D/gralloc.sc8830(  183): fb_post fps = 0.994205
D/GPSenseEngine( 1667): EPH sow 301234:--AS:
D/GPSenseEngine( 1667): CheckState[status:2][bOff:0][Used:0]
D/LIBGPS  (  753): in RMC, fixStatus=V
D/LIBGPS  (  753): set SVINFO_GOT_SV_INFO_FLAG 
D/LIBGPS  (  753): SVinfo flag =2, svstatus size =660, numsvs =0
W/ActivityManager(  753): getRunningAppProcesses: caller 10051 does not hold REAL_GET_TASKS; limiting output
I/System.out( 3404): Timer thread closed connection successfully.
D/BatteryMeterView(  847): TimerTask :run --level = 39
D/BatteryMeterView(  847): TimerTask :run --level = 39
D/BatteryMeterView(  847): handleMessage
D/BatteryMeterView(  847): handleMessage
D/BatteryMeterView(  847): TimerTask :run --level = 39
D/BatteryMeterView(  847): handleMessage
D/GPSenseEngine( 1667): EPH sow 301235:--AS:
D/GPSenseEngine( 1667): CheckState[status:2][bOff:0][Used:0]
D/LIBGPS  (  753): in RMC, fixStatus=V
D/LIBGPS  (  753): set SVINFO_GOT_SV_INFO_FLAG 
D/LIBGPS  (  753): SVinfo flag =2, svstatus size =660, numsvs =0
D/WCND    (  200): is_cp2_alive_ok: open polling interface: /dev/spipe_wcn0, fd = 15
D/WCND    (  200): is_cp2_alive_ok: loop: /dev/spipe_wcn0 is OK
D/wpa_supplicant(  846): wlan0: Control interface command 'SIGNAL_POLL'
D/BatteryMeterView(  847): TimerTask :run --level = 59
D/BatteryMeterView(  847): TimerTask :run --level = 59
D/BatteryMeterView(  847): handleMessage
D/BatteryMeterView(  847): handleMessage
D/BatteryMeterView(  847): TimerTask :run --level = 59
D/BatteryMeterView(  847): handleMessage
D/gralloc.sc8830(  183): fb_post fps = 1.002754
D/GPSenseEngine( 1667): EPH sow 301236:--AS:
D/GPSenseEngine( 1667): CheckState[status:2][bOff:0][Used:0]
D/LIBGPS  (  753): in RMC, fixStatus=V
D/LIBGPS  (  753): set SVINFO_GOT_SV_INFO_FLAG 
D/LIBGPS  (  753): SVinfo flag =2, svstatus size =660, numsvs =0
E/GPSenseEngine( 1667): NcFix
D/phoneserver(  205): Receive thread's TID [236] CHNMNG:readline pread= 0xb6f5b6d4,count=15
D/phoneserver(  205): Receive thread's TID [236] CHMNG:  receive data thread :mux=/dev/stty_w0:input:+CSQ: 16,99
D/phoneserver(  205): Receive thread's TID [236] MUX :/dev/stty_w0 Waiting for resp  
D/SignalStrengthUtilsSprd(  753): processLteLevel: empty method
D/BatteryMeterView(  847): TimerTask :run --level = 79
D/BatteryMeterView(  847): handleMessage
D/BatteryMeterView(  847): TimerTask :run --level = 79
D/BatteryMeterView(  847): TimerTask :run --level = 79
D/BatteryMeterView(  847): handleMessage
D/BatteryMeterView(  847): handleMessage
D/gralloc.sc8830(  183): fb_post fps = 0.994235
D/GPSenseEngine( 1667): EPH sow 301237:--AS:
D/GPSenseEngine( 1667): CheckState[status:2][bOff:0][Used:0]
D/LIBGPS  (  753): in RMC, fixStatus=V
D/LIBGPS  (  753): set SVINFO_GOT_SV_INFO_FLAG 
D/LIBGPS  (  753): SVinfo flag =2, svstatus size =660, numsvs =0
D/BatteryMeterView(  847): TimerTask :run --level = 99
D/BatteryMeterView(  847): handleMessage
D/BatteryMeterView(  847): TimerTask :run --level = 99
D/BatteryMeterView(  847): handleMessage
D/BatteryMeterView(  847): TimerTask :run --level = 99
D/BatteryMeterView(  847): handleMessage
D/GPSenseEngine( 1667): EPH sow 301238:--AS:
D/GPSenseEngine( 1667): CheckState[status:2][bOff:0][Used:0]
D/LIBGPS  (  753): in RMC, fixStatus=V
D/LIBGPS  (  753): set SVINFO_GOT_SV_INFO_FLAG 
D/LIBGPS  (  753): SVinfo flag =2, svstatus size =660, numsvs =0
D/wpa_supplicant(  846): wlan0: Control interface command 'SIGNAL_POLL'
E/GPSenseEngine( 1667): NcFix
W/ActivityManager(  753): getTasks: caller 10122 does not hold REAL_GET_TASKS; limiting output
D/BatteryMeterView(  847): TimerTask :run --level = 39
D/BatteryMeterView(  847): handleMessage
D/BatteryMeterView(  847): TimerTask :run --level = 39
D/BatteryMeterView(  847): handleMessage
D/BatteryMeterView(  847): TimerTask :run --level = 39
D/BatteryMeterView(  847): handleMessage
D/gralloc.sc8830(  183): fb_post fps = 1.002417
D/GPSenseEngine( 1667): EPH sow 301239:--AS:
D/GPSenseEngine( 1667): CheckState[status:2][bOff:0][Used:0]
D/LIBGPS  (  753): in RMC, fixStatus=V
D/LIBGPS  (  753): set SVINFO_GOT_SV_INFO_FLAG 
D/LIBGPS  (  753): SVinfo flag =2, svstatus size =660, numsvs =0
E/GPSenseEngine( 1667): ncfixInfoIndex = 6 / 1997
E/GPSenseEngine( 1667): ====>>>>cgdriver request:CGX_IOCTL_RESET ret = 0
E/GPSenseEngine( 1667): ====>>>>cgdriver request:CGX_IOCTL_READ_SYS_REG ret = -3
D/GPSenseEngine( 1667): FmRequestSnap[type:0][ChosenSnap:11]
E/GPSenseEngine( 1667): ====>>>>cgdriver request:CGX_IOCTL_PREPARE_RECEIVE ret = 0
D/BatteryMeterView(  847): TimerTask :run --level = 59
D/BatteryMeterView(  847): handleMessage
D/BatteryMeterView(  847): TimerTask :run --level = 59
D/BatteryMeterView(  847): TimerTask :run --level = 59
D/BatteryMeterView(  847): handleMessage
D/BatteryMeterView(  847): handleMessage
D/gralloc.sc8830(  183): fb_post fps = 0.994688
D/GPSenseEngine( 1667): EPH sow 301240:--AS:
D/GPSenseEngine( 1667): CheckState[status:2][bOff:0][Used:0]
D/LIBGPS  (  753): in RMC, fixStatus=V
D/LIBGPS  (  753): set SVINFO_GOT_SV_INFO_FLAG 
D/LIBGPS  (  753): SVinfo flag =2, svstatus size =660, numsvs =0
E/GPSenseEngine( 1667): NcFix
D/WCND    (  200): is_cp2_alive_ok: open polling interface: /dev/spipe_wcn0, fd = 15
D/WCND    (  200): is_cp2_alive_ok: loop: /dev/spipe_wcn0 is OK
D/InputReader(  753): VirtualKeys: Hit test (90, 1000): keyCode=4, scanCode=158, left=410, top=969, right=490, bottom=1033
D/InputReader(  753): VirtualKeys: Hit test (90, 1000): keyCode=82, scanCode=139, left=50, top=969, right=130, bottom=1033
D/InputReader(  753): VirtualKeys: Generating key down: keyCode=82, scanCode=139
D/InputDispatcher(  753): *****SPRD**********InputDispatcher -> NotifyKey start
D/WindowManager(  753): interceptKeyTq keycode=82 interactive=true keyguardActive=false policyFlags=22000002
D/gongpc  (  753): enter GESTURE222222!!!mIsGestureSupport:  false
D/vibrate_test(  753): PhoneWindowManager---------hapticsDisabledfalse
V/vibrate_test(  753): VibratorService----startVibrationLocked----millis:966
D/InputDispatcher(  753): *****SPRD**********dispatchKeyLocked -eventTime=7321486082000, deviceId=3, source=0x101, policyFlags=0x62000002, action=0x0, flags=0x48, keyCode=0x52, scanCode=0x8b, metaState=0x0, repeatCount=0, downTime=7321486082000
D/InputDispatcher(  753): *****SPRD**********dispatchKeyLocked  : entry->interceptKeyResult  = 0,currentTime = 7321491911619,entry->interceptKeyWakeupTime = 0,nextWakeupTime = 2737667352
D/WindowManager(  753): interceptKeyTi keyCode=82 down=true repeatCount=0 keyguardOn=false mHomePressed=false canceled=false
D/InputDispatcher(  753): *****SPRD**********startDispatchCycleLocked  TYPE_KEY start,channel '1049b45b Application Error: com.indusos.batterysaver (server)'
D/InputDispatcher(  753): *****SPRD**********startDispatchCycleLocked  TYPE_KEY start,channel 'WindowManager (server)'
I/ViewRootImpl(  753): skip IME as no InputMethod keycode=82, action=0
I/InputDispatcher(  753): *****SPRD**********TYPE_KEY doDispatchCycleFinishedLockedInterruptible Window 'Window{1049b45b u0 Application Error: com.indusos.batterysaver}' spent 0.7ms processing the last input event: KeyEvent(deviceId=3, source=0x00000101, action=0, flags=0x00000048, keyCode=82, scanCode=139, metaState=0x00000000, repeatCount=0), policyFlags=0x62000002
D/InputReader(  753): VirtualKeys: Hit test (90, 1000): keyCode=4, scanCode=158, left=410, top=969, right=490, bottom=1033
D/InputReader(  753): VirtualKeys: Hit test (90, 1000): keyCode=82, scanCode=139, left=50, top=969, right=130, bottom=1033
D/InputReader(  753): VirtualKeys: Hit test (90, 1000): keyCode=4, scanCode=158, left=410, top=969, right=490, bottom=1033
D/InputReader(  753): VirtualKeys: Hit test (90, 1000): keyCode=82, scanCode=139, left=50, top=969, right=130, bottom=1033
D/InputReader(  753): VirtualKeys: Hit test (90, 1000): keyCode=4, scanCode=158, left=410, top=969, right=490, bottom=1033
D/InputReader(  753): VirtualKeys: Hit test (90, 1000): keyCode=82, scanCode=139, left=50, top=969, right=130, bottom=1033
D/InputReader(  753): VirtualKeys: Hit test (90, 1000): keyCode=4, scanCode=158, left=410, top=969, right=490, bottom=1033
D/InputReader(  753): VirtualKeys: Hit test (90, 1000): keyCode=82, scanCode=139, left=50, top=969, right=130, bottom=1033
D/InputReader(  753): VirtualKeys: Hit test (90, 1000): keyCode=4, scanCode=158, left=410, top=969, right=490, bottom=1033
D/InputReader(  753): VirtualKeys: Hit test (90, 1000): keyCode=82, scanCode=139, left=50, top=969, right=130, bottom=1033
D/InputReader(  753): VirtualKeys: Hit test (90, 1000): keyCode=4, scanCode=158, left=410, top=969, right=490, bottom=1033
D/InputReader(  753): VirtualKeys: Hit test (90, 1000): keyCode=82, scanCode=139, left=50, top=969, right=130, bottom=1033
D/InputReader(  753): VirtualKeys: Hit test (90, 1000): keyCode=4, scanCode=158, left=410, top=969, right=490, bottom=1033
D/InputReader(  753): VirtualKeys: Hit test (90, 1000): keyCode=82, scanCode=139, left=50, top=969, right=130, bottom=1033
D/InputReader(  753): VirtualKeys: Hit test (90, 1000): keyCode=4, scanCode=158, left=410, top=969, right=490, bottom=1033
D/InputReader(  753): VirtualKeys: Hit test (90, 1000): keyCode=82, scanCode=139, left=50, top=969, right=130, bottom=1033
D/InputReader(  753): VirtualKeys: Hit test (90, 1000): keyCode=4, scanCode=158, left=410, top=969, right=490, bottom=1033
D/InputReader(  753): VirtualKeys: Hit test (90, 1000): keyCode=82, scanCode=139, left=50, top=969, right=130, bottom=1033
E/GPSenseEngine( 1667): NcFix
D/InputReader(  753): VirtualKeys: Hit test (90, 1000): keyCode=4, scanCode=158, left=410, top=969, right=490, bottom=1033
D/InputReader(  753): VirtualKeys: Hit test (90, 1000): keyCode=82, scanCode=139, left=50, top=969, right=130, bottom=1033
D/InputReader(  753): VirtualKeys: Hit test (90, 1000): keyCode=4, scanCode=158, left=410, top=969, right=490, bottom=1033
D/InputReader(  753): VirtualKeys: Hit test (90, 1000): keyCode=82, scanCode=139, left=50, top=969, right=130, bottom=1033
D/InputReader(  753): VirtualKeys: Hit test (90, 1000): keyCode=4, scanCode=158, left=410, top=969, right=490, bottom=1033
D/InputReader(  753): VirtualKeys: Hit test (90, 1000): keyCode=82, scanCode=139, left=50, top=969, right=130, bottom=1033
D/InputReader(  753): VirtualKeys: Hit test (90, 1000): keyCode=4, scanCode=158, left=410, top=969, right=490, bottom=1033
D/InputReader(  753): VirtualKeys: Hit test (90, 1000): keyCode=82, scanCode=139, left=50, top=969, right=130, bottom=1033
D/InputReader(  753): VirtualKeys: Hit test (90, 1000): keyCode=4, scanCode=158, left=410, top=969, right=490, bottom=1033
D/InputReader(  753): VirtualKeys: Hit test (90, 1000): keyCode=82, scanCode=139, left=50, top=969, right=130, bottom=1033
D/InputReader(  753): VirtualKeys: Hit test (90, 1000): keyCode=4, scanCode=158, left=410, top=969, right=490, bottom=1033
D/InputReader(  753): VirtualKeys: Hit test (90, 1000): keyCode=82, scanCode=139, left=50, top=969, right=130, bottom=1033
D/InputReader(  753): VirtualKeys: Hit test (90, 1000): keyCode=4, scanCode=158, left=410, top=969, right=490, bottom=1033
D/InputReader(  753): VirtualKeys: Hit test (90, 1000): keyCode=82, scanCode=139, left=50, top=969, right=130, bottom=1033
D/InputReader(  753): VirtualKeys: Hit test (90, 1000): keyCode=4, scanCode=158, left=410, top=969, right=490, bottom=1033
D/InputReader(  753): VirtualKeys: Hit test (90, 1000): keyCode=82, scanCode=139, left=50, top=969, right=130, bottom=1033
D/InputReader(  753): VirtualKeys: Hit test (90, 1000): keyCode=4, scanCode=158, left=410, top=969, right=490, bottom=1033
D/InputReader(  753): VirtualKeys: Hit test (90, 1000): keyCode=82, scanCode=139, left=50, top=969, right=130, bottom=1033
D/InputReader(  753): VirtualKeys: Hit test (90, 1000): keyCode=4, scanCode=158, left=410, top=969, right=490, bottom=1033
D/InputReader(  753): VirtualKeys: Hit test (90, 1000): keyCode=82, scanCode=139, left=50, top=969, right=130, bottom=1033
D/InputReader(  753): VirtualKeys: Hit test (90, 1000): keyCode=4, scanCode=158, left=410, top=969, right=490, bottom=1033
D/InputReader(  753): VirtualKeys: Hit test (90, 1000): keyCode=82, scanCode=139, left=50, top=969, right=130, bottom=1033
D/InputReader(  753): VirtualKeys: Hit test (90, 1000): keyCode=4, scanCode=158, left=410, top=969, right=490, bottom=1033
D/InputReader(  753): VirtualKeys: Hit test (90, 1000): keyCode=82, scanCode=139, left=50, top=969, right=130, bottom=1033
D/InputReader(  753): VirtualKeys: Hit test (90, 1000): keyCode=4, scanCode=158, left=410, top=969, right=490, bottom=1033
D/InputReader(  753): VirtualKeys: Hit test (90, 1000): keyCode=82, scanCode=139, left=50, top=969, right=130, bottom=1033
D/InputReader(  753): VirtualKeys: Hit test (90, 1000): keyCode=4, scanCode=158, left=410, top=969, right=490, bottom=1033
D/InputReader(  753): VirtualKeys: Hit test (90, 1000): keyCode=82, scanCode=139, left=50, top=969, right=130, bottom=1033
D/InputReader(  753): VirtualKeys: Hit test (90, 1000): keyCode=4, scanCode=158, left=410, top=969, right=490, bottom=1033
D/InputReader(  753): VirtualKeys: Hit test (90, 1000): keyCode=82, scanCode=139, left=50, top=969, right=130, bottom=1033
D/InputReader(  753): VirtualKeys: Hit test (90, 1000): keyCode=4, scanCode=158, left=410, top=969, right=490, bottom=1033
D/InputReader(  753): VirtualKeys: Hit test (90, 1000): keyCode=82, scanCode=139, left=50, top=969, right=130, bottom=1033
D/InputReader(  753): VirtualKeys: Hit test (90, 1000): keyCode=4, scanCode=158, left=410, top=969, right=490, bottom=1033
