D/InputReader(  753): VirtualKeys: Hit test (90, 1000): keyCode=82, scanCode=139, left=50, top=969, right=130, bottom=1033
D/InputReader(  753): VirtualKeys: Hit test (90, 1000): keyCode=4, scanCode=158, left=410, top=969, right=490, bottom=1033
D/InputReader(  753): VirtualKeys: Hit test (90, 1000): keyCode=82, scanCode=139, left=50, top=969, right=130, bottom=1033
D/InputReader(  753): VirtualKeys: Hit test (90, 1000): keyCode=4, scanCode=158, left=410, top=969, right=490, bottom=1033
D/InputReader(  753): VirtualKeys: Hit test (90, 1000): keyCode=82, scanCode=139, left=50, top=969, right=130, bottom=1033
D/InputReader(  753): VirtualKeys: Hit test (90, 1000): keyCode=4, scanCode=158, left=410, top=969, right=490, bottom=1033
D/InputReader(  753): VirtualKeys: Hit test (90, 1000): keyCode=82, scanCode=139, left=50, top=969, right=130, bottom=1033
D/BatteryMeterView(  847): TimerTask :run --level = 79
D/BatteryMeterView(  847): handleMessage
D/BatteryMeterView(  847): TimerTask :run --level = 79
D/BatteryMeterView(  847): handleMessage
D/WindowManager(  753): interceptKeyTq keycode=82 interactive=true keyguardActive=false policyFlags=22000002
D/gongpc  (  753): enter GESTURE222222!!!mIsGestureSupport:  false
D/WindowManager(  753): interceptKeyTi keyCode=82 down=false repeatCount=0 keyguardOn=false mHomePressed=false canceled=false
I/ViewRootImpl(  753): skip IME as no InputMethod keycode=82, action=1
D/BatteryMeterView(  847): TimerTask :run --level = 79
D/BatteryMeterView(  847): handleMessage
D/GPSenseEngine( 1667): EPH sow 301241:--AS:
D/GPSenseEngine( 1667): CheckState[status:2][bOff:0][Used:0]
D/LIBGPS  (  753): in RMC, fixStatus=V
D/LIBGPS  (  753): set SVINFO_GOT_SV_INFO_FLAG 
D/LIBGPS  (  753): SVinfo flag =2, svstatus size =660, numsvs =0
E/GPSenseEngine( 1667): NcFix
D/phoneserver(  205): Receive thread's TID [236] CHNMNG:readline pread= 0xb6f5b6d4,count=15
D/phoneserver(  205): Receive thread's TID [236] CHMNG:  receive data thread :mux=/dev/stty_w0:input:+CSQ: 16,99
D/phoneserver(  205): Receive thread's TID [236] MUX :/dev/stty_w0 Waiting for resp  
D/SignalStrengthUtilsSprd(  753): processLteLevel: empty method
D/wpa_supplicant(  846): wlan0: Control interface command 'SIGNAL_POLL'
D/BatteryMeterView(  847): TimerTask :run --level = 99
D/BatteryMeterView(  847): handleMessage
D/BatteryMeterView(  847): TimerTask :run --level = 99
D/BatteryMeterView(  847): handleMessage
D/BatteryMeterView(  847): TimerTask :run --level = 99
D/BatteryMeterView(  847): handleMessage
D/gralloc.sc8830(  183): fb_post fps = 1.002785
E/GPSenseEngine( 1667): NcFix
D/GPSenseEngine( 1667): EPH sow 301242:--AS:
D/GPSenseEngine( 1667): CheckState[status:2][bOff:0][Used:0]
D/LIBGPS  (  753): in RMC, fixStatus=V
D/LIBGPS  (  753): set SVINFO_GOT_SV_INFO_FLAG 
D/LIBGPS  (  753): SVinfo flag =2, svstatus size =660, numsvs =0
D/InputDispatcher(  753): *****SPRD**********notifyMotion - eventTime=7323314665000, deviceId=3, source=0x1002, policyFlags=0x0, action=0x0, flags=0x0, metaState=0x0, buttonState=0x0, edgeFlags=0x0, xPrecision=1.001852, yPrecision=1.001042, downTime=7323314665000
D/InputDispatcher(  753): *****SPRD**********startDispatchCycleLocked  TYPE_MOTION start,channel '1049b45b Application Error: com.indusos.batterysaver (server)'
D/InputDispatcher(  753): *****SPRD**********startDispatchCycleLocked  TYPE_MOTION start,channel 'WindowManager (server)'
I/InputDispatcher(  753): *****SPRD**********TYPE_MOTION doDispatchCycleFinishedLockedInterruptibleWindow 'Window{1049b45b u0 Application Error: com.indusos.batterysaver}' spent 0.9ms processing the last input event: MotionEvent(deviceId=3, source=0x00001002, action=1, flags=0x00000000, metaState=0x00000000, buttonState=0x00000000, edgeFlags=0x00000000, xPrecision=1.0, yPrecision=1.0, displayId=0, pointers=[0: (445.2, 551.4)]), policyFlags=0x62000000
I/Process (14804): Sending signal. PID: 14804 SIG: 9
D/WindowManager(  753): Input focus has changed to Window{3627350e u0 com.android.settings/com.sprd.settings.SprdUsbSettings}
D/InputDispatcher(  753): Focus left window: Window{1049b45b u0 Application Error: com.indusos.batterysaver}
D/InputDispatcher(  753): Focus entered window: Window{3627350e u0 com.android.settings/com.sprd.settings.SprdUsbSettings}
D/InputDispatcher(  753): Window went away: Window{1049b45b u0 Application Error: com.indusos.batterysaver}
D/BarController.StatusBar(  753): setBarShowingLw state. show = true
W/InputMethodManagerService(  753): Window already focused, ignoring focus gain of: com.android.internal.view.IInputMethodClient$Stub$Proxy@94d005c attribute=null, token = android.os.BinderProxy@32c16f09
D/WifiService(  753): Client connection lost with reason: 4
I/ActivityManager(  753): Process com.indusos.batterysaver (pid 14804) has died
D/BroadcastQueue(  753): Finished with ordered broadcast BroadcastRecord{34c5c82e u-1 android.net.wifi.SCAN_RESULTS}, [background], remain = 3
E/GPSenseEngine( 1667): ncfixInfoIndex = 7 / 1998
E/GPSenseEngine( 1667): ====>>>>cgdriver request:CGX_IOCTL_RESET ret = 0
E/GPSenseEngine( 1667): ====>>>>cgdriver request:CGX_IOCTL_READ_SYS_REG ret = -3
D/BroadcastQueue(  753): Finished with ordered broadcast BroadcastRecord{63e342c u0 null}, [background], remain = 2
D/GPSenseEngine( 1667): FmRequestSnap[type:0][ChosenSnap:11]
E/GPSenseEngine( 1667): ====>>>>cgdriver request:CGX_IOCTL_PREPARE_RECEIVE ret = 0
D/BroadcastQueue(  753): Finished with ordered broadcast BroadcastRecord{2a99f48a u0 null}, [background], remain = 1
D/PowerManagerService(  753): acquireWakeLockInternal: lock=866449643, flags=0x1, tag="NlpWakeLock", ws=WorkSource{10062 com.mofirst.launcher}, uid=10043, pid=1323
E/WifiStateMachine(  753): WifiStateMachine CMD_START_SCAN source 10043 txSuccessRate=2.57 rxSuccessRate=2.58 targetRoamBSSID=any RSSI=-53
W/AlarmManagerService(  753): set alarm : 7328.573000000
D/wpa_supplicant(  846): wlan0: Control interface command 'SCAN TYPE=ONLY'
D/wpa_supplicant(  846): wlan0: Setting scan request: 0.000000 sec
D/wpa_supplicant(  846): wlan0: Starting AP scan for wildcard SSID
D/wpa_supplicant(  846): wlan0: Add radio work 'scan'@0xb6038218
D/wpa_supplicant(  846): wlan0: First radio work item in the queue - schedule start immediately
D/wpa_supplicant(  846): wlan0: Starting radio work 'scan'@0xb6038218 after 0.000031 second wait
D/wpa_supplicant(  846): wlan0: nl80211: scan request
D/wpa_supplicant(  846): nl80211: Scan SSID - hexdump(len=0): [NULL]
D/wpa_supplicant(  846): Scan requested (ret=0) - scan timeout 30 seconds
D/wpa_supplicant(  846): nl80211: Event message available
D/wpa_supplicant(  846): nl80211: Drv Event 33 (NL80211_CMD_TRIGGER_SCAN) received for wlan0
D/wpa_supplicant(  846): wlan0: nl80211: Scan trigger
D/wpa_supplicant(  846): wlan0: Event SCAN_STARTED (49) received
D/wpa_supplicant(  846): wlan0: Own scan request started a scan in 0.000152 seconds
D/wpa_supplicant(  846): CTRL_IFACE monitor sent successfully to /data/misc/wifi/sockets/wpa_ctrl_753-2\x00
D/WifiService(  753): acquireWifiLockLocked: WifiLock{NlpWifiLock type=2 binder=android.os.BinderProxy@31d7c648}
D/AlarmManager(  753): setImpl() action = com.google.android.location.ALARM_WAKEUP_LOCATOR, component = null, type = 2, standalone=true, operation = PendingIntent{1af98ce1: PendingIntentRecord{33c68898 com.google.android.gms broadcastIntent}} tElapsed=7328573, maxElapsed=7328573, interval=0, when = 1519213231464, triggerTime = 2018-02-21 17:10:31
D/PowerManagerService(  753): releaseWakeLockInternal: lock=1010496464 [*alarm*], flags=0x0
D/BroadcastQueue(  753): Finished with ordered broadcast BroadcastRecord{2c89e7ad u0 com.google.android.location.ALARM_WAKEUP_LOCATOR}, [background], remain = 0
D/BarController.StatusBar(  753): setBarShowingLw state. show = true
D/BarController.StatusBar(  753): setBarShowingLw state. show = true
D/PowerManagerService(  753): acquireWakeLockInternal: lock=965366185, flags=0x1, tag="SprdRILJ", ws=null, uid=1001, pid=867
D/PowerManagerService(  753): releaseWakeLockInternal: lock=965366185 [SprdRILJ], flags=0x0
D/BarController.StatusBar(  753): setBarShowingLw state. show = true
E/WifiStateMachine(  753): WifiStateMachine CMD_START_SCAN source -2 txSuccessRate=2.79 rxSuccessRate=2.79 targetRoamBSSID=any RSSI=-53
D/wpa_supplicant(  846): wlan0: Control interface command 'SCAN TYPE=ONLY'
D/wpa_supplicant(  846): Ongoing scan action - reject new request
D/BatteryMeterView(  847): TimerTask :run --level = 39
D/BatteryMeterView(  847): handleMessage
D/BatteryMeterView(  847): TimerTask :run --level = 39
D/BatteryMeterView(  847): TimerTask :run --level = 39
D/BatteryMeterView(  847): handleMessage
D/BatteryMeterView(  847): handleMessage
E/GPSenseEngine( 1667): NcFix
D/GPSenseEngine( 1667): EPH sow 301243:--AS:
D/GPSenseEngine( 1667): CheckState[status:2][bOff:0][Used:0]
D/LIBGPS  (  753): in RMC, fixStatus=V
D/LIBGPS  (  753): set SVINFO_GOT_SV_INFO_FLAG 
D/LIBGPS  (  753): SVinfo flag =2, svstatus size =660, numsvs =0
D/wpa_supplicant(  846): nl80211: Event message available
D/wpa_supplicant(  846): nl80211: Drv Event 34 (NL80211_CMD_NEW_SCAN_RESULTS) received for wlan0
D/wpa_supplicant(  846): wlan0: nl80211: New scan results available
D/wpa_supplicant(  846): nl80211: Scan probed for SSID ''
D/wpa_supplicant(  846): nl80211: Scan included frequencies: 2412 2417 2422 2427 2432 2437 2442 2447 2452 2457 2462 2467 2472
D/wpa_supplicant(  846): wlan0: Event SCAN_RESULTS (3) received
D/wpa_supplicant(  846): wlan0: Scan completed in 0.551392 seconds
D/wpa_supplicant(  846): nl80211: Associated on 2412 MHz
D/wpa_supplicant(  846): nl80211: Associated with 00:1a:8c:a0:52:70
D/wpa_supplicant(  846): nl80211: Received scan results (18 BSSes)
D/wpa_supplicant(  846): nl80211: Scan results indicate BSS status with 00:1a:8c:a0:52:70 as associated
D/wpa_supplicant(  846): wlan0: BSS: Start scan result update 540
D/wpa_supplicant(  846): wlan0: BSS: Add new id 761 BSSID 00:1a:8c:a0:52:b3 SSID 'IndusWiFi'
D/wpa_supplicant(  846): CTRL_IFACE monitor sent successfully to /data/misc/wifi/sockets/wpa_ctrl_753-2\x00
D/wpa_supplicant(  846): wlan0: BSS: Add new id 762 BSSID 94:f6:65:ed:dd:d8 SSID 'Rubique1'
D/wpa_supplicant(  846): CTRL_IFACE monitor sent successfully to /data/misc/wifi/sockets/wpa_ctrl_753-2\x00
D/wpa_supplicant(  846): wlan0: BSS: Add new id 763 BSSID 94:f6:65:ef:51:a8 SSID 'Rubique1'
D/wpa_supplicant(  846): CTRL_IFACE monitor sent successfully to /data/misc/wifi/sockets/wpa_ctrl_753-2\x00
D/wpa_supplicant(  846): wlan0: BSS: Add new id 764 BSSID 94:f6:65:2f:51:a9 SSID 'Rubique2'
D/wpa_supplicant(  846): CTRL_IFACE monitor sent successfully to /data/misc/wifi/sockets/wpa_ctrl_753-2\x00
D/wpa_supplicant(  846): wlan0: BSS: Remove id 755 BSSID 74:26:ac:e4:8d:01 SSID 'AJ_TMZ' due to no match in scan
D/wpa_supplicant(  846): CTRL_IFACE monitor sent successfully to /data/misc/wifi/sockets/wpa_ctrl_753-2\x00
D/wpa_supplicant(  846): BSS: last_scan_res_used=18/32
D/wpa_supplicant(  846): wlan0: Scan-only results received
D/wpa_supplicant(  846): CTRL_IFACE monitor sent successfully to /data/misc/wifi/sockets/wpa_ctrl_753-2\x00
D/wpa_supplicant(  846): wlan0: Radio work 'scan'@0xb6038218 done in 0.553833 seconds
D/wpa_supplicant(  846): wlan0: Control interface command 'BSS RANGE=0- MASK=0x21987'
E/WifiStateMachine(  753): This time ScanResults size::21
W/AlarmManagerService(  753): set alarm : 7328.573000000
D/AlarmManager(  753): setImpl() action = null, component = ComponentInfo{com.mofirst.ime/co.tmobi.com.evernote.android.job.v14.PlatformAlarmReceiver}, type = 1, standalone=false, operation = PendingIntent{1c33ba06: PendingIntentRecord{2b5838c7 com.mofirst.ime broadcastIntent}} tElapsed=7333137, maxElapsed=7334137, interval=0, when = 1519213236030, triggerTime = 2018-02-21 17:10:36
W/AlarmManagerService(  753): set alarm : 7328.573000000
D/AlarmManager(  753): setImpl() action = null, component = ComponentInfo{com.mofirst.ime/co.tmobi.com.evernote.android.job.v14.PlatformAlarmReceiver}, type = 1, standalone=false, operation = PendingIntent{6c6fef4: PendingIntentRecord{2921161d com.mofirst.ime broadcastIntent}} tElapsed=7333155, maxElapsed=7334155, interval=0, when = 1519213236048, triggerTime = 2018-02-21 17:10:36
D/wpa_supplicant(  846): wlan0: Control interface command 'STATUS-NO_EVENTS'
D/BroadcastQueue(  753): Add broadcastBroadcastRecord{f417092 u-1 android.net.wifi.SCAN_RESULTS} into (background/order), now header = BroadcastRecord{f417092 u-1 android.net.wifi.SCAN_RESULTS}, size = 1
I/ActivityManager(  753): Start proc 17394:com.indusos.batterysaver/u0a125 for broadcast com.indusos.batterysaver/com.avast.android.batterysaver.connectivity.WifiScanAvailableReceiver
D/InputReader(  753): VirtualKeys: Hit test (450, 1000): keyCode=4, scanCode=158, left=410, top=969, right=490, bottom=1033
D/InputReader(  753): VirtualKeys: Generating key down: keyCode=4, scanCode=158
D/InputDispatcher(  753): *****SPRD**********InputDispatcher -> NotifyKey start
D/WindowManager(  753): interceptKeyTq keycode=4 interactive=true keyguardActive=false policyFlags=22000002
D/gongpc  (  753): enter GESTURE222222!!!mIsGestureSupport:  false
D/vibrate_test(  753): PhoneWindowManager---------hapticsDisabledfalse
V/vibrate_test(  753): VibratorService----startVibrationLocked----millis:966
D/InputDispatcher(  753): *****SPRD**********dispatchKeyLocked -eventTime=7324336577000, deviceId=3, source=0x101, policyFlags=0x62000002, action=0x0, flags=0x48, keyCode=0x4, scanCode=0x9e, metaState=0x0, repeatCount=0, downTime=7324336577000
D/InputDispatcher(  753): *****SPRD**********dispatchKeyLocked  : entry->interceptKeyResult  = 0,currentTime = 7324337736815,entry->interceptKeyWakeupTime = 0,nextWakeupTime = 2737667352
D/WindowManager(  753): interceptKeyTi keyCode=4 down=true repeatCount=0 keyguardOn=false mHomePressed=false canceled=false
D/LIGHTS  (  753): file:vendor/sprd/open-source/libs/liblights/lights.c, func:set_light_buttons, on=16777215
D/InputDispatcher(  753): *****SPRD**********startDispatchCycleLocked  TYPE_KEY start,channel '3627350e com.android.settings/com.sprd.settings.SprdUsbSettings (server)'
D/InputDispatcher(  753): *****SPRD**********startDispatchCycleLocked  TYPE_KEY start,channel 'WindowManager (server)'
D/InputReader(  753): VirtualKeys: Hit test (450, 1000): keyCode=4, scanCode=158, left=410, top=969, right=490, bottom=1033
D/PowerManagerService(  753): scheduleButtonTimeout
D/PowerManagerService(  753): mButtonOffTimeoutSetting = 1500
D/DisplayPowerController(  753): timeout = 1500
D/DisplayPowerController(  753): scheduleButtonTimeout
D/DisplayPowerState(  753): scheduleButtonTimeout buttontimeout == 1500
I/InputDispatcher(  753): *****SPRD**********TYPE_KEY doDispatchCycleFinishedLockedInterruptible Window 'Window{3627350e u0 com.android.settings/com.sprd.settings.SprdUsbSettings}' spent 9.8ms processing the last input event: KeyEvent(deviceId=3, source=0x00000101, action=0, flags=0x00000048, keyCode=4, scanCode=158, metaState=0x00000000, repeatCount=0), policyFlags=0x62000002
D/InputReader(  753): VirtualKeys: Hit test (450, 1000): keyCode=4, scanCode=158, left=410, top=969, right=490, bottom=1033
D/InputReader(  753): VirtualKeys: Hit test (450, 1000): keyCode=4, scanCode=158, left=410, top=969, right=490, bottom=1033
D/InputReader(  753): VirtualKeys: Hit test (450, 1000): keyCode=4, scanCode=158, left=410, top=969, right=490, bottom=1033
D/InputReader(  753): VirtualKeys: Hit test (450, 1000): keyCode=4, scanCode=158, left=410, top=969, right=490, bottom=1033
D/PowerManagerService(  753): acquireWakeLockInternal: lock=303405667, flags=0x1, tag="NlpWakeLock", ws=WorkSource{10102 com.indusos.launcher}, uid=10043, pid=1323
D/PowerManagerService(  753): releaseWakeLockInternal: lock=303405667 [NlpWakeLock], flags=0x0
D/InputReader(  753): VirtualKeys: Hit test (450, 1000): keyCode=4, scanCode=158, left=410, top=969, right=490, bottom=1033
D/PowerManagerService(  753): acquireWakeLockInternal: lock=332338784, flags=0x1, tag="NlpWakeLock", ws=WorkSource{10043 com.google.android.gms}, uid=10043, pid=1323
D/InputReader(  753): VirtualKeys: Hit test (450, 1000): keyCode=4, scanCode=158, left=410, top=969, right=490, bottom=1033
D/PowerManagerService(  753): acquireWakeLockInternal: lock=910030617, flags=0x1, tag="GCoreFlp", ws=WorkSource{10043 com.google.android.gms}, uid=10043, pid=1323
D/PowerManagerService(  753): releaseWakeLockInternal: lock=332338784 [NlpWakeLock], flags=0x0
D/PowerManagerService(  753): acquireWakeLockInternal: lock=805438430, flags=0x1, tag="NlpWakeLock", ws=WorkSource{10062 com.mofirst.launcher}, uid=10043, pid=1323
D/PowerManagerService(  753): releaseWakeLockInternal: lock=910030617 [GCoreFlp], flags=0x0
D/InputReader(  753): VirtualKeys: Hit test (450, 1000): keyCode=4, scanCode=158, left=410, top=969, right=490, bottom=1033
D/PowerManagerService(  753): acquireWakeLockInternal: lock=700283327, flags=0x1, tag="GCoreFlp", ws=WorkSource{10102 com.indusos.launcher}, uid=10043, pid=1323
D/PowerManagerService(  753): acquireWakeLockInternal: lock=696203404, flags=0x1, tag="GCoreFlp", ws=WorkSource{10043 com.google.android.gms}, uid=10043, pid=1323
D/PowerManagerService(  753): acquireWakeLockInternal: lock=917367765, flags=0x1, tag="GCoreFlp", ws=WorkSource{10043 com.google.android.gms}, uid=10043, pid=1323
D/InputReader(  753): VirtualKeys: Hit test (450, 1000): keyCode=4, scanCode=158, left=410, top=969, right=490, bottom=1033
D/PowerManagerService(  753): acquireWakeLockInternal: lock=27688938, flags=0x1, tag="CMWakeLock", ws=WorkSource{10043 com.google.android.gms}, uid=10043, pid=1323
W/AlarmManagerService(  753): set alarm : 7333.137000000
W/AlarmManagerService(  753): set alarm : 7333.155000000
W/AlarmManagerService(  753): set alarm : 7333.155000000
W/AlarmManagerService(  753): set alarm : 7333.155000000
W/AlarmManagerService(  753): set alarm : 7324.354000000
W/AlarmManagerService(  753): set alarm : 7324.354000000
W/AlarmManagerService(  753): set alarm : 7324.354000000
W/AlarmManagerService(  753): set alarm : 7324.354000000
W/AlarmManagerService(  753): set alarm : 7324.354000000
W/AlarmManagerService(  753): set alarm : 7324.354000000
W/AlarmManagerService(  753): set alarm : 7324.354000000
W/AlarmManagerService(  753): set alarm : 7324.354000000
W/AlarmManagerService(  753): set alarm : 7324.354000000
W/AlarmManagerService(  753): set alarm : 7324.354000000
W/AlarmManagerService(  753): set alarm : 7324.354000000
W/AlarmManagerService(  753): set alarm : 7324.354000000
W/AlarmManagerService(  753): set alarm : 7324.354000000
W/AlarmManagerService(  753): set alarm : 7324.354000000
W/AlarmManagerService(  753): set alarm : 7324.354000000
W/AlarmManagerService(  753): set alarm : 7324.354000000
W/AlarmManagerService(  753): set alarm : 7324.354000000
D/WindowManager(  753): interceptKeyTq keycode=4 interactive=true keyguardActive=false policyFlags=22000002
D/gongpc  (  753): enter GESTURE222222!!!mIsGestureSupport:  false
D/WindowManager(  753): interceptKeyTi keyCode=4 down=false repeatCount=0 keyguardOn=false mHomePressed=false canceled=false
W/AlarmManagerService(  753): set alarm : 7324.354000000
W/AlarmManagerService(  753): set alarm : 7324.354000000
W/AlarmManagerService(  753): set alarm : 7324.354000000
W/AlarmManagerService(  753): set alarm : 7324.354000000
W/AlarmManagerService(  753): set alarm : 7324.354000000
D/PowerManagerService(  753): releaseWakeLockInternal: lock=805438430 [NlpWakeLock], flags=0x0
D/AlarmManager(  753): setImpl() action = com.google.android.location.ALARM_WAKEUP_LOCATOR, component = null, type = 2, standalone=false, operation = PendingIntent{7d9f2db: PendingIntentRecord{33c68898 com.google.android.gms broadcastIntent}} tElapsed=7343571, maxElapsed=7346071, interval=0, when = 1519213246464, triggerTime = 2018-02-21 17:10:46
D/AlarmManager(  753): waitForAlarm result:4
D/PowerManagerService(  753): scheduleButtonTimeout
D/PowerManagerService(  753): mButtonOffTimeoutSetting = 1500
D/DisplayPowerController(  753): timeout = 1500
D/DisplayPowerController(  753): scheduleButtonTimeout
D/DisplayPowerState(  753): scheduleButtonTimeout buttontimeout == 1500
W/AlarmManagerService(  753): set alarm : 7324.354000000
W/AlarmManagerService(  753): set alarm : 7324.354000000
W/AlarmManagerService(  753): set alarm : 7324.354000000
W/AlarmManagerService(  753): set alarm : 7324.354000000
W/AlarmManagerService(  753): set alarm : 7324.354000000
W/AlarmManagerService(  753): set alarm : 7324.354000000
W/AlarmManagerService(  753): set alarm : 7324.354000000
W/AlarmManagerService(  753): set alarm : 7324.354000000
W/AlarmManagerService(  753): set alarm : 7324.354000000
W/AlarmManagerService(  753): set alarm : 7324.354000000
W/AlarmManagerService(  753): set alarm : 7324.354000000
W/AlarmManagerService(  753): set alarm : 7324.354000000
W/AlarmManagerService(  753): set alarm : 7324.354000000
W/AlarmManagerService(  753): set alarm : 7324.354000000
W/AlarmManagerService(  753): set alarm : 7324.354000000
W/AlarmManagerService(  753): set alarm : 7324.354000000
W/AlarmManagerService(  753): set alarm : 7324.354000000
W/AlarmManagerService(  753): set alarm : 7324.354000000
W/AlarmManagerService(  753): set alarm : 7324.354000000
W/AlarmManagerService(  753): set alarm : 7324.354000000
W/AlarmManagerService(  753): set alarm : 7324.354000000
W/AlarmManagerService(  753): set alarm : 7324.354000000
W/AlarmManagerService(  753): set alarm : 7324.354000000
W/AlarmManagerService(  753): set alarm : 7324.354000000
W/AlarmManagerService(  753): set alarm : 7324.354000000
W/AlarmManagerService(  753): set alarm : 7324.354000000
W/AlarmManagerService(  753): set alarm : 7324.354000000
W/AlarmManagerService(  753): set alarm : 7324.354000000
W/AlarmManagerService(  753): set alarm : 7324.354000000
W/AlarmManagerService(  753): set alarm : 7324.354000000
W/AlarmManagerService(  753): set alarm : 7324.354000000
W/AlarmManagerService(  753): set alarm : 7324.354000000
W/AlarmManagerService(  753): set alarm : 7324.354000000
W/AlarmManagerService(  753): set alarm : 7324.354000000
W/AlarmManagerService(  753): set alarm : 7324.354000000
W/AlarmManagerService(  753): set alarm : 7324.354000000
W/AlarmManagerService(  753): set alarm : 7324.354000000
W/AlarmManagerService(  753): set alarm : 7324.354000000
W/AlarmManagerService(  753): set alarm : 7324.354000000
W/AlarmManagerService(  753): set alarm : 7324.354000000
W/AlarmManagerService(  753): set alarm : 7324.354000000
W/AlarmManagerService(  753): set alarm : 7324.354000000
W/AlarmManagerService(  753): set alarm : 7324.354000000
D/PowerManagerService(  753): releaseWakeLockInternal: lock=27688938 [CMWakeLock], flags=0x0
W/AlarmManagerService(  753): set alarm : 7324.354000000
W/AlarmManagerService(  753): set alarm : 7324.354000000
W/AlarmManagerService(  753): set alarm : 7324.354000000
W/AlarmManagerService(  753): set alarm : 7324.354000000
W/AlarmManagerService(  753): set alarm : 7324.354000000
W/AlarmManagerService(  753): set alarm : 7324.354000000
W/AlarmManagerService(  753): set alarm : 7324.354000000
W/AlarmManagerService(  753): set alarm : 7324.354000000
W/AlarmManagerService(  753): set alarm : 7324.354000000
W/AlarmManagerService(  753): set alarm : 7324.354000000
W/AlarmManagerService(  753): set alarm : 7324.354000000
W/AlarmManagerService(  753): set alarm : 7324.354000000
W/AlarmManagerService(  753): set alarm : 7324.354000000
W/AlarmManagerService(  753): set alarm : 7324.354000000
D/LIBGPS  (  753): gps_inject_location enter
W/AlarmManagerService(  753): set alarm : 7324.354000000
W/AlarmManagerService(  753): set alarm : 7324.354000000
W/AlarmManagerService(  753): set alarm : 7324.354000000
W/AlarmManagerService(  753): set alarm : 7324.354000000
D/PowerManagerService(  753): acquireWakeLockInternal: lock=883056213, flags=0x1, tag="LocationManagerService", ws=WorkSource{1000 android}, uid=1000, pid=753
D/WindowManager(  753): Pausing WindowToken AppWindowToken{16e1880 token=Token{11e4d103 ActivityRecord{2cc6ddb2 u0 com.android.settings/com.sprd.settings.SprdUsbSettings t19851}}}
D/BarController.StatusBar(  753): setBarShowingLw state. show = true
D/PowerManagerService(  753): acquireWakeLockInternal: lock=855501147, flags=0x1, tag="LocationManagerService", ws=WorkSource{10043 com.google.android.gms}, uid=1000, pid=753
D/PowerManagerService(  753): acquireWakeLockInternal: lock=36159543, flags=0x1, tag="LocationManagerService", ws=WorkSource{10043 com.google.android.gms}, uid=1000, pid=753
D/PowerManagerService(  753): releaseWakeLockInternal: lock=36159543 [LocationManagerService], flags=0x0
D/PowerManagerService(  753): releaseWakeLockInternal: lock=883056213 [LocationManagerService], flags=0x0
W/AlarmManagerService(  753): set alarm : 7324.354000000
W/AlarmManagerService(  753): set alarm : 7324.354000000
W/AlarmManagerService(  753): set alarm : 7324.354000000
W/AlarmManagerService(  753): set alarm : 7324.354000000
W/AlarmManagerService(  753): set alarm : 7324.354000000
W/AlarmManagerService(  753): set alarm : 7324.354000000
W/AlarmManagerService(  753): set alarm : 7324.354000000
W/AlarmManagerService(  753): set alarm : 7324.354000000
W/AlarmManagerService(  753): set alarm : 7324.354000000
W/AlarmManagerService(  753): set alarm : 7324.354000000
W/AlarmManagerService(  753): set alarm : 7324.354000000
W/AlarmManagerService(  753): set alarm : 7324.354000000
W/AlarmManagerService(  753): set alarm : 7324.354000000
W/AlarmManagerService(  753): set alarm : 7324.354000000
W/AlarmManagerService(  753): set alarm : 7324.354000000
W/AlarmManagerService(  753): set alarm : 7324.354000000
W/AlarmManagerService(  753): set alarm : 7324.354000000
W/AlarmManagerService(  753): set alarm : 7324.354000000
W/AlarmManagerService(  753): set alarm : 7324.354000000
W/AlarmManagerService(  753): set alarm : 7324.354000000
W/AlarmManagerService(  753): set alarm : 7324.354000000
W/AlarmManagerService(  753): set alarm : 7324.354000000
W/AlarmManagerService(  753): set alarm : 7324.354000000
W/AlarmManagerService(  753): set alarm : 7324.354000000
W/AlarmManagerService(  753): set alarm : 7324.354000000
W/AlarmManagerService(  753): set alarm : 7324.354000000
W/AlarmManagerService(  753): set alarm : 7324.354000000
W/AlarmManagerService(  753): set alarm : 7324.354000000
W/AlarmManagerService(  753): set alarm : 7324.354000000
W/AlarmManagerService(  753): set alarm : 7324.354000000
W/AlarmManagerService(  753): set alarm : 7324.354000000
W/AlarmManagerService(  753): set alarm : 7324.354000000
W/AlarmManagerService(  753): set alarm : 7324.354000000
W/AlarmManagerService(  753): set alarm : 7324.354000000
W/AlarmManagerService(  753): set alarm : 7324.354000000
W/AlarmManagerService(  753): set alarm : 7324.354000000
W/AlarmManagerService(  753): set alarm : 7324.354000000
W/AlarmManagerService(  753): set alarm : 7324.354000000
W/AlarmManagerService(  753): set alarm : 7324.354000000
W/AlarmManagerService(  753): set alarm : 7324.354000000
W/AlarmManagerService(  753): set alarm : 7324.354000000
W/AlarmManagerService(  753): set alarm : 7324.354000000
W/AlarmManagerService(  753): set alarm : 7324.354000000
W/AlarmManagerService(  753): set alarm : 7324.354000000
W/AlarmManagerService(  753): set alarm : 7324.354000000
W/AlarmManagerService(  753): set alarm : 7324.354000000
W/AlarmManagerService(  753): set alarm : 7324.354000000
W/AlarmManagerService(  753): set alarm : 7324.354000000
W/AlarmManagerService(  753): set alarm : 7324.354000000
W/AlarmManagerService(  753): set alarm : 7324.354000000
W/AlarmManagerService(  753): set alarm : 7324.354000000
W/AlarmManagerService(  753): set alarm : 7324.354000000
W/AlarmManagerService(  753): set alarm : 7324.354000000
W/AlarmManagerService(  753): set alarm : 7324.354000000
W/AlarmManagerService(  753): set alarm : 7324.354000000
W/AlarmManagerService(  753): set alarm : 7324.354000000
W/AlarmManagerService(  753): set alarm : 7324.354000000
D/PowerManagerService(  753): acquireWakeLockInternal: lock=27688938, flags=0x1, tag="CMWakeLock", ws=WorkSource{10043 com.google.android.gms}, uid=10043, pid=1323
W/AlarmManagerService(  753): set alarm : 7324.354000000
W/AlarmManagerService(  753): set alarm : 7324.354000000
W/AlarmManagerService(  753): set alarm : 7324.354000000
W/AlarmManagerService(  753): set alarm : 7324.354000000
W/AlarmManagerService(  753): set alarm : 7324.354000000
W/AlarmManagerService(  753): set alarm : 7324.354000000
W/AlarmManagerService(  753): set alarm : 7324.354000000
W/AlarmManagerService(  753): set alarm : 7324.354000000
W/AlarmManagerService(  753): set alarm : 7324.354000000
W/AlarmManagerService(  753): set alarm : 7324.354000000
W/AlarmManagerService(  753): set alarm : 7324.354000000
W/AlarmManagerService(  753): set alarm : 7324.354000000
W/AlarmManagerService(  753): set alarm : 7324.354000000
W/AlarmManagerService(  753): set alarm : 7324.354000000
W/AlarmManagerService(  753): set alarm : 7324.354000000
W/AlarmManagerService(  753): set alarm : 7324.354000000
W/AlarmManagerService(  753): set alarm : 7324.354000000
W/AlarmManagerService(  753): set alarm : 7324.354000000
W/AlarmManagerService(  753): set alarm : 7324.354000000
W/AlarmManagerService(  753): set alarm : 7324.354000000
D/InputDispatcher(  753): mFocuseApplicationHandle change to:AppWindowToken{6683ade token=Token{200eaa19 ActivityRecord{276b560 u0 com.indusos.launcher/com.mofirst.launcher.Launcher t19832}}}
W/AlarmManagerService(  753): set alarm : 7324.354000000
W/AlarmManagerService(  753): set alarm : 7324.354000000
W/AlarmManagerService(  753): set alarm : 7324.354000000
D/InputDispatcher(  753): Focus left window: Window{3627350e u0 com.android.settings/com.sprd.settings.SprdUsbSettings}
W/AlarmManagerService(  753): set alarm : 7324.354000000
W/AlarmManagerService(  753): set alarm : 7324.354000000
W/AlarmManagerService(  753): set alarm : 7324.354000000
W/AlarmManagerService(  753): set alarm : 7324.354000000
W/AlarmManagerService(  753): set alarm : 7324.354000000
W/AlarmManagerService(  753): set alarm : 7324.354000000
W/AlarmManagerService(  753): set alarm : 7324.354000000
W/AlarmManagerService(  753): set alarm : 7324.354000000
W/AlarmManagerService(  753): set alarm : 7324.354000000
W/AlarmManagerService(  753): set alarm : 7324.354000000
W/AlarmManagerService(  753): set alarm : 7324.354000000
W/AlarmManagerService(  753): set alarm : 7324.354000000
W/AlarmManagerService(  753): set alarm : 7324.354000000
W/AlarmManagerService(  753): set alarm : 7324.354000000
W/AlarmManagerService(  753): set alarm : 7324.354000000
W/AlarmManagerService(  753): set alarm : 7324.354000000
W/AlarmManagerService(  753): set alarm : 7324.354000000
W/AlarmManagerService(  753): set alarm : 7324.354000000
D/ActivityManager(  753): setFocusedActivityLocked: r=ActivityRecord{276b560 u0 com.indusos.launcher/com.mofirst.launcher.Launcher t19832} Caller=com.android.server.am.ActivityStack.adjustFocusedActivityLocked:2494 com.android.server.am.ActivityStack.finishActivityLocked:2722 com.android.server.am.ActivityStack.requestFinishActivityLocked:2567 
D/WindowManager(  753): Input focus has changed to null
D/PowerManagerService(  753): releaseWakeLockInternal: lock=27688938 [CMWakeLock], flags=0x0
W/AlarmManagerService(  753): set alarm : 7324.354000000
W/AlarmManagerService(  753): set alarm : 7324.354000000
W/AlarmManagerService(  753): set alarm : 7324.354000000
W/AlarmManagerService(  753): set alarm : 7324.354000000
W/AlarmManagerService(  753): set alarm : 7324.354000000
W/AlarmManagerService(  753): set alarm : 7324.354000000
W/AlarmManagerService(  753): set alarm : 7324.354000000
W/AlarmManagerService(  753): set alarm : 7324.354000000
W/AlarmManagerService(  753): set alarm : 7324.354000000
W/AlarmManagerService(  753): set alarm : 7324.354000000
W/AlarmManagerService(  753): set alarm : 7324.354000000
W/AlarmManagerService(  753): set alarm : 7324.354000000
W/AlarmManagerService(  753): set alarm : 7324.354000000
W/AlarmManagerService(  753): set alarm : 7324.354000000
W/AlarmManagerService(  753): set alarm : 7324.354000000
W/AlarmManagerService(  753): set alarm : 7324.354000000
W/AlarmManagerService(  753): set alarm : 7324.354000000
W/AlarmManagerService(  753): set alarm : 7324.354000000
W/AlarmManagerService(  753): set alarm : 7324.354000000
W/AlarmManagerService(  753): set alarm : 7324.354000000
W/AlarmManagerService(  753): set alarm : 7324.354000000
W/AlarmManagerService(  753): set alarm : 7324.354000000
W/AlarmManagerService(  753): set alarm : 7324.354000000
W/AlarmManagerService(  753): set alarm : 7324.354000000
W/AlarmManagerService(  753): set alarm : 7324.354000000
W/AlarmManagerService(  753): set alarm : 7324.354000000
W/AlarmManagerService(  753): set alarm : 7324.354000000
W/AlarmManagerService(  753): set alarm : 7324.354000000
W/AlarmManagerService(  753): set alarm : 7324.354000000
W/AlarmManagerService(  753): set alarm : 7324.354000000
W/AlarmManagerService(  753): set alarm : 7324.354000000
W/AlarmManagerService(  753): set alarm : 7324.354000000
W/AlarmManagerService(  753): set alarm : 7324.354000000
W/AlarmManagerService(  753): set alarm : 7324.354000000
W/AlarmManagerService(  753): set alarm : 7324.354000000
W/AlarmManagerService(  753): set alarm : 7324.354000000
W/AlarmManagerService(  753): set alarm : 7324.354000000
W/AlarmManagerService(  753): set alarm : 7324.354000000
W/AlarmManagerService(  753): set alarm : 7324.354000000
W/AlarmManagerService(  753): set alarm : 7324.354000000
W/AlarmManagerService(  753): set alarm : 7324.354000000
W/AlarmManagerService(  753): set alarm : 7324.354000000
W/AlarmManagerService(  753): set alarm : 7324.354000000
W/AlarmManagerService(  753): set alarm : 7324.354000000
W/AlarmManagerService(  753): set alarm : 7324.354000000
W/AlarmManagerService(  753): set alarm : 7324.354000000
W/AlarmManagerService(  753): set alarm : 7324.354000000
D/Bitmap  (  753): recycle bitmap... mNativeBitmap = -1570609120 , Bitmap = android.graphics.Bitmap@1764b0b6
W/AlarmManagerService(  753): set alarm : 7324.354000000
W/AlarmManagerService(  753): set alarm : 7324.354000000
W/AlarmManagerService(  753): set alarm : 7324.354000000
W/AlarmManagerService(  753): set alarm : 7324.354000000
W/AlarmManagerService(  753): set alarm : 7324.354000000
W/AlarmManagerService(  753): set alarm : 7324.354000000
W/AlarmManagerService(  753): set alarm : 7324.354000000
W/AlarmManagerService(  753): set alarm : 7324.354000000
W/AlarmManagerService(  753): set alarm : 7324.354000000
W/AlarmManagerService(  753): set alarm : 7324.354000000
D/PowerManagerService(  753): acquireWakeLockInternal: lock=60643002, flags=0x1, tag="ActivityManager-Launch", ws=null, uid=1000, pid=753
W/AlarmManagerService(  753): set alarm : 7324.354000000
W/AlarmManagerService(  753): set alarm : 7324.354000000
W/AlarmManagerService(  753): set alarm : 7324.354000000
W/AlarmManagerService(  753): set alarm : 7324.354000000
W/AlarmManagerService(  753): set alarm : 7324.354000000
W/AlarmManagerService(  753): set alarm : 7324.354000000
W/AlarmManagerService(  753): set alarm : 7324.354000000
W/AlarmManagerService(  753): set alarm : 7324.354000000
W/AlarmManagerService(  753): set alarm : 7324.354000000
W/AlarmManagerService(  753): set alarm : 7324.354000000
W/AlarmManagerService(  753): set alarm : 7324.354000000
W/AlarmManagerService(  753): set alarm : 7324.354000000
W/AlarmManagerService(  753): set alarm : 7324.354000000
W/AlarmManagerService(  753): set alarm : 7324.354000000
W/AlarmManagerService(  753): set alarm : 7324.354000000
W/AlarmManagerService(  753): set alarm : 7324.354000000
W/AlarmManagerService(  753): set alarm : 7324.354000000
W/AlarmManagerService(  753): set alarm : 7324.354000000
D/InputReader(  753): VirtualKeys: Hit test (270, 1000): keyCode=4, scanCode=158, left=410, top=969, right=490, bottom=1033
D/InputReader(  753): VirtualKeys: Hit test (270, 1000): keyCode=82, scanCode=139, left=50, top=969, right=130, bottom=1033
D/InputReader(  753): VirtualKeys: Hit test (270, 1000): keyCode=3, scanCode=172, left=230, top=969, right=310, bottom=1033
D/InputReader(  753): VirtualKeys: Generating key down: keyCode=3, scanCode=172
W/AlarmManagerService(  753): set alarm : 7324.354000000
D/InputDispatcher(  753): *****SPRD**********InputDispatcher -> NotifyKey start
D/WindowManager(  753): interceptKeyTq keycode=3 interactive=true keyguardActive=false policyFlags=22000002
D/gongpc  (  753): enter GESTURE222222!!!mIsGestureSupport:  false
D/vibrate_test(  753): PhoneWindowManager---------hapticsDisabledfalse
W/AlarmManagerService(  753): set alarm : 7324.354000000
V/vibrate_test(  753): VibratorService----startVibrationLocked----millis:966
W/AlarmManagerService(  753): set alarm : 7324.354000000
D/InputDispatcher(  753): *****SPRD**********dispatchKeyLocked -eventTime=7324548430000, deviceId=3, source=0x101, policyFlags=0x62000002, action=0x0, flags=0x48, keyCode=0x3, scanCode=0xac, metaState=0x0, repeatCount=0, downTime=7324548430000
D/InputDispatcher(  753): *****SPRD**********dispatchKeyLocked  : entry->interceptKeyResult  = 0,currentTime = 7324551573485,entry->interceptKeyWakeupTime = 0,nextWakeupTime = 2737667352
D/WindowManager(  753): interceptKeyTi keyCode=3 down=true repeatCount=0 keyguardOn=false mHomePressed=false canceled=false
W/AlarmManagerService(  753): set alarm : 7324.354000000
W/AlarmManagerService(  753): set alarm : 7324.354000000
W/AlarmManagerService(  753): set alarm : 7324.354000000
W/AlarmManagerService(  753): set alarm : 7324.354000000
W/AlarmManagerService(  753): set alarm : 7324.354000000
W/AlarmManagerService(  753): set alarm : 7324.354000000
W/AlarmManagerService(  753): set alarm : 7324.354000000
W/AlarmManagerService(  753): set alarm : 7324.354000000
W/AlarmManagerService(  753): set alarm : 7329.978000000
W/AlarmManagerService(  753): set alarm : 7329.978000000
D/InputReader(  753): VirtualKeys: Hit test (270, 1000): keyCode=4, scanCode=158, left=410, top=969, right=490, bottom=1033
D/AlarmManager(  753): triggerList.size = 3, hasWakeup = true
D/AlarmManager(  753): sending alarm.type = 0, action = com.redbricklane.zaprSdkBase.services.zaprProcess.action.updateConfig, cn = ComponentInfo{com.mofirst.launcher/com.redbricklane.zaprSdkBase.services.zaprProcess.ConfigUpdateService}, operation = PendingIntent{c206867: PendingIntentRecord{30460614 com.mofirst.launcher startService}}
D/InputReader(  753): VirtualKeys: Hit test (270, 1000): keyCode=82, scanCode=139, left=50, top=969, right=130, bottom=1033
D/InputReader(  753): VirtualKeys: Hit test (270, 1000): keyCode=3, scanCode=172, left=230, top=969, right=310, bottom=1033
E/InputManager-JNI(  753): An exception was thrown by callback 'interceptKeyBeforeDispatching'.
D/InputReader(  753): VirtualKeys: Hit test (270, 1000): keyCode=4, scanCode=158, left=410, top=969, right=490, bottom=1033
D/InputReader(  753): VirtualKeys: Hit test (270, 1000): keyCode=82, scanCode=139, left=50, top=969, right=130, bottom=1033
D/InputReader(  753): VirtualKeys: Hit test (270, 1000): keyCode=3, scanCode=172, left=230, top=969, right=310, bottom=1033
W/System.err( 1323): java.lang.Exception: sprd
W/System.err( 1323): 	at android.database.AbstractCursor.<init>(AbstractCursor.java:185)
W/System.err( 1323): 	at android.database.AbstractWindowedCursor.<init>(AbstractWindowedCursor.java:36)
W/System.err( 1323): 	at android.database.sqlite.SQLiteCursor.<init>(SQLiteCursor.java:93)
W/System.err( 1323): 	at android.database.sqlite.SQLiteDirectCursorDriver.query(SQLiteDirectCursorDriver.java:50)
W/System.err( 1323): 	at android.database.sqlite.SQLiteDatabase.rawQueryWithFactory(SQLiteDatabase.java:1316)
W/System.err( 1323): 	at android.database.sqlite.SQLiteDatabase.queryWithFactory(SQLiteDatabase.java:1163)
W/System.err( 1323): 	at android.database.sqlite.SQLiteDatabase.query(SQLiteDatabase.java:1034)
W/System.err( 1323): 	at android.database.sqlite.SQLiteDatabase.query(SQLiteDatabase.java:1202)
W/System.err( 1323): 	at lqz.c(:com.google.android.gms@11975234:1)
W/System.err( 1323): 	at lqw.b(:com.google.android.gms@11975234:1)
W/System.err( 1323): 	at lqw.a(:com.google.android.gms@11975234:133)
W/System.err( 1323): 	at lqw.c(:com.google.android.gms@11975234)
W/System.err( 1323): 	at lpz.run(:com.google.android.gms@11975234:31)
W/System.err( 1323): 	at java.util.concurrent.Executors$RunnableAdapter.call(Executors.java:422)
W/System.err( 1323): 	at java.util.concurrent.FutureTask.run(FutureTask.java:237)
W/System.err( 1323): 	at mwh.run(:com.google.android.gms@11975234:26)
W/System.err( 1323): 	at java.util.concurrent.ThreadPoolExecutor.runWorker(ThreadPoolExecutor.java:1112)
W/System.err( 1323): 	at java.util.concurrent.ThreadPoolExecutor$Worker.run(ThreadPoolExecutor.java:587)
W/System.err( 1323): 	at nbq.run(:com.google.android.gms@11975234)
W/System.err( 1323): 	at java.lang.Thread.run(Thread.java:818)
E/Cursor  ( 1323): AbstractCursor mPos = -1 
E/Cursor  ( 1323): moveToFirst 
E/Cursor  ( 1323): moveToPosition position 0
E/Cursor  ( 1323): moveToPosition onMove mPos = position 
D/WifiService(  753): releaseWifiLockLocked: WifiLock{NlpWifiLock type=2 binder=android.os.BinderProxy@31d7c648}
D/PowerManagerService(  753): acquireWakeLockInternal: lock=1010496464, flags=0x1, tag="*alarm*", ws=WorkSource{10062}, uid=1000, pid=753
D/AlarmManager(  753): sending alarm.type = 2, action = io.wecloud.message.action.METHOD, cn = null, operation = PendingIntent{10ae86b: PendingIntentRecord{3adbc861 com.jb.zcamera broadcastIntent}}
D/InputReader(  753): VirtualKeys: Hit test (270, 1000): keyCode=4, scanCode=158, left=410, top=969, right=490, bottom=1033
D/InputReader(  753): VirtualKeys: Hit test (270, 1000): keyCode=82, scanCode=139, left=50, top=969, right=130, bottom=1033
D/InputReader(  753): VirtualKeys: Hit test (270, 1000): keyCode=3, scanCode=172, left=230, top=969, right=310, bottom=1033
W/AlarmManagerService(  753): set alarm : 7329.978000000
W/AlarmManagerService(  753): set alarm : 7329.978000000
W/AlarmManagerService(  753): set alarm : 7329.978000000
W/AlarmManagerService(  753): set alarm : 7329.978000000
W/AlarmManagerService(  753): set alarm : 7329.978000000
W/AlarmManagerService(  753): set alarm : 7329.978000000
W/AlarmManagerService(  753): set alarm : 7329.978000000
W/AlarmManagerService(  753): set alarm : 7329.978000000
W/AlarmManagerService(  753): set alarm : 7329.978000000
W/AlarmManagerService(  753): set alarm : 7329.978000000
W/AlarmManagerService(  753): set alarm : 7329.978000000
W/AlarmManagerService(  753): set alarm : 7329.978000000
W/AlarmManagerService(  753): set alarm : 7329.978000000
W/AlarmManagerService(  753): set alarm : 7329.978000000
W/AlarmManagerService(  753): set alarm : 7329.978000000
W/AlarmManagerService(  753): set alarm : 7329.978000000
W/AlarmManagerService(  753): set alarm : 7329.978000000
W/AlarmManagerService(  753): set alarm : 7329.978000000
W/AlarmManagerService(  753): set alarm : 7329.978000000
W/AlarmManagerService(  753): set alarm : 7329.978000000
W/AlarmManagerService(  753): set alarm : 7329.978000000
W/AlarmManagerService(  753): set alarm : 7329.978000000
W/AlarmManagerService(  753): set alarm : 7329.978000000
W/AlarmManagerService(  753): set alarm : 7329.978000000
W/AlarmManagerService(  753): set alarm : 7329.978000000
W/AlarmManagerService(  753): set alarm : 7329.978000000
W/AlarmManagerService(  753): set alarm : 7329.978000000
W/AlarmManagerService(  753): set alarm : 7329.978000000
W/AlarmManagerService(  753): set alarm : 7329.978000000
W/AlarmManagerService(  753): set alarm : 7329.978000000
W/AlarmManagerService(  753): set alarm : 7329.978000000
W/AlarmManagerService(  753): set alarm : 7329.978000000
W/AlarmManagerService(  753): set alarm : 7329.978000000
W/AlarmManagerService(  753): set alarm : 7329.978000000
W/AlarmManagerService(  753): set alarm : 7329.978000000
W/AlarmManagerService(  753): set alarm : 7329.978000000
W/AlarmManagerService(  753): set alarm : 7329.978000000
W/AlarmManagerService(  753): set alarm : 7329.978000000
W/AlarmManagerService(  753): set alarm : 7329.978000000
W/AlarmManagerService(  753): set alarm : 7329.978000000
W/AlarmManagerService(  753): set alarm : 7329.978000000
W/AlarmManagerService(  753): set alarm : 7329.978000000
W/AlarmManagerService(  753): set alarm : 7329.978000000
W/AlarmManagerService(  753): set alarm : 7329.978000000
W/AlarmManagerService(  753): set alarm : 7329.978000000
W/AlarmManagerService(  753): set alarm : 7329.978000000
W/AlarmManagerService(  753): set alarm : 7329.978000000
E/InputManager-JNI(  753): java.lang.NullPointerException: Attempt to read from field 'java.lang.String android.view.WindowManager$LayoutParams.packageName' on a null object reference
E/InputManager-JNI(  753): 	at com.android.internal.policy.impl.PhoneWindowManager.interceptKeyBeforeDispatching(PhoneWindowManager.java:2548)
E/InputManager-JNI(  753): 	at com.android.server.wm.InputMonitor.interceptKeyBeforeDispatching(InputMonitor.java:398)
E/InputManager-JNI(  753): 	at com.android.server.input.InputManagerService.interceptKeyBeforeDispatching(InputManagerService.java:1466)
W/AlarmManagerService(  753): set alarm : 7329.978000000
W/AlarmManagerService(  753): set alarm : 7329.978000000
W/AlarmManagerService(  753): set alarm : 7329.978000000
W/AlarmManagerService(  753): set alarm : 7329.978000000
W/AlarmManagerService(  753): set alarm : 7329.978000000
W/AlarmManagerService(  753): set alarm : 7329.978000000
W/AlarmManagerService(  753): set alarm : 7329.978000000
W/AlarmManagerService(  753): set alarm : 7329.978000000
W/AlarmManagerService(  753): set alarm : 7329.978000000
W/AlarmManagerService(  753): set alarm : 7329.978000000
W/AlarmManagerService(  753): set alarm : 7329.978000000
D/BroadcastQueue(  753): Add broadcastBroadcastRecord{30032242 u0 io.wecloud.message.action.METHOD} into (background/order), now header = BroadcastRecord{f417092 u-1 android.net.wifi.SCAN_RESULTS}, size = 2
D/PowerManagerService(  753): releaseWakeLockInternal: lock=866449643 [NlpWakeLock], flags=0x0
D/AlarmManager(  753): sending alarm.type = 1, action = null, cn = ComponentInfo{com.mofirst.ime/co.tmobi.com.evernote.android.job.v14.PlatformAlarmReceiver}, operation = PendingIntent{3ca8e781: PendingIntentRecord{193a1026 com.mofirst.ime broadcastIntent}}
D/BroadcastQueue(  753): Add broadcastBroadcastRecord{26d1e253 u0 null} into (background/order), now header = BroadcastRecord{f417092 u-1 android.net.wifi.SCAN_RESULTS}, size = 3
D/AlarmManager(  753): waitForAlarm result:4
D/BroadcastQueue(  753): Add broadcastBroadcastRecord{1984d790 u0 mofirst.location.PROVIDERS_CHANGED} into (background/order), now header = BroadcastRecord{f417092 u-1 android.net.wifi.SCAN_RESULTS}, size = 4
D/AlarmManager(  753): triggerList.size = 0, hasWakeup = false
W/AlarmManager(  753): triggerList.size = 0, just continue!!!
I/MultiDex(17394): VM with version 2.1.0 has multidex support
D/InputReader(  753): VirtualKeys: Hit test (270, 1000): keyCode=4, scanCode=158, left=410, top=969, right=490, bottom=1033
D/InputReader(  753): VirtualKeys: Hit test (270, 1000): keyCode=82, scanCode=139, left=50, top=969, right=130, bottom=1033
D/InputReader(  753): VirtualKeys: Hit test (270, 1000): keyCode=3, scanCode=172, left=230, top=969, right=310, bottom=1033
I/MultiDex(17394): install
I/MultiDex(17394): VM has multidex support, MultiDex support library is disabled.
D/InputReader(  753): VirtualKeys: Hit test (270, 1000): keyCode=4, scanCode=158, left=410, top=969, right=490, bottom=1033
D/InputReader(  753): VirtualKeys: Hit test (270, 1000): keyCode=82, scanCode=139, left=50, top=969, right=130, bottom=1033
D/InputReader(  753): VirtualKeys: Hit test (270, 1000): keyCode=3, scanCode=172, left=230, top=969, right=310, bottom=1033
D/InputReader(  753): VirtualKeys: Hit test (270, 1000): keyCode=4, scanCode=158, left=410, top=969, right=490, bottom=1033
D/InputReader(  753): VirtualKeys: Hit test (270, 1000): keyCode=82, scanCode=139, left=50, top=969, right=130, bottom=1033
D/InputReader(  753): VirtualKeys: Hit test (270, 1000): keyCode=3, scanCode=172, left=230, top=969, right=310, bottom=1033
D/InputReader(  753): VirtualKeys: Hit test (270, 1000): keyCode=4, scanCode=158, left=410, top=969, right=490, bottom=1033
D/InputReader(  753): VirtualKeys: Hit test (270, 1000): keyCode=82, scanCode=139, left=50, top=969, right=130, bottom=1033
D/InputReader(  753): VirtualKeys: Hit test (270, 1000): keyCode=3, scanCode=172, left=230, top=969, right=310, bottom=1033
D/InputReader(  753): VirtualKeys: Hit test (270, 1000): keyCode=4, scanCode=158, left=410, top=969, right=490, bottom=1033
D/InputReader(  753): VirtualKeys: Hit test (270, 1000): keyCode=82, scanCode=139, left=50, top=969, right=130, bottom=1033
D/InputReader(  753): VirtualKeys: Hit test (270, 1000): keyCode=3, scanCode=172, left=230, top=969, right=310, bottom=1033
D/InputReader(  753): VirtualKeys: Hit test (270, 1000): keyCode=4, scanCode=158, left=410, top=969, right=490, bottom=1033
D/InputReader(  753): VirtualKeys: Hit test (270, 1000): keyCode=82, scanCode=139, left=50, top=969, right=130, bottom=1033
