W/AlarmManagerService(  753): set alarm : 7279.863000000
W/AlarmManagerService(  753): set alarm : 7288.197000000
W/AlarmManagerService(  753): set alarm : 7279.863000000
W/AlarmManagerService(  753): set alarm : 7288.197000000
W/AlarmManagerService(  753): set alarm : 7279.863000000
W/AlarmManagerService(  753): set alarm : 7288.197000000
W/AlarmManagerService(  753): set alarm : 7279.863000000
W/AlarmManagerService(  753): set alarm : 7288.197000000
W/AlarmManagerService(  753): set alarm : 7279.863000000
W/AlarmManagerService(  753): set alarm : 7288.197000000
W/AlarmManagerService(  753): set alarm : 7279.863000000
W/AlarmManagerService(  753): set alarm : 7288.197000000
W/AlarmManagerService(  753): set alarm : 7279.863000000
W/AlarmManagerService(  753): set alarm : 7288.197000000
W/AlarmManagerService(  753): set alarm : 7279.863000000
W/AlarmManagerService(  753): set alarm : 7288.197000000
W/AlarmManagerService(  753): set alarm : 7279.863000000
W/AlarmManagerService(  753): set alarm : 7288.197000000
W/AlarmManagerService(  753): set alarm : 7279.863000000
W/AlarmManagerService(  753): set alarm : 7288.197000000
W/AlarmManagerService(  753): set alarm : 7279.863000000
W/AlarmManagerService(  753): set alarm : 7288.197000000
W/AlarmManagerService(  753): set alarm : 7279.863000000
W/AlarmManagerService(  753): set alarm : 7288.197000000
W/AlarmManagerService(  753): set alarm : 7279.863000000
W/AlarmManagerService(  753): set alarm : 7288.197000000
W/AlarmManagerService(  753): set alarm : 7279.863000000
W/AlarmManagerService(  753): set alarm : 7288.197000000
W/AlarmManagerService(  753): set alarm : 7279.863000000
W/AlarmManagerService(  753): set alarm : 7288.197000000
W/AlarmManagerService(  753): set alarm : 7279.863000000
W/AlarmManagerService(  753): set alarm : 7288.197000000
W/AlarmManagerService(  753): set alarm : 7279.863000000
W/AlarmManagerService(  753): set alarm : 7288.197000000
W/AlarmManagerService(  753): set alarm : 7279.863000000
W/AlarmManagerService(  753): set alarm : 7288.197000000
W/AlarmManagerService(  753): set alarm : 7279.863000000
W/AlarmManagerService(  753): set alarm : 7288.197000000
W/AlarmManagerService(  753): set alarm : 7279.863000000
W/AlarmManagerService(  753): set alarm : 7288.197000000
W/AlarmManagerService(  753): set alarm : 7279.863000000
W/AlarmManagerService(  753): set alarm : 7288.197000000
W/AlarmManagerService(  753): set alarm : 7279.863000000
W/AlarmManagerService(  753): set alarm : 7288.197000000
W/AlarmManagerService(  753): set alarm : 7279.863000000
W/AlarmManagerService(  753): set alarm : 7288.197000000
W/AlarmManagerService(  753): set alarm : 7279.863000000
W/AlarmManagerService(  753): set alarm : 7288.197000000
W/AlarmManagerService(  753): set alarm : 7279.863000000
W/AlarmManagerService(  753): set alarm : 7288.197000000
W/AlarmManagerService(  753): set alarm : 7279.863000000
W/AlarmManagerService(  753): set alarm : 7288.197000000
W/AlarmManagerService(  753): set alarm : 7279.863000000
W/AlarmManagerService(  753): set alarm : 7288.197000000
W/AlarmManagerService(  753): set alarm : 7279.863000000
W/AlarmManagerService(  753): set alarm : 7288.197000000
W/AlarmManagerService(  753): set alarm : 7279.863000000
W/AlarmManagerService(  753): set alarm : 7288.197000000
W/AlarmManagerService(  753): set alarm : 7279.863000000
W/AlarmManagerService(  753): set alarm : 7288.197000000
W/AlarmManagerService(  753): set alarm : 7279.863000000
W/AlarmManagerService(  753): set alarm : 7288.197000000
W/AlarmManagerService(  753): set alarm : 7279.863000000
W/AlarmManagerService(  753): set alarm : 7288.197000000
W/AlarmManagerService(  753): set alarm : 7279.863000000
W/AlarmManagerService(  753): set alarm : 7288.197000000
W/AlarmManagerService(  753): set alarm : 7279.863000000
W/AlarmManagerService(  753): set alarm : 7288.197000000
W/AlarmManagerService(  753): set alarm : 7279.863000000
W/AlarmManagerService(  753): set alarm : 7288.197000000
W/AlarmManagerService(  753): set alarm : 7279.863000000
W/AlarmManagerService(  753): set alarm : 7288.197000000
W/AlarmManagerService(  753): set alarm : 7279.863000000
W/AlarmManagerService(  753): set alarm : 7288.197000000
W/AlarmManagerService(  753): set alarm : 7279.863000000
W/AlarmManagerService(  753): set alarm : 7288.197000000
W/AlarmManagerService(  753): set alarm : 7279.863000000
W/AlarmManagerService(  753): set alarm : 7288.197000000
W/AlarmManagerService(  753): set alarm : 7279.863000000
W/AlarmManagerService(  753): set alarm : 7288.197000000
W/AlarmManagerService(  753): set alarm : 7279.863000000
W/AlarmManagerService(  753): set alarm : 7288.197000000
W/AlarmManagerService(  753): set alarm : 7279.863000000
W/AlarmManagerService(  753): set alarm : 7288.197000000
W/AlarmManagerService(  753): set alarm : 7279.863000000
W/AlarmManagerService(  753): set alarm : 7288.197000000
W/AlarmManagerService(  753): set alarm : 7279.863000000
W/AlarmManagerService(  753): set alarm : 7288.197000000
W/AlarmManagerService(  753): set alarm : 7279.863000000
W/AlarmManagerService(  753): set alarm : 7288.197000000
W/AlarmManagerService(  753): set alarm : 7279.863000000
W/AlarmManagerService(  753): set alarm : 7288.197000000
W/AlarmManagerService(  753): set alarm : 7279.863000000
W/AlarmManagerService(  753): set alarm : 7288.197000000
W/AlarmManagerService(  753): set alarm : 7279.863000000
W/AlarmManagerService(  753): set alarm : 7288.197000000
W/AlarmManagerService(  753): set alarm : 7279.863000000
W/AlarmManagerService(  753): set alarm : 7288.197000000
W/AlarmManagerService(  753): set alarm : 7279.863000000
W/AlarmManagerService(  753): set alarm : 7288.197000000
W/AlarmManagerService(  753): set alarm : 7279.863000000
W/AlarmManagerService(  753): set alarm : 7288.197000000
W/AlarmManagerService(  753): set alarm : 7279.863000000
W/AlarmManagerService(  753): set alarm : 7288.197000000
W/AlarmManagerService(  753): set alarm : 7279.863000000
W/AlarmManagerService(  753): set alarm : 7288.197000000
W/AlarmManagerService(  753): set alarm : 7279.863000000
W/AlarmManagerService(  753): set alarm : 7288.197000000
W/AlarmManagerService(  753): set alarm : 7279.863000000
W/AlarmManagerService(  753): set alarm : 7288.197000000
W/AlarmManagerService(  753): set alarm : 7279.863000000
W/AlarmManagerService(  753): set alarm : 7288.197000000
W/AlarmManagerService(  753): set alarm : 7279.863000000
W/AlarmManagerService(  753): set alarm : 7288.197000000
W/AlarmManagerService(  753): set alarm : 7279.863000000
W/AlarmManagerService(  753): set alarm : 7288.197000000
W/AlarmManagerService(  753): set alarm : 7279.863000000
W/AlarmManagerService(  753): set alarm : 7288.197000000
W/AlarmManagerService(  753): set alarm : 7279.863000000
W/AlarmManagerService(  753): set alarm : 7288.197000000
W/AlarmManagerService(  753): set alarm : 7279.863000000
W/AlarmManagerService(  753): set alarm : 7288.197000000
W/AlarmManagerService(  753): set alarm : 7279.863000000
W/AlarmManagerService(  753): set alarm : 7288.197000000
W/AlarmManagerService(  753): set alarm : 7279.863000000
W/AlarmManagerService(  753): set alarm : 7288.197000000
W/AlarmManagerService(  753): set alarm : 7279.863000000
W/AlarmManagerService(  753): set alarm : 7288.197000000
W/AlarmManagerService(  753): set alarm : 7279.863000000
W/AlarmManagerService(  753): set alarm : 7288.197000000
W/AlarmManagerService(  753): set alarm : 7279.863000000
W/AlarmManagerService(  753): set alarm : 7288.197000000
W/AlarmManagerService(  753): set alarm : 7279.863000000
W/AlarmManagerService(  753): set alarm : 7288.197000000
W/AlarmManagerService(  753): set alarm : 7279.863000000
W/AlarmManagerService(  753): set alarm : 7288.197000000
W/AlarmManagerService(  753): set alarm : 7279.863000000
W/AlarmManagerService(  753): set alarm : 7288.197000000
W/AlarmManagerService(  753): set alarm : 7279.863000000
W/AlarmManagerService(  753): set alarm : 7288.197000000
W/AlarmManagerService(  753): set alarm : 7279.863000000
W/AlarmManagerService(  753): set alarm : 7288.197000000
W/AlarmManagerService(  753): set alarm : 7279.863000000
W/AlarmManagerService(  753): set alarm : 7288.197000000
W/AlarmManagerService(  753): set alarm : 7279.863000000
E/audio_hw_primary(  192):   peter: normal read 1 in
D/KeyguardUpdateMonitor(  847): received broadcast android.intent.action.BATTERY_CHANGED
D/KeyguardUpdateMonitor(  847): handleBatteryUpdate
D/audio_hw_primary(  192): into in_read1: start: in->is_voip is 0, voip_state is 0 in_devices is 80000004
D/SprdUsbSettings( 3239): plugType = 2
W/PowerChangedReciever( 2240): onPowerChanged: power:33,isLightOn:false
D/BatteryMeterView(  847): batteryStatus = 2
D/BatteryMeterView(  847): level should be =33
D/BatteryMeterView(  847): batteryStatus = 2
D/BatteryMeterView(  847): level should be =33
D/BatteryMeterView(  847): batteryStatus = 2
D/BatteryMeterView(  847): level should be =33
D/PowerUI (  847): battery is normal,need dismiss temperature warning
W/BroadcastQueue(  753): Skipping deliver [background] BroadcastRecord{2269cef5 u-1 android.intent.action.BATTERY_CHANGED} to ReceiverList{23c1266f 14804 com.indusos.batterysaver/10125/u0 remote:1e2ab54e}: process crashing
W/BroadcastQueue(  753): Skipping deliver [background] BroadcastRecord{2269cef5 u-1 android.intent.action.BATTERY_CHANGED} to ReceiverList{31739475 14804 com.indusos.batterysaver/10125/u0 remote:26e59fac}: process crashing
D/charging_screen(13439): Naive charging time: 9648 s
E/audio_hw_primary(  192):   peter: normal read 1 in
D/audio_hw_primary(  192): into in_read1: start: in->is_voip is 0, voip_state is 0 in_devices is 80000004
E/audio_hw_primary(  192):   peter: normal read 1 in
D/audio_hw_primary(  192): into in_read1: start: in->is_voip is 0, voip_state is 0 in_devices is 80000004
E/audio_hw_primary(  192):   peter: normal read 1 in
D/audio_hw_primary(  192): into in_read1: start: in->is_voip is 0, voip_state is 0 in_devices is 80000004
E/audio_hw_primary(  192):   peter: normal read 1 in
D/audio_hw_primary(  192): into in_read1: start: in->is_voip is 0, voip_state is 0 in_devices is 80000004
E/audio_hw_primary(  192):   peter: normal read 1 in
D/audio_hw_primary(  192): into in_read1: start: in->is_voip is 0, voip_state is 0 in_devices is 80000004
D/BatteryMeterView(  847): TimerTask :run --level = 39
D/BatteryMeterView(  847): handleMessage
D/BatteryMeterView(  847): TimerTask :run --level = 39
D/BatteryMeterView(  847): handleMessage
D/BatteryMeterView(  847): TimerTask :run --level = 39
D/BatteryMeterView(  847): handleMessage
D/gralloc.sc8830(  183): fb_post fps = 1.504223
W/ActivityManager(  753): getTasks: caller 10122 does not hold REAL_GET_TASKS; limiting output
W/AlarmManagerService(  753): set alarm : 7288.197000000
D/AlarmManager(  753): waitForAlarm result:8
D/AlarmManager(  753): triggerList.size = 1, hasWakeup = false
D/AlarmManager(  753): sending alarm.type = 1, action = null, cn = ComponentInfo{com.mofirst.ime/co.tmobi.com.evernote.android.job.v14.PlatformAlarmReceiver}, operation = PendingIntent{5ee2733: PendingIntentRecord{1aca6af0 com.mofirst.ime broadcastIntent}}
D/BroadcastQueue(  753): Add broadcastBroadcastRecord{2a99f48a u0 null} into (background/order), now header = BroadcastRecord{34c5c82e u-1 android.net.wifi.SCAN_RESULTS}, size = 3
D/GPSenseEngine( 1667): EPH sow 301199:--AS:
D/GPSenseEngine( 1667): CheckState[status:2][bOff:0][Used:0]
D/LIBGPS  (  753): in RMC, fixStatus=V
D/LIBGPS  (  753): set SVINFO_GOT_SV_INFO_FLAG 
D/LIBGPS  (  753): SVinfo flag =2, svstatus size =660, numsvs =0
E/audio_hw_primary(  192):   peter: normal read 1 in
D/audio_hw_primary(  192): into in_read1: start: in->is_voip is 0, voip_state is 0 in_devices is 80000004
E/audio_hw_primary(  192):   peter: normal read 1 in
D/audio_hw_primary(  192): into in_read1: start: in->is_voip is 0, voip_state is 0 in_devices is 80000004
D/wpa_supplicant(  846): wlan0: Control interface command 'SIGNAL_POLL'
E/audio_hw_primary(  192):   peter: normal read 1 in
D/audio_hw_primary(  192): into in_read1: start: in->is_voip is 0, voip_state is 0 in_devices is 80000004
E/audio_hw_primary(  192):   peter: normal read 1 in
D/audio_hw_primary(  192): into in_read1: start: in->is_voip is 0, voip_state is 0 in_devices is 80000004
E/audio_hw_primary(  192):   peter: normal read 1 in
I/AudioPolicyManager(  192): stopInput() input 92
I/AudioPolicyManager(  192): releaseInput() 92
I/AudioPolicyManager(  192): closeInput(92)
I/audio_hw_primary(  192): do_input_standby, standby=0, in_devices=0x80000004
D/audio_hw_primary(  192): do_input_standby out
I/audio_hw_primary(  192): do_input_standby, standby=1, in_devices=0x80000004
D/audio_hw_primary(  192): do_input_standby out
V/AudioPolicyManager(  192): releaseInput() exit
D/PowerManagerService(  753): releaseWakeLockInternal: lock=1051460692 [AudioIn], flags=0x0
W/ContextImpl( 3404): Failed to ensure directory: /storage/sdcard0/Android/data/com.mofirst.launcher/files
W/ContextImpl( 3404): Failed to ensure directory: /storage/sdcard0/Android/data/com.mofirst.launcher/files
E/Vold    (  180): Failed to find mounted volume for /storage/sdcard0/Android/data/com.mofirst.launcher/files/
W/Vold    (  180): Returning OperationFailed - no handler for errno 0
E/Vold    (  180): Failed to find mounted volume for /storage/sdcard0/Android/data/com.mofirst.launcher/files/
W/Vold    (  180): Returning OperationFailed - no handler for errno 0
W/ContextImpl( 3404): Failed to ensure directory: /storage/sdcard0/Android/data/com.mofirst.launcher/files
E/Vold    (  180): Failed to find mounted volume for /storage/sdcard0/Android/data/com.mofirst.launcher/files/
W/Vold    (  180): Returning OperationFailed - no handler for errno 0
W/ResourcesManager( 3404): Asset path '/system/framework/com.android.media.remotedisplay.jar' does not exist or contains no resources.
W/ResourcesManager( 3404): Asset path '/system/framework/com.android.location.provider.jar' does not exist or contains no resources.
D/BatteryMeterView(  847): TimerTask :run --level = 59
D/BatteryMeterView(  847): handleMessage
D/BatteryMeterView(  847): TimerTask :run --level = 59
D/BatteryMeterView(  847): TimerTask :run --level = 59
D/BatteryMeterView(  847): handleMessage
D/BatteryMeterView(  847): handleMessage
D/gralloc.sc8830(  183): fb_post fps = 1.989315
D/GPSenseEngine( 1667): EPH sow 301200:--AS:
D/GPSenseEngine( 1667): CheckState[status:2][bOff:0][Used:0]
D/LIBGPS  (  753): in RMC, fixStatus=V
D/LIBGPS  (  753): set SVINFO_GOT_SV_INFO_FLAG 
D/LIBGPS  (  753): SVinfo flag =2, svstatus size =660, numsvs =0
W/ContextImpl( 3404): Failed to ensure directory: /storage/sdcard0/Android/data/com.mofirst.launcher/files
E/Vold    (  180): Failed to find mounted volume for /storage/sdcard0/Android/data/com.mofirst.launcher/files/
W/Vold    (  180): Returning OperationFailed - no handler for errno 0
W/ResourcesManager( 3404): Asset path '/system/framework/com.android.media.remotedisplay.jar' does not exist or contains no resources.
W/ResourcesManager( 3404): Asset path '/system/framework/com.android.location.provider.jar' does not exist or contains no resources.
W/ContextImpl( 3404): Failed to ensure directory: /storage/sdcard0/Android/data/com.mofirst.launcher/files
E/Vold    (  180): Failed to find mounted volume for /storage/sdcard0/Android/data/com.mofirst.launcher/files/
W/Vold    (  180): Returning OperationFailed - no handler for errno 0
D/PowerManagerService(  753): releaseWakeLockInternal: lock=811954871 [WAKELOCK], flags=0x0
E/GPSenseEngine( 1667): ====>>>>cgdriver request:CGX_IOCTL_RESET ret = 0
E/GPSenseEngine( 1667): ====>>>>cgdriver request:CGX_IOCTL_READ_SYS_REG ret = -3
D/GPSenseEngine( 1667): FmRequestSnap[type:1][ChosenSnap:11]
E/GPSenseEngine( 1667): ====>>>>cgdriver request:CGX_IOCTL_PREPARE_RECEIVE ret = 0
E/GPSenseEngine( 1667): NcFix
D/WCND    (  200): is_cp2_alive_ok: open polling interface: /dev/spipe_wcn0, fd = 15
D/WCND    (  200): is_cp2_alive_ok: loop: /dev/spipe_wcn0 is OK
D/phoneserver(  205): Receive thread's TID [236] CHNMNG:readline pread= 0xb6f5b6d4,count=15
D/phoneserver(  205): Receive thread's TID [236] CHMNG:  receive data thread :mux=/dev/stty_w0:input:+CSQ: 20,99
D/phoneserver(  205): Receive thread's TID [236] MUX :/dev/stty_w0 Waiting for resp  
D/SignalStrengthUtilsSprd(  753): processLteLevel: empty method
D/BatteryMeterView(  847): TimerTask :run --level = 79
D/BatteryMeterView(  847): handleMessage
D/BatteryMeterView(  847): TimerTask :run --level = 79
D/BatteryMeterView(  847): handleMessage
D/BatteryMeterView(  847): TimerTask :run --level = 79
D/BatteryMeterView(  847): handleMessage
D/GPSenseEngine( 1667): EPH sow 301201:--AS:
D/GPSenseEngine( 1667): CheckState[status:2][bOff:0][Used:0]
D/LIBGPS  (  753): in RMC, fixStatus=V
D/LIBGPS  (  753): set SVINFO_GOT_SV_INFO_FLAG 
D/LIBGPS  (  753): SVinfo flag =2, svstatus size =660, numsvs =0
D/gralloc.sc8830(  183): fb_post fps = 2.471005
E/GPSenseEngine( 1667): STC_NC
E/GPSenseEngine( 1667): RefreshSatellitesSnapDetect:
D/BatteryMeterView(  847): TimerTask :run --level = 99
D/BatteryMeterView(  847): handleMessage
D/BatteryMeterView(  847): TimerTask :run --level = 99
D/BatteryMeterView(  847): handleMessage
D/BatteryMeterView(  847): TimerTask :run --level = 99
D/BatteryMeterView(  847): handleMessage
D/GPSenseEngine( 1667): EPH sow 301202:--AS:
D/GPSenseEngine( 1667): CheckState[status:2][bOff:0][Used:0]
D/LIBGPS  (  753): in RMC, fixStatus=V
D/LIBGPS  (  753): set SVINFO_GOT_SV_INFO_FLAG 
D/LIBGPS  (  753): SVinfo flag =2, svstatus size =660, numsvs =0
D/gralloc.sc8830(  183): fb_post fps = 1.988349
D/wpa_supplicant(  846): wlan0: Control interface command 'SIGNAL_POLL'
E/GPSenseEngine( 1667): NcFix
E/WifiStateMachine(  753): WifiStateMachine CMD_START_SCAN source -2 txSuccessRate=6.33 rxSuccessRate=5.19 targetRoamBSSID=any RSSI=-42
E/WifiStateMachine(  753): WifiStateMachine starting scan for "IndusWiFi"WPA_PSK with 2412,2462,2437
D/wpa_supplicant(  846): wlan0: Control interface command 'SCAN TYPE=ONLY freq=2412,2462,2437'
D/wpa_supplicant(  846): wlan0: Setting scan request: 0.000000 sec
D/wpa_supplicant(  846): wlan0: Starting AP scan for wildcard SSID
D/wpa_supplicant(  846): wlan0: Limit manual scan to specified channels
D/wpa_supplicant(  846): wlan0: Add radio work 'scan'@0xb6038218
D/wpa_supplicant(  846): wlan0: First radio work item in the queue - schedule start immediately
D/wpa_supplicant(  846): wlan0: Starting radio work 'scan'@0xb6038218 after 0.000031 second wait
D/wpa_supplicant(  846): wlan0: nl80211: scan request
D/wpa_supplicant(  846): nl80211: Scan SSID - hexdump(len=0): [NULL]
D/wpa_supplicant(  846): nl80211: Scan frequency 2412 MHz
D/wpa_supplicant(  846): nl80211: Scan frequency 2437 MHz
D/wpa_supplicant(  846): nl80211: Scan frequency 2462 MHz
D/wpa_supplicant(  846): Scan requested (ret=0) - scan timeout 30 seconds
D/wpa_supplicant(  846): nl80211: Event message available
D/wpa_supplicant(  846): nl80211: Drv Event 33 (NL80211_CMD_TRIGGER_SCAN) received for wlan0
D/wpa_supplicant(  846): wlan0: nl80211: Scan trigger
D/wpa_supplicant(  846): wlan0: Event SCAN_STARTED (49) received
D/wpa_supplicant(  846): wlan0: Own scan request started a scan in 0.000122 seconds
D/wpa_supplicant(  846): CTRL_IFACE monitor sent successfully to /data/misc/wifi/sockets/wpa_ctrl_753-2\x00
D/BatteryMeterView(  847): TimerTask :run --level = 39
D/BatteryMeterView(  847): handleMessage
D/BatteryMeterView(  847): TimerTask :run --level = 39
D/BatteryMeterView(  847): TimerTask :run --level = 39
D/BatteryMeterView(  847): handleMessage
D/BatteryMeterView(  847): handleMessage
D/GPSenseEngine( 1667): EPH sow 301203:--AS:
D/GPSenseEngine( 1667): CheckState[status:2][bOff:0][Used:0]
D/LIBGPS  (  753): in RMC, fixStatus=V
D/LIBGPS  (  753): set SVINFO_GOT_SV_INFO_FLAG 
D/LIBGPS  (  753): SVinfo flag =2, svstatus size =660, numsvs =0
D/gralloc.sc8830(  183): fb_post fps = 1.988169
D/wpa_supplicant(  846): nl80211: Event message available
D/wpa_supplicant(  846): nl80211: Drv Event 34 (NL80211_CMD_NEW_SCAN_RESULTS) received for wlan0
D/wpa_supplicant(  846): wlan0: nl80211: New scan results available
D/wpa_supplicant(  846): nl80211: Scan probed for SSID ''
D/wpa_supplicant(  846): nl80211: Scan included frequencies: 2412 2437 2462
D/wpa_supplicant(  846): wlan0: Event SCAN_RESULTS (3) received
D/wpa_supplicant(  846): wlan0: Scan completed in 0.548096 seconds
D/wpa_supplicant(  846): nl80211: Associated on 2412 MHz
D/wpa_supplicant(  846): nl80211: Associated with 00:1a:8c:a0:52:70
D/wpa_supplicant(  846): nl80211: Received scan results (13 BSSes)
D/wpa_supplicant(  846): nl80211: Scan results indicate BSS status with 00:1a:8c:a0:52:70 as associated
D/wpa_supplicant(  846): wlan0: BSS: Start scan result update 538
D/wpa_supplicant(  846): BSS: last_scan_res_used=13/32
D/wpa_supplicant(  846): wlan0: Scan-only results received
D/wpa_supplicant(  846): CTRL_IFACE monitor sent successfully to /data/misc/wifi/sockets/wpa_ctrl_753-2\x00
D/wpa_supplicant(  846): wlan0: Radio work 'scan'@0xb6038218 done in 0.549683 seconds
D/wpa_supplicant(  846): wlan0: Control interface command 'BSS RANGE=0- MASK=0x21987'
E/WifiStateMachine(  753): This time ScanResults size::17
D/wpa_supplicant(  846): wlan0: Control interface command 'STATUS-NO_EVENTS'
W/ActivityManager(  753): getTasks: caller 10122 does not hold REAL_GET_TASKS; limiting output
D/BatteryMeterView(  847): TimerTask :run --level = 59
D/BatteryMeterView(  847): handleMessage
D/BatteryMeterView(  847): TimerTask :run --level = 59
D/BatteryMeterView(  847): handleMessage
D/BatteryMeterView(  847): TimerTask :run --level = 59
D/BatteryMeterView(  847): handleMessage
D/GPSenseEngine( 1667): EPH sow 301204:--AS:
D/GPSenseEngine( 1667): CheckState[status:2][bOff:0][Used:0]
D/LIBGPS  (  753): in RMC, fixStatus=V
D/LIBGPS  (  753): set SVINFO_GOT_SV_INFO_FLAG 
D/LIBGPS  (  753): SVinfo flag =2, svstatus size =660, numsvs =0
E/GPSenseEngine( 1667): ncfixInfoIndex = 6 / 1986
E/GPSenseEngine( 1667): ====>>>>cgdriver request:CGX_IOCTL_RESET ret = 0
E/GPSenseEngine( 1667): ====>>>>cgdriver request:CGX_IOCTL_READ_SYS_REG ret = -3
D/GPSenseEngine( 1667): FmRequestSnap[type:0][ChosenSnap:11]
E/GPSenseEngine( 1667): ====>>>>cgdriver request:CGX_IOCTL_PREPARE_RECEIVE ret = 0
W/ActivityManager(  753): getRunningAppProcesses: caller 10051 does not hold REAL_GET_TASKS; limiting output
E/GPSenseEngine( 1667): NcFix
D/BatteryMeterView(  847): TimerTask :run --level = 79
D/BatteryMeterView(  847): handleMessage
D/BatteryMeterView(  847): TimerTask :run --level = 79
D/BatteryMeterView(  847): handleMessage
D/BatteryMeterView(  847): TimerTask :run --level = 79
D/BatteryMeterView(  847): handleMessage
D/gralloc.sc8830(  183): fb_post fps = 1.695832
D/GPSenseEngine( 1667): EPH sow 301205:--AS:
D/GPSenseEngine( 1667): CheckState[status:2][bOff:0][Used:0]
D/LIBGPS  (  753): in RMC, fixStatus=V
D/LIBGPS  (  753): set SVINFO_GOT_SV_INFO_FLAG 
D/LIBGPS  (  753): SVinfo flag =2, svstatus size =660, numsvs =0
E/GPSenseEngine( 1667): NcFix
D/wpa_supplicant(  846): wlan0: Control interface command 'SIGNAL_POLL'
D/WCND    (  200): is_cp2_alive_ok: open polling interface: /dev/spipe_wcn0, fd = 15
D/WCND    (  200): is_cp2_alive_ok: loop: /dev/spipe_wcn0 is OK
D/phoneserver(  205): Receive thread's TID [236] CHNMNG:readline pread= 0xb6f5b6d4,count=15
D/phoneserver(  205): Receive thread's TID [236] CHMNG:  receive data thread :mux=/dev/stty_w0:input:+CSQ: 20,99
D/phoneserver(  205): Receive thread's TID [236] MUX :/dev/stty_w0 Waiting for resp  
D/SignalStrengthUtilsSprd(  753): processLteLevel: empty method
E/GPSenseEngine( 1667): NcFix
D/BatteryMeterView(  847): TimerTask :run --level = 99
D/BatteryMeterView(  847): handleMessage
D/BatteryMeterView(  847): TimerTask :run --level = 99
D/BatteryMeterView(  847): TimerTask :run --level = 99
D/BatteryMeterView(  847): handleMessage
D/BatteryMeterView(  847): handleMessage
D/gralloc.sc8830(  183): fb_post fps = 0.993964
D/GPSenseEngine( 1667): EPH sow 301206:--AS:
D/GPSenseEngine( 1667): CheckState[status:2][bOff:0][Used:0]
D/LIBGPS  (  753): in RMC, fixStatus=V
D/LIBGPS  (  753): set SVINFO_GOT_SV_INFO_FLAG 
D/LIBGPS  (  753): SVinfo flag =2, svstatus size =660, numsvs =0
E/GPSenseEngine( 1667): NcFix
D/BatteryMeterView(  847): TimerTask :run --level = 39
D/BatteryMeterView(  847): handleMessage
D/BatteryMeterView(  847): TimerTask :run --level = 39
D/BatteryMeterView(  847): handleMessage
D/BatteryMeterView(  847): TimerTask :run --level = 39
D/BatteryMeterView(  847): handleMessage
D/GPSenseEngine( 1667): EPH sow 301207:--AS:
D/GPSenseEngine( 1667): CheckState[status:2][bOff:0][Used:0]
D/LIBGPS  (  753): in RMC, fixStatus=V
D/LIBGPS  (  753): set SVINFO_GOT_SV_INFO_FLAG 
D/LIBGPS  (  753): SVinfo flag =2, svstatus size =660, numsvs =0
I/Ads     ( 1586): Ad is not visible. Not refreshing ad.
I/Ads     ( 1586): Scheduling ad refresh 60000 milliseconds from now.
E/GPSenseEngine( 1667): NcFix
D/gralloc.sc8830(  183): fb_post fps = 2.436584
W/AlarmManagerService(  753): set alarm : 7346.277000000
W/AlarmManagerService(  753): set alarm : 7297.107000000
D/AlarmManager(  753): waitForAlarm result:4
D/AlarmManager(  753): triggerList.size = 1, hasWakeup = true
D/AlarmManager(  753): sending alarm.type = 2, action = com.google.android.location.ALARM_WAKEUP_LOCATOR, cn = null, operation = PendingIntent{1ca98de: PendingIntentRecord{33c68898 com.google.android.gms broadcastIntent}}
D/BroadcastQueue(  753): Add broadcastBroadcastRecord{2c89e7ad u0 com.google.android.location.ALARM_WAKEUP_LOCATOR} into (background/order), now header = BroadcastRecord{34c5c82e u-1 android.net.wifi.SCAN_RESULTS}, size = 4
E/GPSenseEngine( 1667): ncfixInfoIndex = 7 / 1987
E/GPSenseEngine( 1667): ====>>>>cgdriver request:CGX_IOCTL_RESET ret = 0
E/GPSenseEngine( 1667): ====>>>>cgdriver request:CGX_IOCTL_READ_SYS_REG ret = -3
D/GPSenseEngine( 1667): FmRequestSnap[type:0][ChosenSnap:11]
E/GPSenseEngine( 1667): ====>>>>cgdriver request:CGX_IOCTL_PREPARE_RECEIVE ret = 0
D/BatteryMeterView(  847): TimerTask :run --level = 59
D/BatteryMeterView(  847): handleMessage
D/BatteryMeterView(  847): TimerTask :run --level = 59
D/BatteryMeterView(  847): handleMessage
D/BatteryMeterView(  847): TimerTask :run --level = 59
D/BatteryMeterView(  847): handleMessage
D/GPSenseEngine( 1667): EPH sow 301208:--AS:
D/GPSenseEngine( 1667): CheckState[status:2][bOff:0][Used:0]
D/LIBGPS  (  753): in RMC, fixStatus=V
D/LIBGPS  (  753): set SVINFO_GOT_SV_INFO_FLAG 
D/LIBGPS  (  753): SVinfo flag =2, svstatus size =660, numsvs =0
D/wpa_supplicant(  846): wlan0: Control interface command 'SIGNAL_POLL'
E/GPSenseEngine( 1667): NcFix
D/BatteryMeterView(  847): TimerTask :run --level = 79
D/BatteryMeterView(  847): handleMessage
D/BatteryMeterView(  847): TimerTask :run --level = 79
D/BatteryMeterView(  847): TimerTask :run --level = 79
D/BatteryMeterView(  847): handleMessage
D/BatteryMeterView(  847): handleMessage
D/gralloc.sc8830(  183): fb_post fps = 1.694984
W/ActivityManager(  753): getTasks: caller 10122 does not hold REAL_GET_TASKS; limiting output
D/GPSenseEngine( 1667): EPH sow 301209:--AS:
D/GPSenseEngine( 1667): CheckState[status:2][bOff:0][Used:0]
D/LIBGPS  (  753): in RMC, fixStatus=V
D/LIBGPS  (  753): set SVINFO_GOT_SV_INFO_FLAG 
D/LIBGPS  (  753): SVinfo flag =2, svstatus size =660, numsvs =0
E/GPSenseEngine( 1667): NcFix
D/StatisticsManager( 2240): a request has been posted
D/StatisticsManager( 2240): deletePushData from db count:1,where:funid=19 and id IN ('7130908323973','7130908323973')
W/System.err( 2240): java.lang.Exception: sprd
W/System.err( 2240): 	at android.database.AbstractCursor.<init>(AbstractCursor.java:185)
W/System.err( 2240): 	at android.database.MatrixCursor.<init>(MatrixCursor.java:40)
W/System.err( 2240): 	at com.jiubang.commerce.buychannel.MPSharedPreferences$a.<init>(MPSharedPreferences.java:748)
W/System.err( 2240): 	at com.jiubang.commerce.buychannel.MPSharedPreferences.query(MPSharedPreferences.java:613)
W/System.err( 2240): 	at android.content.ContentProvider.query(ContentProvider.java:966)
W/System.err( 2240): 	at android.content.ContentProvider$Transport.query(ContentProvider.java:211)
W/System.err( 2240): 	at android.content.ContentResolver.query(ContentResolver.java:478)
W/System.err( 2240): 	at android.content.ContentResolver.query(ContentResolver.java:422)
W/System.err( 2240): 	at com.jiubang.commerce.buychannel.MPSharedPreferences.a(MPSharedPreferences.java:506)
W/System.err( 2240): 	at com.jiubang.commerce.buychannel.MPSharedPreferences.getBoolean(MPSharedPreferences.java:307)
W/System.err( 2240): 	at com.jiubang.commerce.buychannel.buyChannel.d.b$1.onUploadStatisticDataSuccess(InitManager.java:99)
W/System.err( 2240): 	at com.gau.go.gostaticsdk.StatisticsManager.postDataInQueue(StatisticsManager.java:1803)
W/System.err( 2240): 	at com.gau.go.gostaticsdk.StatisticsManager.startTask(StatisticsManager.java:711)
W/System.err( 2240): 	at com.gau.go.gostaticsdk.StatisticsManager.access$2200(StatisticsManager.java:71)
W/System.err( 2240): 	at com.gau.go.gostaticsdk.StatisticsManager$17.invoke(StatisticsManager.java:1993)
W/System.err( 2240): 	at com.gau.go.gostaticsdk.StatisticsManager$Job.run(StatisticsManager.java:2253)
W/System.err( 2240): 	at android.os.Handler.handleCallback(Handler.java:739)
W/System.err( 2240): 	at android.os.Handler.dispatchMessage(Handler.java:95)
W/System.err( 2240): 	at android.os.Looper.loop(Looper.java:135)
W/System.err( 2240): 	at android.os.HandlerThread.run(HandlerThread.java:61)
E/Cursor  ( 2240): AbstractCursor mPos = -1 
D/StatisticsManager( 2240): url: http://goupdate.3g.cn/GOClientData/DR?ptl=10&is_zip=1&p=com.jiubang.fastestflashlight
D/StatisticsManager( 2240): buffer: 101||a23b3af77e6483c1||1515912268258a23b3af77e6483c1||911366750133939||2018-02-21 19:37:13:935||us||11435||10058||1.45||5443e363-48a9-44b3-943d-a470d1af1c34||2014103||||{"cpu":"1.24GHz","men":"939.56MB"}||{"cpu":"100.00%","men":"80.17%","net":"4"}||207||||gl_dc||1||||||||494_20160414001_1547021634000,493_20160414001_1547021634000;20;3;41;2018-02-21 17:40:54:467;2018-02-21 19:37:13:735;0
D/StatisticsManager( 2240): 101||a23b3af77e6483c1||1515912268258a23b3af77e6483c1||911366750133939||2018-02-21 19:37:13:935||us||11435||10058||1.45||5443e363-48a9-44b3-943d-a470d1af1c34||2014103||||{"cpu":"1.24GHz","men":"939.56MB"}||{"cpu":"100.00%","men":"80.17%","net":"4"}||207||||gl_dc||1||||||||494_20160414001_1547021634000,493_20160414001_1547021634000;20;3;41;2018-02-21 17:40:54:467;2018-02-21 19:37:13:735;0
D/BatteryMeterView(  847): TimerTask :run --level = 99
D/BatteryMeterView(  847): handleMessage
D/BatteryMeterView(  847): TimerTask :run --level = 99
D/BatteryMeterView(  847): handleMessage
D/BatteryMeterView(  847): TimerTask :run --level = 99
D/BatteryMeterView(  847): handleMessage
D/GPSenseEngine( 1667): EPH sow 301210:--AS:
D/GPSenseEngine( 1667): CheckState[status:2][bOff:0][Used:0]
D/LIBGPS  (  753): in RMC, fixStatus=V
D/LIBGPS  (  753): set SVINFO_GOT_SV_INFO_FLAG 
D/LIBGPS  (  753): SVinfo flag =2, svstatus size =660, numsvs =0
D/gralloc.sc8830(  183): fb_post fps = 1.625356
D/WCND    (  200): is_cp2_alive_ok: open polling interface: /dev/spipe_wcn0, fd = 15
D/WCND    (  200): is_cp2_alive_ok: loop: /dev/spipe_wcn0 is OK
E/GPSenseEngine( 1667): ncfixInfoIndex = 8 / 1988
E/GPSenseEngine( 1667): ====>>>>cgdriver request:CGX_IOCTL_RESET ret = 0
E/GPSenseEngine( 1667): ====>>>>cgdriver request:CGX_IOCTL_READ_SYS_REG ret = -3
D/GPSenseEngine( 1667): FmRequestSnap[type:0][ChosenSnap:11]
E/GPSenseEngine( 1667): ====>>>>cgdriver request:CGX_IOCTL_PREPARE_RECEIVE ret = 0
D/phoneserver(  205): Receive thread's TID [236] CHNMNG:readline pread= 0xb6f5b6d4,count=15
D/phoneserver(  205): Receive thread's TID [236] CHMNG:  receive data thread :mux=/dev/stty_w0:input:+CSQ: 18,99
D/phoneserver(  205): Receive thread's TID [236] MUX :/dev/stty_w0 Waiting for resp  
E/GPSenseEngine( 1667): NcFix
D/SignalStrengthUtilsSprd(  753): processLteLevel: empty method
D/BatteryMeterView(  847): TimerTask :run --level = 39
D/BatteryMeterView(  847): handleMessage
D/BatteryMeterView(  847): TimerTask :run --level = 39
D/BatteryMeterView(  847): handleMessage
D/BatteryMeterView(  847): TimerTask :run --level = 39
D/BatteryMeterView(  847): handleMessage
D/GPSenseEngine( 1667): EPH sow 301211:--AS:
D/GPSenseEngine( 1667): CheckState[status:2][bOff:0][Used:0]
D/LIBGPS  (  753): in RMC, fixStatus=V
D/LIBGPS  (  753): set SVINFO_GOT_SV_INFO_FLAG 
D/LIBGPS  (  753): SVinfo flag =2, svstatus size =660, numsvs =0
E/GPSenseEngine( 1667): NcFix
D/gralloc.sc8830(  183): fb_post fps = 1.988108
E/GPSenseEngine( 1667): NcFix
D/wpa_supplicant(  846): wlan0: Control interface command 'SIGNAL_POLL'
E/GPSenseEngine( 1667): ncfixInfoIndex = 9 / 1989
E/GPSenseEngine( 1667): ====>>>>cgdriver request:CGX_IOCTL_RESET ret = 0
E/GPSenseEngine( 1667): ====>>>>cgdriver request:CGX_IOCTL_READ_SYS_REG ret = -3
D/GPSenseEngine( 1667): FmRequestSnap[type:0][ChosenSnap:11]
E/GPSenseEngine( 1667): ====>>>>cgdriver request:CGX_IOCTL_PREPARE_RECEIVE ret = 0
D/StatisticsManager( 2240): Upload static data Ok:OK, current url:http://goupdate.3g.cn/GOClientData/DR?ptl=10&is_zip=1&p=com.jiubang.fastestflashlight
D/StatisticsManager( 2240): a request has been posted
D/StatisticsManager( 2240): deletePushData from db count:1,where:funid=207 and id IN ('7131043852537','7131043852537')
D/StatisticsManager( 2240): url: http://goupdate.3g.cn/GOClientData/DR?ptl=10&is_zip=1&p=com.jiubang.fastestflashlight
D/StatisticsManager( 2240): buffer: 101||a23b3af77e6483c1||1515912268258a23b3af77e6483c1||911366750133939||2018-02-21 18:45:52:184||us||11435||10058||1.45||5443e363-48a9-44b3-943d-a470d1af1c34||20160414001||||{"cpu":"1.24GHz","men":"939.56MB"}||{"cpu":"92.31%","men":"77.43%","net":"4"}||493||||c000_kg_all1||1||||||||||
D/StatisticsManager( 2240): 101||a23b3af77e6483c1||1515912268258a23b3af77e6483c1||911366750133939||2018-02-21 18:45:52:337||us||11435||10058||1.45||5443e363-48a9-44b3-943d-a470d1af1c34||20160414001||||{"cpu":"1.24GHz","men":"939.56MB"}||{"cpu":"92.31%","men":"77.47%","net":"4"}||493||||f000_lock_show||1||||||||||
D/StatisticsManager( 2240): 101||a23b3af77e6483c1||1515912268258a23b3af77e6483c1||911366750133939||2018-02-21 19:22:56:532||us||11435||10058||1.45||5443e363-48a9-44b3-943d-a470d1af1c34||20160414001||||{"cpu":"1.24GHz","men":"939.56MB"}||{"cpu":"76.92%","men":"80.21%","net":"4"}||493||||c000_lock_slide||1||||||||||
D/BatteryMeterView(  847): TimerTask :run --level = 59
D/BatteryMeterView(  847): handleMessage
D/BatteryMeterView(  847): TimerTask :run --level = 59
D/BatteryMeterView(  847): TimerTask :run --level = 59
D/BatteryMeterView(  847): handleMessage
D/BatteryMeterView(  847): handleMessage
E/GPSenseEngine( 1667): NcFix
D/GPSenseEngine( 1667): EPH sow 301212:--AS:
D/GPSenseEngine( 1667): CheckState[status:2][bOff:0][Used:0]
D/LIBGPS  (  753): in RMC, fixStatus=V
D/LIBGPS  (  753): set SVINFO_GOT_SV_INFO_FLAG 
D/LIBGPS  (  753): SVinfo flag =2, svstatus size =660, numsvs =0
D/StatisticsManager( 2240): Upload static data Ok:OK, current url:http://goupdate.3g.cn/GOClientData/DR?ptl=10&is_zip=1&p=com.jiubang.fastestflashlight
D/StatisticsManager( 2240): a request has been posted
D/StatisticsManager( 2240): deletePushData from db count:3,where:funid=493 and id IN ('4049293425291','4049445585936','6273641997069')
W/System.err( 2240): java.lang.Exception: sprd
W/System.err( 2240): 	at android.database.AbstractCursor.<init>(AbstractCursor.java:185)
W/System.err( 2240): 	at android.database.AbstractWindowedCursor.<init>(AbstractWindowedCursor.java:36)
W/System.err( 2240): 	at android.database.sqlite.SQLiteCursor.<init>(SQLiteCursor.java:93)
W/System.err( 2240): 	at android.database.sqlite.SQLiteDirectCursorDriver.query(SQLiteDirectCursorDriver.java:50)
W/System.err( 2240): 	at android.database.sqlite.SQLiteDatabase.rawQueryWithFactory(SQLiteDatabase.java:1316)
W/System.err( 2240): 	at android.database.sqlite.SQLiteDatabase.queryWithFactory(SQLiteDatabase.java:1163)
W/System.err( 2240): 	at android.database.sqlite.SQLiteDatabase.query(SQLiteDatabase.java:1034)
W/System.err( 2240): 	at android.database.sqlite.SQLiteDatabase.query(SQLiteDatabase.java:1202)
W/System.err( 2240): 	at com.gau.go.gostaticsdk.database.DataBaseHelper.query(DataBaseHelper.java:261)
W/System.err( 2240): 	at com.gau.go.gostaticsdk.StaticDataContentProvider.query(StaticDataContentProvider.java:87)
W/System.err( 2240): 	at android.content.ContentProvider.query(ContentProvider.java:966)
W/System.err( 2240): 	at android.content.ContentProvider$Transport.query(ContentProvider.java:211)
W/System.err( 2240): 	at android.content.ContentResolver.query(ContentResolver.java:478)
W/System.err( 2240): 	at android.content.ContentResolver.query(ContentResolver.java:422)
W/System.err( 2240): 	at com.gau.go.gostaticsdk.database.DataBaseProvider.queryPostDatas(DataBaseProvider.java:309)
W/System.err( 2240): 	at com.gau.go.gostaticsdk.StatisticsManager.getPostDataFromDBTask(StatisticsManager.java:1858)
W/System.err( 2240): 	at com.gau.go.gostaticsdk.StatisticsManager.postDataInQueue(StatisticsManager.java:1776)
W/System.err( 2240): 	at com.gau.go.gostaticsdk.StatisticsManager.startTask(StatisticsManager.java:711)
W/System.err( 2240): 	at com.gau.go.gostaticsdk.StatisticsManager.access$2200(StatisticsManager.java:71)
W/System.err( 2240): 	at com.gau.go.gostaticsdk.StatisticsManager$17.invoke(StatisticsManager.java:1993)
W/System.err( 2240): 	at com.gau.go.gostaticsdk.StatisticsManager$Job.run(StatisticsManager.java:2253)
W/System.err( 2240): 	at android.os.Handler.handleCallback(Handler.java:739)
W/System.err( 2240): 	at android.os.Handler.dispatchMessage(Handler.java:95)
W/System.err( 2240): 	at android.os.Looper.loop(Looper.java:135)
W/System.err( 2240): 	at android.os.HandlerThread.run(HandlerThread.java:61)
E/Cursor  ( 2240): AbstractCursor mPos = -1 
E/Cursor  ( 2240): moveToPosition position -1
E/Cursor  ( 2240): moveToPosition position < 0 mPos = -1 
E/Cursor  ( 2240): moveToNext 0
E/Cursor  ( 2240): moveToPosition position 0
E/Cursor  ( 2240): moveToPosition mPos = count 
D/StatisticsManager( 2240): Query post data:funid IN (19,493,207),data count:0
W/System.err( 2240): java.lang.Exception: sprd
W/System.err( 2240): 	at android.database.AbstractCursor.<init>(AbstractCursor.java:185)
W/System.err( 2240): 	at android.database.AbstractWindowedCursor.<init>(AbstractWindowedCursor.java:36)
W/System.err( 2240): 	at android.database.sqlite.SQLiteCursor.<init>(SQLiteCursor.java:93)
W/System.err( 2240): 	at android.database.sqlite.SQLiteDirectCursorDriver.query(SQLiteDirectCursorDriver.java:50)
W/System.err( 2240): 	at android.database.sqlite.SQLiteDatabase.rawQueryWithFactory(SQLiteDatabase.java:1316)
W/System.err( 2240): 	at android.database.sqlite.SQLiteDatabase.queryWithFactory(SQLiteDatabase.java:1163)
W/System.err( 2240): 	at android.database.sqlite.SQLiteDatabase.query(SQLiteDatabase.java:1034)
W/System.err( 2240): 	at android.database.sqlite.SQLiteDatabase.query(SQLiteDatabase.java:1202)
W/System.err( 2240): 	at com.gau.go.gostaticsdk.database.DataBaseHelper.query(DataBaseHelper.java:261)
W/System.err( 2240): 	at com.gau.go.gostaticsdk.StaticDataContentProvider.query(StaticDataContentProvider.java:87)
W/System.err( 2240): 	at android.content.ContentProvider.query(ContentProvider.java:966)
W/System.err( 2240): 	at android.content.ContentProvider$Transport.query(ContentProvider.java:211)
W/System.err( 2240): 	at android.content.ContentResolver.query(ContentResolver.java:478)
W/System.err( 2240): 	at android.content.ContentResolver.query(ContentResolver.java:422)
W/System.err( 2240): 	at com.gau.go.gostaticsdk.database.DataBaseProvider.queryOldData(DataBaseProvider.java:363)
W/System.err( 2240): 	at com.gau.go.gostaticsdk.StatisticsManager.getOldData(StatisticsManager.java:1881)
W/System.err( 2240): 	at com.gau.go.gostaticsdk.StatisticsManager.getPostDataFromDBTask(StatisticsManager.java:1860)
W/System.err( 2240): 	at com.gau.go.gostaticsdk.StatisticsManager.postDataInQueue(StatisticsManager.java:1776)
W/System.err( 2240): 	at com.gau.go.gostaticsdk.StatisticsManager.startTask(StatisticsManager.java:711)
W/System.err( 2240): 	at com.gau.go.gostaticsdk.StatisticsManager.access$2200(StatisticsManager.java:71)
W/System.err( 2240): 	at com.gau.go.gostaticsdk.StatisticsManager$17.invoke(StatisticsManager.java:1993)
W/System.err( 2240): 	at com.gau.go.gostaticsdk.StatisticsManager$Job.run(StatisticsManager.java:2253)
W/System.err( 2240): 	at android.os.Handler.handleCallback(Handler.java:739)
W/System.err( 2240): 	at android.os.Handler.dispatchMessage(Handler.java:95)
W/System.err( 2240): 	at android.os.Looper.loop(Looper.java:135)
W/System.err( 2240): 	at android.os.HandlerThread.run(HandlerThread.java:61)
E/Cursor  ( 2240): AbstractCursor mPos = -1 
D/StatisticsManager( 2240): Query all old data, data count:0
E/Cursor  ( 2240): moveToPosition position -1
E/Cursor  ( 2240): moveToPosition position < 0 mPos = -1 
E/Cursor  ( 2240): moveToNext 0
E/Cursor  ( 2240): moveToPosition position 0
E/Cursor  ( 2240): moveToPosition mPos = count 
D/StatisticsManager( 2240): no data quit!
D/StatisticsManager( 2240): quit post!
D/StatisticsManager( 2240): start loop task
D/StatisticsManager( 2240): no data quit!
D/StatisticsManager( 2240): quit post!
W/AlarmManagerService(  753): set alarm : 7346.277000000
W/AlarmManagerService(  753): set alarm : 7297.107000000
I/Test    ( 2240): upload data!!!!!
D/AlarmManager(  753): setImpl() action = com.gau.go.gostaticsdk.ACTION_UPLOAD_DATA, component = null, type = 0, standalone=false, operation = PendingIntent{181c8ae2: PendingIntentRecord{151c6a1b com.jiubang.fastestflashlight broadcastIntent}} tElapsed=7353237, maxElapsed=7398236, interval=0, when = 1519213256130, triggerTime = 2018-02-21 17:10:56
E/GPSenseEngine( 1667): NcFix
D/BatteryMeterView(  847): TimerTask :run --level = 79
D/BatteryMeterView(  847): handleMessage
D/BatteryMeterView(  847): TimerTask :run --level = 79
D/BatteryMeterView(  847): handleMessage
D/BatteryMeterView(  847): TimerTask :run --level = 79
D/BatteryMeterView(  847): handleMessage
D/gralloc.sc8830(  183): fb_post fps = 1.712703
D/GPSenseEngine( 1667): EPH sow 301213:--AS:
D/GPSenseEngine( 1667): CheckState[status:2][bOff:0][Used:0]
D/LIBGPS  (  753): in RMC, fixStatus=V
D/LIBGPS  (  753): set SVINFO_GOT_SV_INFO_FLAG 
D/LIBGPS  (  753): SVinfo flag =2, svstatus size =660, numsvs =0
E/GPSenseEngine( 1667): NcFix
W/ActivityManager(  753): getTasks: caller 10122 does not hold REAL_GET_TASKS; limiting output
E/GPSenseEngine( 1667): NcFix
D/BatteryMeterView(  847): TimerTask :run --level = 99
D/BatteryMeterView(  847): handleMessage
D/BatteryMeterView(  847): TimerTask :run --level = 99
D/BatteryMeterView(  847): handleMessage
D/BatteryMeterView(  847): TimerTask :run --level = 99
D/BatteryMeterView(  847): handleMessage
D/gralloc.sc8830(  183): fb_post fps = 0.994145
D/GPSenseEngine( 1667): EPH sow 301214:--AS:
D/GPSenseEngine( 1667): CheckState[status:2][bOff:0][Used:0]
D/LIBGPS  (  753): in RMC, fixStatus=V
D/LIBGPS  (  753): set SVINFO_GOT_SV_INFO_FLAG 
D/LIBGPS  (  753): SVinfo flag =2, svstatus size =660, numsvs =0
D/wpa_supplicant(  846): wlan0: Control interface command 'SIGNAL_POLL'
E/GPSenseEngine( 1667): NcFix
E/GPSenseEngine( 1667): ncfixInfoIndex = 10 / 1990
E/GPSenseEngine( 1667): ====>>>>cgdriver request:CGX_IOCTL_RESET ret = 0
E/GPSenseEngine( 1667): ====>>>>cgdriver request:CGX_IOCTL_READ_SYS_REG ret = -3
D/GPSenseEngine( 1667): FmRequestSnap[type:0][ChosenSnap:11]
E/GPSenseEngine( 1667): ====>>>>cgdriver request:CGX_IOCTL_PREPARE_RECEIVE ret = 0
D/BatteryMeterView(  847): TimerTask :run --level = 39
D/BatteryMeterView(  847): TimerTask :run --level = 39
D/BatteryMeterView(  847): handleMessage
D/BatteryMeterView(  847): handleMessage
D/BatteryMeterView(  847): TimerTask :run --level = 39
D/BatteryMeterView(  847): handleMessage
D/gralloc.sc8830(  183): fb_post fps = 1.986843
D/GPSenseEngine( 1667): EPH sow 301215:--AS:
D/GPSenseEngine( 1667): CheckState[status:2][bOff:0][Used:0]
D/LIBGPS  (  753): in RMC, fixStatus=V
D/LIBGPS  (  753): set SVINFO_GOT_SV_INFO_FLAG 
D/LIBGPS  (  753): SVinfo flag =2, svstatus size =660, numsvs =0
E/GPSenseEngine( 1667): ====>>>>cgdriver request:CGX_IOCTL_RESET ret = 0
E/GPSenseEngine( 1667): ====>>>>cgdriver request:CGX_IOCTL_READ_SYS_REG ret = -3
D/GPSenseEngine( 1667): FmRequestSnap[type:1][ChosenSnap:11]
E/GPSenseEngine( 1667): ====>>>>cgdriver request:CGX_IOCTL_PREPARE_RECEIVE ret = 0
D/WCND    (  200): is_cp2_alive_ok: open polling interface: /dev/spipe_wcn0, fd = 15
D/WCND    (  200): is_cp2_alive_ok: loop: /dev/spipe_wcn0 is OK
D/phoneserver(  205): Receive thread's TID [236] CHNMNG:readline pread= 0xb6f5b6d4,count=15
D/phoneserver(  205): Receive thread's TID [236] CHMNG:  receive data thread :mux=/dev/stty_w0:input:+CSQ: 18,99
D/phoneserver(  205): Receive thread's TID [236] MUX :/dev/stty_w0 Waiting for resp  
D/SignalStrengthUtilsSprd(  753): processLteLevel: empty method
D/BatteryMeterView(  847): TimerTask :run --level = 59
D/BatteryMeterView(  847): TimerTask :run --level = 59
D/BatteryMeterView(  847): handleMessage
D/BatteryMeterView(  847): handleMessage
D/BatteryMeterView(  847): TimerTask :run --level = 59
D/BatteryMeterView(  847): handleMessage
D/gralloc.sc8830(  183): fb_post fps = 0.994899
D/GPSenseEngine( 1667): EPH sow 301216:--AS:
D/GPSenseEngine( 1667): CheckState[status:2][bOff:0][Used:0]
D/LIBGPS  (  753): in RMC, fixStatus=V
D/LIBGPS  (  753): set SVINFO_GOT_SV_INFO_FLAG 
D/LIBGPS  (  753): SVinfo flag =2, svstatus size =660, numsvs =0
W/AlarmManagerService(  753): set alarm : 7346.277000000
W/AlarmManagerService(  753): set alarm : 7346.277000000
D/KeyguardUpdateMonitor(  847): received broadcast android.intent.action.TIME_TICK
D/KeyguardUpdateMonitor(  847): handleTimeUpdate
D/wanglei (  847): =======refresh=========
D/AlarmManager(  753): waitForAlarm result:8
D/AlarmManager(  753): triggerList.size = 1, hasWakeup = false
D/AlarmManager(  753): sending alarm.type = 3, action = android.intent.action.TIME_TICK, cn = null, operation = PendingIntent{2cd9b98b: PendingIntentRecord{3bbe8a68 android broadcastIntent}}
D/BroadcastQueue(  753): Add broadcastBroadcastRecord{3442e73 u-1 android.intent.action.TIME_TICK} into (foreground/order), now header = BroadcastRecord{3442e73 u-1 android.intent.action.TIME_TICK}, size = 1
D/AlarmManager(  753): setImpl() action = android.intent.action.TIME_TICK, component = null, type = 3, standalone=true, operation = PendingIntent{2cd9b98b: PendingIntentRecord{3bbe8a68 android broadcastIntent}} tElapsed=7357107, maxElapsed=7357107, interval=0, when = 1519213260000, triggerTime = 2018-02-21 17:11:00
D/wanglei (  847): Patterns.dateView=EEEE, MMMM d
E/GPSenseEngine( 1667): STC_NC
E/GPSenseEngine( 1667): RefreshSatellitesSnapDetect:
D/BroadcastQueue(  753): Finished with ordered broadcast BroadcastRecord{3442e73 u-1 android.intent.action.TIME_TICK}, [foreground], remain = 0
D/BatteryMeterView(  847): TimerTask :run --level = 79
D/BatteryMeterView(  847): TimerTask :run --level = 79
D/BatteryMeterView(  847): handleMessage
D/BatteryMeterView(  847): handleMessage
D/BatteryMeterView(  847): TimerTask :run --level = 79
D/BatteryMeterView(  847): handleMessage
D/GPSenseEngine( 1667): EPH sow 301217:--AS:
D/GPSenseEngine( 1667): CheckState[status:2][bOff:0][Used:0]
D/LIBGPS  (  753): in RMC, fixStatus=V
D/LIBGPS  (  753): set SVINFO_GOT_SV_INFO_FLAG 
D/LIBGPS  (  753): SVinfo flag =2, svstatus size =660, numsvs =0
E/GPSenseEngine( 1667): NcFix
D/wpa_supplicant(  846): wlan0: Control interface command 'SIGNAL_POLL'
D/BatteryMeterView(  847): TimerTask :run --level = 99
D/BatteryMeterView(  847): TimerTask :run --level = 99
D/BatteryMeterView(  847): handleMessage
D/BatteryMeterView(  847): handleMessage
D/BatteryMeterView(  847): TimerTask :run --level = 99
D/BatteryMeterView(  847): handleMessage
D/gralloc.sc8830(  183): fb_post fps = 2.005447
D/GPSenseEngine( 1667): EPH sow 301218:--AS:
D/GPSenseEngine( 1667): CheckState[status:2][bOff:0][Used:0]
D/LIBGPS  (  753): in RMC, fixStatus=V
D/LIBGPS  (  753): set SVINFO_GOT_SV_INFO_FLAG 
D/LIBGPS  (  753): SVinfo flag =2, svstatus size =660, numsvs =0
I/chromium( 1372): [INFO:CONSOLE(0)] "Application Cache Checking event", source: https://googleads.g.doubleclick.net/mads/static/mad/sdk/native/sdk-core-v40-loader.html (0)
I/art     ( 2240): WaitForGcToComplete blocked for 9.521ms for cause HomogeneousSpaceCompact
D/BatteryMeterView(  847): TimerTask :run --level = 39
D/BatteryMeterView(  847): handleMessage
D/BatteryMeterView(  847): TimerTask :run --level = 39
D/BatteryMeterView(  847): handleMessage
D/BatteryMeterView(  847): TimerTask :run --level = 39
D/BatteryMeterView(  847): handleMessage
D/gralloc.sc8830(  183): fb_post fps = 0.992488
D/GPSenseEngine( 1667): EPH sow 301219:--AS:
D/GPSenseEngine( 1667): CheckState[status:2][bOff:0][Used:0]
D/LIBGPS  (  753): in RMC, fixStatus=V
